[0.107s] DEBUG:colcon:Command line arguments: ['/usr/bin/colcon', 'build', '--packages-select', 'custom_command']
[0.107s] DEBUG:colcon:Parsed command line arguments: Namespace(log_base=None, log_level=None, verb_name='build', build_base='build', install_base='install', merge_install=False, symlink_install=False, test_result_base=None, continue_on_error=False, executor='parallel', parallel_workers=12, event_handlers=None, ignore_user_meta=False, metas=['./colcon.meta'], base_paths=['.'], packages_ignore=None, packages_ignore_regex=None, paths=None, packages_up_to=None, packages_up_to_regex=None, packages_above=None, packages_above_and_dependencies=None, packages_above_depth=None, packages_select_by_dep=None, packages_skip_by_dep=None, packages_skip_up_to=None, packages_select_build_failed=False, packages_skip_build_finished=False, packages_select_test_failures=False, packages_skip_test_passed=False, packages_select=['custom_command'], packages_skip=None, packages_select_regex=None, packages_skip_regex=None, packages_start=None, packages_end=None, allow_overriding=[], cmake_args=None, cmake_target=None, cmake_target_skip_unavailable=False, cmake_clean_cache=False, cmake_clean_first=False, cmake_force_configure=False, ament_cmake_args=None, catkin_cmake_args=None, catkin_skip_building_tests=False, mixin_files=None, mixin=None, verb_parser=<colcon_mixin.mixin.mixin_argument.MixinArgumentDecorator object at 0x7234e6c9c4c0>, verb_extension=<colcon_core.verb.build.BuildVerb object at 0x7234e6db13c0>, main=<bound method BuildVerb.main of <colcon_core.verb.build.BuildVerb object at 0x7234e6db13c0>>, mixin_verb=('build',))
[0.278s] Level 1:colcon.colcon_core.package_discovery:discover_packages(colcon_meta) check parameters
[0.278s] Level 1:colcon.colcon_core.package_discovery:discover_packages(recursive) check parameters
[0.278s] Level 1:colcon.colcon_core.package_discovery:discover_packages(ignore) check parameters
[0.278s] Level 1:colcon.colcon_core.package_discovery:discover_packages(path) check parameters
[0.278s] Level 1:colcon.colcon_core.package_discovery:discover_packages(colcon_meta) discover
[0.278s] Level 1:colcon.colcon_core.package_discovery:discover_packages(recursive) discover
[0.278s] INFO:colcon.colcon_core.package_discovery:Crawling recursively for packages in '/mnt/nvme1n1p6/PLCT/NAV2/nav2_sim'
[0.278s] Level 1:colcon.colcon_core.package_identification:_identify(.) by extensions ['ignore', 'ignore_ament_install']
[0.278s] Level 1:colcon.colcon_core.package_identification:_identify(.) by extension 'ignore'
[0.278s] Level 1:colcon.colcon_core.package_identification:_identify(.) by extension 'ignore_ament_install'
[0.278s] Level 1:colcon.colcon_core.package_identification:_identify(.) by extensions ['colcon_pkg']
[0.279s] Level 1:colcon.colcon_core.package_identification:_identify(.) by extension 'colcon_pkg'
[0.279s] Level 1:colcon.colcon_core.package_identification:_identify(.) by extensions ['colcon_meta']
[0.279s] Level 1:colcon.colcon_core.package_identification:_identify(.) by extension 'colcon_meta'
[0.279s] Level 1:colcon.colcon_core.package_identification:_identify(.) by extensions ['ros']
[0.279s] Level 1:colcon.colcon_core.package_identification:_identify(.) by extension 'ros'
[0.299s] Level 1:colcon.colcon_core.package_identification:_identify(.) by extensions ['cmake', 'python']
[0.299s] Level 1:colcon.colcon_core.package_identification:_identify(.) by extension 'cmake'
[0.299s] Level 1:colcon.colcon_core.package_identification:_identify(.) by extension 'python'
[0.299s] Level 1:colcon.colcon_core.package_identification:_identify(.) by extensions ['python_setup_py']
[0.299s] Level 1:colcon.colcon_core.package_identification:_identify(.) by extension 'python_setup_py'
[0.300s] Level 1:colcon.colcon_core.package_identification:_identify(build) by extensions ['ignore', 'ignore_ament_install']
[0.300s] Level 1:colcon.colcon_core.package_identification:_identify(build) by extension 'ignore'
[0.300s] Level 1:colcon.colcon_core.package_identification:_identify(build) ignored
[0.300s] Level 1:colcon.colcon_core.package_identification:_identify(install) by extensions ['ignore', 'ignore_ament_install']
[0.300s] Level 1:colcon.colcon_core.package_identification:_identify(install) by extension 'ignore'
[0.300s] Level 1:colcon.colcon_core.package_identification:_identify(install) ignored
[0.300s] Level 1:colcon.colcon_core.package_identification:_identify(log) by extensions ['ignore', 'ignore_ament_install']
[0.300s] Level 1:colcon.colcon_core.package_identification:_identify(log) by extension 'ignore'
[0.300s] Level 1:colcon.colcon_core.package_identification:_identify(log) ignored
[0.300s] Level 1:colcon.colcon_core.package_identification:_identify(src) by extensions ['ignore', 'ignore_ament_install']
[0.300s] Level 1:colcon.colcon_core.package_identification:_identify(src) by extension 'ignore'
[0.300s] Level 1:colcon.colcon_core.package_identification:_identify(src) by extension 'ignore_ament_install'
[0.300s] Level 1:colcon.colcon_core.package_identification:_identify(src) by extensions ['colcon_pkg']
[0.300s] Level 1:colcon.colcon_core.package_identification:_identify(src) by extension 'colcon_pkg'
[0.300s] Level 1:colcon.colcon_core.package_identification:_identify(src) by extensions ['colcon_meta']
[0.300s] Level 1:colcon.colcon_core.package_identification:_identify(src) by extension 'colcon_meta'
[0.300s] Level 1:colcon.colcon_core.package_identification:_identify(src) by extensions ['ros']
[0.300s] Level 1:colcon.colcon_core.package_identification:_identify(src) by extension 'ros'
[0.300s] Level 1:colcon.colcon_core.package_identification:_identify(src) by extensions ['cmake', 'python']
[0.301s] Level 1:colcon.colcon_core.package_identification:_identify(src) by extension 'cmake'
[0.301s] Level 1:colcon.colcon_core.package_identification:_identify(src) by extension 'python'
[0.301s] Level 1:colcon.colcon_core.package_identification:_identify(src) by extensions ['python_setup_py']
[0.301s] Level 1:colcon.colcon_core.package_identification:_identify(src) by extension 'python_setup_py'
[0.301s] Level 1:colcon.colcon_core.package_identification:_identify(src/ISCAS_ENV) by extensions ['ignore', 'ignore_ament_install']
[0.301s] Level 1:colcon.colcon_core.package_identification:_identify(src/ISCAS_ENV) by extension 'ignore'
[0.301s] Level 1:colcon.colcon_core.package_identification:_identify(src/ISCAS_ENV) by extension 'ignore_ament_install'
[0.301s] Level 1:colcon.colcon_core.package_identification:_identify(src/ISCAS_ENV) by extensions ['colcon_pkg']
[0.301s] Level 1:colcon.colcon_core.package_identification:_identify(src/ISCAS_ENV) by extension 'colcon_pkg'
[0.301s] Level 1:colcon.colcon_core.package_identification:_identify(src/ISCAS_ENV) by extensions ['colcon_meta']
[0.301s] Level 1:colcon.colcon_core.package_identification:_identify(src/ISCAS_ENV) by extension 'colcon_meta'
[0.301s] Level 1:colcon.colcon_core.package_identification:_identify(src/ISCAS_ENV) by extensions ['ros']
[0.301s] Level 1:colcon.colcon_core.package_identification:_identify(src/ISCAS_ENV) by extension 'ros'
[0.301s] Level 1:colcon.colcon_core.package_identification:_identify(src/ISCAS_ENV) by extensions ['cmake', 'python']
[0.301s] Level 1:colcon.colcon_core.package_identification:_identify(src/ISCAS_ENV) by extension 'cmake'
[0.301s] Level 1:colcon.colcon_core.package_identification:_identify(src/ISCAS_ENV) by extension 'python'
[0.301s] Level 1:colcon.colcon_core.package_identification:_identify(src/ISCAS_ENV) by extensions ['python_setup_py']
[0.301s] Level 1:colcon.colcon_core.package_identification:_identify(src/ISCAS_ENV) by extension 'python_setup_py'
[0.301s] Level 1:colcon.colcon_core.package_identification:_identify(src/ISCAS_ENV/models) by extensions ['ignore', 'ignore_ament_install']
[0.301s] Level 1:colcon.colcon_core.package_identification:_identify(src/ISCAS_ENV/models) by extension 'ignore'
[0.301s] Level 1:colcon.colcon_core.package_identification:_identify(src/ISCAS_ENV/models) by extension 'ignore_ament_install'
[0.301s] Level 1:colcon.colcon_core.package_identification:_identify(src/ISCAS_ENV/models) by extensions ['colcon_pkg']
[0.301s] Level 1:colcon.colcon_core.package_identification:_identify(src/ISCAS_ENV/models) by extension 'colcon_pkg'
[0.302s] Level 1:colcon.colcon_core.package_identification:_identify(src/ISCAS_ENV/models) by extensions ['colcon_meta']
[0.302s] Level 1:colcon.colcon_core.package_identification:_identify(src/ISCAS_ENV/models) by extension 'colcon_meta'
[0.302s] Level 1:colcon.colcon_core.package_identification:_identify(src/ISCAS_ENV/models) by extensions ['ros']
[0.302s] Level 1:colcon.colcon_core.package_identification:_identify(src/ISCAS_ENV/models) by extension 'ros'
[0.302s] Level 1:colcon.colcon_core.package_identification:_identify(src/ISCAS_ENV/models) by extensions ['cmake', 'python']
[0.302s] Level 1:colcon.colcon_core.package_identification:_identify(src/ISCAS_ENV/models) by extension 'cmake'
[0.302s] Level 1:colcon.colcon_core.package_identification:_identify(src/ISCAS_ENV/models) by extension 'python'
[0.302s] Level 1:colcon.colcon_core.package_identification:_identify(src/ISCAS_ENV/models) by extensions ['python_setup_py']
[0.302s] Level 1:colcon.colcon_core.package_identification:_identify(src/ISCAS_ENV/models) by extension 'python_setup_py'
[0.302s] Level 1:colcon.colcon_core.package_identification:_identify(src/ISCAS_ENV/models/ISCAS_Museum) by extensions ['ignore', 'ignore_ament_install']
[0.302s] Level 1:colcon.colcon_core.package_identification:_identify(src/ISCAS_ENV/models/ISCAS_Museum) by extension 'ignore'
[0.302s] Level 1:colcon.colcon_core.package_identification:_identify(src/ISCAS_ENV/models/ISCAS_Museum) by extension 'ignore_ament_install'
[0.302s] Level 1:colcon.colcon_core.package_identification:_identify(src/ISCAS_ENV/models/ISCAS_Museum) by extensions ['colcon_pkg']
[0.302s] Level 1:colcon.colcon_core.package_identification:_identify(src/ISCAS_ENV/models/ISCAS_Museum) by extension 'colcon_pkg'
[0.302s] Level 1:colcon.colcon_core.package_identification:_identify(src/ISCAS_ENV/models/ISCAS_Museum) by extensions ['colcon_meta']
[0.302s] Level 1:colcon.colcon_core.package_identification:_identify(src/ISCAS_ENV/models/ISCAS_Museum) by extension 'colcon_meta'
[0.302s] Level 1:colcon.colcon_core.package_identification:_identify(src/ISCAS_ENV/models/ISCAS_Museum) by extensions ['ros']
[0.302s] Level 1:colcon.colcon_core.package_identification:_identify(src/ISCAS_ENV/models/ISCAS_Museum) by extension 'ros'
[0.302s] Level 1:colcon.colcon_core.package_identification:_identify(src/ISCAS_ENV/models/ISCAS_Museum) by extensions ['cmake', 'python']
[0.302s] Level 1:colcon.colcon_core.package_identification:_identify(src/ISCAS_ENV/models/ISCAS_Museum) by extension 'cmake'
[0.302s] Level 1:colcon.colcon_core.package_identification:_identify(src/ISCAS_ENV/models/ISCAS_Museum) by extension 'python'
[0.302s] Level 1:colcon.colcon_core.package_identification:_identify(src/ISCAS_ENV/models/ISCAS_Museum) by extensions ['python_setup_py']
[0.302s] Level 1:colcon.colcon_core.package_identification:_identify(src/ISCAS_ENV/models/ISCAS_Museum) by extension 'python_setup_py'
[0.303s] Level 1:colcon.colcon_core.package_identification:_identify(src/ISCAS_ENV/models/ISCAS_Museum/meshes) by extensions ['ignore', 'ignore_ament_install']
[0.303s] Level 1:colcon.colcon_core.package_identification:_identify(src/ISCAS_ENV/models/ISCAS_Museum/meshes) by extension 'ignore'
[0.303s] Level 1:colcon.colcon_core.package_identification:_identify(src/ISCAS_ENV/models/ISCAS_Museum/meshes) by extension 'ignore_ament_install'
[0.303s] Level 1:colcon.colcon_core.package_identification:_identify(src/ISCAS_ENV/models/ISCAS_Museum/meshes) by extensions ['colcon_pkg']
[0.303s] Level 1:colcon.colcon_core.package_identification:_identify(src/ISCAS_ENV/models/ISCAS_Museum/meshes) by extension 'colcon_pkg'
[0.303s] Level 1:colcon.colcon_core.package_identification:_identify(src/ISCAS_ENV/models/ISCAS_Museum/meshes) by extensions ['colcon_meta']
[0.303s] Level 1:colcon.colcon_core.package_identification:_identify(src/ISCAS_ENV/models/ISCAS_Museum/meshes) by extension 'colcon_meta'
[0.303s] Level 1:colcon.colcon_core.package_identification:_identify(src/ISCAS_ENV/models/ISCAS_Museum/meshes) by extensions ['ros']
[0.303s] Level 1:colcon.colcon_core.package_identification:_identify(src/ISCAS_ENV/models/ISCAS_Museum/meshes) by extension 'ros'
[0.303s] Level 1:colcon.colcon_core.package_identification:_identify(src/ISCAS_ENV/models/ISCAS_Museum/meshes) by extensions ['cmake', 'python']
[0.303s] Level 1:colcon.colcon_core.package_identification:_identify(src/ISCAS_ENV/models/ISCAS_Museum/meshes) by extension 'cmake'
[0.303s] Level 1:colcon.colcon_core.package_identification:_identify(src/ISCAS_ENV/models/ISCAS_Museum/meshes) by extension 'python'
[0.303s] Level 1:colcon.colcon_core.package_identification:_identify(src/ISCAS_ENV/models/ISCAS_Museum/meshes) by extensions ['python_setup_py']
[0.303s] Level 1:colcon.colcon_core.package_identification:_identify(src/ISCAS_ENV/models/ISCAS_Museum/meshes) by extension 'python_setup_py'
[0.303s] Level 1:colcon.colcon_core.package_identification:_identify(src/ISCAS_ENV/models/ISCAS_groundplane) by extensions ['ignore', 'ignore_ament_install']
[0.303s] Level 1:colcon.colcon_core.package_identification:_identify(src/ISCAS_ENV/models/ISCAS_groundplane) by extension 'ignore'
[0.303s] Level 1:colcon.colcon_core.package_identification:_identify(src/ISCAS_ENV/models/ISCAS_groundplane) by extension 'ignore_ament_install'
[0.303s] Level 1:colcon.colcon_core.package_identification:_identify(src/ISCAS_ENV/models/ISCAS_groundplane) by extensions ['colcon_pkg']
[0.303s] Level 1:colcon.colcon_core.package_identification:_identify(src/ISCAS_ENV/models/ISCAS_groundplane) by extension 'colcon_pkg'
[0.303s] Level 1:colcon.colcon_core.package_identification:_identify(src/ISCAS_ENV/models/ISCAS_groundplane) by extensions ['colcon_meta']
[0.303s] Level 1:colcon.colcon_core.package_identification:_identify(src/ISCAS_ENV/models/ISCAS_groundplane) by extension 'colcon_meta'
[0.303s] Level 1:colcon.colcon_core.package_identification:_identify(src/ISCAS_ENV/models/ISCAS_groundplane) by extensions ['ros']
[0.303s] Level 1:colcon.colcon_core.package_identification:_identify(src/ISCAS_ENV/models/ISCAS_groundplane) by extension 'ros'
[0.304s] Level 1:colcon.colcon_core.package_identification:_identify(src/ISCAS_ENV/models/ISCAS_groundplane) by extensions ['cmake', 'python']
[0.304s] Level 1:colcon.colcon_core.package_identification:_identify(src/ISCAS_ENV/models/ISCAS_groundplane) by extension 'cmake'
[0.304s] Level 1:colcon.colcon_core.package_identification:_identify(src/ISCAS_ENV/models/ISCAS_groundplane) by extension 'python'
[0.304s] Level 1:colcon.colcon_core.package_identification:_identify(src/ISCAS_ENV/models/ISCAS_groundplane) by extensions ['python_setup_py']
[0.304s] Level 1:colcon.colcon_core.package_identification:_identify(src/ISCAS_ENV/models/ISCAS_groundplane) by extension 'python_setup_py'
[0.304s] Level 1:colcon.colcon_core.package_identification:_identify(src/ISCAS_ENV/models/ISCAS_groundplane/materials) by extensions ['ignore', 'ignore_ament_install']
[0.304s] Level 1:colcon.colcon_core.package_identification:_identify(src/ISCAS_ENV/models/ISCAS_groundplane/materials) by extension 'ignore'
[0.304s] Level 1:colcon.colcon_core.package_identification:_identify(src/ISCAS_ENV/models/ISCAS_groundplane/materials) by extension 'ignore_ament_install'
[0.304s] Level 1:colcon.colcon_core.package_identification:_identify(src/ISCAS_ENV/models/ISCAS_groundplane/materials) by extensions ['colcon_pkg']
[0.304s] Level 1:colcon.colcon_core.package_identification:_identify(src/ISCAS_ENV/models/ISCAS_groundplane/materials) by extension 'colcon_pkg'
[0.304s] Level 1:colcon.colcon_core.package_identification:_identify(src/ISCAS_ENV/models/ISCAS_groundplane/materials) by extensions ['colcon_meta']
[0.304s] Level 1:colcon.colcon_core.package_identification:_identify(src/ISCAS_ENV/models/ISCAS_groundplane/materials) by extension 'colcon_meta'
[0.304s] Level 1:colcon.colcon_core.package_identification:_identify(src/ISCAS_ENV/models/ISCAS_groundplane/materials) by extensions ['ros']
[0.304s] Level 1:colcon.colcon_core.package_identification:_identify(src/ISCAS_ENV/models/ISCAS_groundplane/materials) by extension 'ros'
[0.304s] Level 1:colcon.colcon_core.package_identification:_identify(src/ISCAS_ENV/models/ISCAS_groundplane/materials) by extensions ['cmake', 'python']
[0.304s] Level 1:colcon.colcon_core.package_identification:_identify(src/ISCAS_ENV/models/ISCAS_groundplane/materials) by extension 'cmake'
[0.304s] Level 1:colcon.colcon_core.package_identification:_identify(src/ISCAS_ENV/models/ISCAS_groundplane/materials) by extension 'python'
[0.304s] Level 1:colcon.colcon_core.package_identification:_identify(src/ISCAS_ENV/models/ISCAS_groundplane/materials) by extensions ['python_setup_py']
[0.304s] Level 1:colcon.colcon_core.package_identification:_identify(src/ISCAS_ENV/models/ISCAS_groundplane/materials) by extension 'python_setup_py'
[0.304s] Level 1:colcon.colcon_core.package_identification:_identify(src/ISCAS_ENV/models/ISCAS_groundplane/materials/scripts) by extensions ['ignore', 'ignore_ament_install']
[0.304s] Level 1:colcon.colcon_core.package_identification:_identify(src/ISCAS_ENV/models/ISCAS_groundplane/materials/scripts) by extension 'ignore'
[0.304s] Level 1:colcon.colcon_core.package_identification:_identify(src/ISCAS_ENV/models/ISCAS_groundplane/materials/scripts) by extension 'ignore_ament_install'
[0.305s] Level 1:colcon.colcon_core.package_identification:_identify(src/ISCAS_ENV/models/ISCAS_groundplane/materials/scripts) by extensions ['colcon_pkg']
[0.305s] Level 1:colcon.colcon_core.package_identification:_identify(src/ISCAS_ENV/models/ISCAS_groundplane/materials/scripts) by extension 'colcon_pkg'
[0.305s] Level 1:colcon.colcon_core.package_identification:_identify(src/ISCAS_ENV/models/ISCAS_groundplane/materials/scripts) by extensions ['colcon_meta']
[0.305s] Level 1:colcon.colcon_core.package_identification:_identify(src/ISCAS_ENV/models/ISCAS_groundplane/materials/scripts) by extension 'colcon_meta'
[0.305s] Level 1:colcon.colcon_core.package_identification:_identify(src/ISCAS_ENV/models/ISCAS_groundplane/materials/scripts) by extensions ['ros']
[0.305s] Level 1:colcon.colcon_core.package_identification:_identify(src/ISCAS_ENV/models/ISCAS_groundplane/materials/scripts) by extension 'ros'
[0.305s] Level 1:colcon.colcon_core.package_identification:_identify(src/ISCAS_ENV/models/ISCAS_groundplane/materials/scripts) by extensions ['cmake', 'python']
[0.305s] Level 1:colcon.colcon_core.package_identification:_identify(src/ISCAS_ENV/models/ISCAS_groundplane/materials/scripts) by extension 'cmake'
[0.305s] Level 1:colcon.colcon_core.package_identification:_identify(src/ISCAS_ENV/models/ISCAS_groundplane/materials/scripts) by extension 'python'
[0.305s] Level 1:colcon.colcon_core.package_identification:_identify(src/ISCAS_ENV/models/ISCAS_groundplane/materials/scripts) by extensions ['python_setup_py']
[0.305s] Level 1:colcon.colcon_core.package_identification:_identify(src/ISCAS_ENV/models/ISCAS_groundplane/materials/scripts) by extension 'python_setup_py'
[0.305s] Level 1:colcon.colcon_core.package_identification:_identify(src/ISCAS_ENV/models/ISCAS_groundplane/materials/textures) by extensions ['ignore', 'ignore_ament_install']
[0.305s] Level 1:colcon.colcon_core.package_identification:_identify(src/ISCAS_ENV/models/ISCAS_groundplane/materials/textures) by extension 'ignore'
[0.305s] Level 1:colcon.colcon_core.package_identification:_identify(src/ISCAS_ENV/models/ISCAS_groundplane/materials/textures) by extension 'ignore_ament_install'
[0.305s] Level 1:colcon.colcon_core.package_identification:_identify(src/ISCAS_ENV/models/ISCAS_groundplane/materials/textures) by extensions ['colcon_pkg']
[0.305s] Level 1:colcon.colcon_core.package_identification:_identify(src/ISCAS_ENV/models/ISCAS_groundplane/materials/textures) by extension 'colcon_pkg'
[0.305s] Level 1:colcon.colcon_core.package_identification:_identify(src/ISCAS_ENV/models/ISCAS_groundplane/materials/textures) by extensions ['colcon_meta']
[0.305s] Level 1:colcon.colcon_core.package_identification:_identify(src/ISCAS_ENV/models/ISCAS_groundplane/materials/textures) by extension 'colcon_meta'
[0.305s] Level 1:colcon.colcon_core.package_identification:_identify(src/ISCAS_ENV/models/ISCAS_groundplane/materials/textures) by extensions ['ros']
[0.305s] Level 1:colcon.colcon_core.package_identification:_identify(src/ISCAS_ENV/models/ISCAS_groundplane/materials/textures) by extension 'ros'
[0.305s] Level 1:colcon.colcon_core.package_identification:_identify(src/ISCAS_ENV/models/ISCAS_groundplane/materials/textures) by extensions ['cmake', 'python']
[0.305s] Level 1:colcon.colcon_core.package_identification:_identify(src/ISCAS_ENV/models/ISCAS_groundplane/materials/textures) by extension 'cmake'
[0.305s] Level 1:colcon.colcon_core.package_identification:_identify(src/ISCAS_ENV/models/ISCAS_groundplane/materials/textures) by extension 'python'
[0.305s] Level 1:colcon.colcon_core.package_identification:_identify(src/ISCAS_ENV/models/ISCAS_groundplane/materials/textures) by extensions ['python_setup_py']
[0.306s] Level 1:colcon.colcon_core.package_identification:_identify(src/ISCAS_ENV/models/ISCAS_groundplane/materials/textures) by extension 'python_setup_py'
[0.306s] Level 1:colcon.colcon_core.package_identification:_identify(src/ISCAS_ENV/models/ISCAS_post) by extensions ['ignore', 'ignore_ament_install']
[0.306s] Level 1:colcon.colcon_core.package_identification:_identify(src/ISCAS_ENV/models/ISCAS_post) by extension 'ignore'
[0.306s] Level 1:colcon.colcon_core.package_identification:_identify(src/ISCAS_ENV/models/ISCAS_post) by extension 'ignore_ament_install'
[0.306s] Level 1:colcon.colcon_core.package_identification:_identify(src/ISCAS_ENV/models/ISCAS_post) by extensions ['colcon_pkg']
[0.306s] Level 1:colcon.colcon_core.package_identification:_identify(src/ISCAS_ENV/models/ISCAS_post) by extension 'colcon_pkg'
[0.306s] Level 1:colcon.colcon_core.package_identification:_identify(src/ISCAS_ENV/models/ISCAS_post) by extensions ['colcon_meta']
[0.306s] Level 1:colcon.colcon_core.package_identification:_identify(src/ISCAS_ENV/models/ISCAS_post) by extension 'colcon_meta'
[0.306s] Level 1:colcon.colcon_core.package_identification:_identify(src/ISCAS_ENV/models/ISCAS_post) by extensions ['ros']
[0.306s] Level 1:colcon.colcon_core.package_identification:_identify(src/ISCAS_ENV/models/ISCAS_post) by extension 'ros'
[0.306s] Level 1:colcon.colcon_core.package_identification:_identify(src/ISCAS_ENV/models/ISCAS_post) by extensions ['cmake', 'python']
[0.306s] Level 1:colcon.colcon_core.package_identification:_identify(src/ISCAS_ENV/models/ISCAS_post) by extension 'cmake'
[0.306s] Level 1:colcon.colcon_core.package_identification:_identify(src/ISCAS_ENV/models/ISCAS_post) by extension 'python'
[0.306s] Level 1:colcon.colcon_core.package_identification:_identify(src/ISCAS_ENV/models/ISCAS_post) by extensions ['python_setup_py']
[0.306s] Level 1:colcon.colcon_core.package_identification:_identify(src/ISCAS_ENV/models/ISCAS_post) by extension 'python_setup_py'
[0.306s] Level 1:colcon.colcon_core.package_identification:_identify(src/ISCAS_ENV/models/ISCAS_post/meshes) by extensions ['ignore', 'ignore_ament_install']
[0.306s] Level 1:colcon.colcon_core.package_identification:_identify(src/ISCAS_ENV/models/ISCAS_post/meshes) by extension 'ignore'
[0.306s] Level 1:colcon.colcon_core.package_identification:_identify(src/ISCAS_ENV/models/ISCAS_post/meshes) by extension 'ignore_ament_install'
[0.306s] Level 1:colcon.colcon_core.package_identification:_identify(src/ISCAS_ENV/models/ISCAS_post/meshes) by extensions ['colcon_pkg']
[0.306s] Level 1:colcon.colcon_core.package_identification:_identify(src/ISCAS_ENV/models/ISCAS_post/meshes) by extension 'colcon_pkg'
[0.306s] Level 1:colcon.colcon_core.package_identification:_identify(src/ISCAS_ENV/models/ISCAS_post/meshes) by extensions ['colcon_meta']
[0.306s] Level 1:colcon.colcon_core.package_identification:_identify(src/ISCAS_ENV/models/ISCAS_post/meshes) by extension 'colcon_meta'
[0.307s] Level 1:colcon.colcon_core.package_identification:_identify(src/ISCAS_ENV/models/ISCAS_post/meshes) by extensions ['ros']
[0.307s] Level 1:colcon.colcon_core.package_identification:_identify(src/ISCAS_ENV/models/ISCAS_post/meshes) by extension 'ros'
[0.307s] Level 1:colcon.colcon_core.package_identification:_identify(src/ISCAS_ENV/models/ISCAS_post/meshes) by extensions ['cmake', 'python']
[0.307s] Level 1:colcon.colcon_core.package_identification:_identify(src/ISCAS_ENV/models/ISCAS_post/meshes) by extension 'cmake'
[0.307s] Level 1:colcon.colcon_core.package_identification:_identify(src/ISCAS_ENV/models/ISCAS_post/meshes) by extension 'python'
[0.307s] Level 1:colcon.colcon_core.package_identification:_identify(src/ISCAS_ENV/models/ISCAS_post/meshes) by extensions ['python_setup_py']
[0.307s] Level 1:colcon.colcon_core.package_identification:_identify(src/ISCAS_ENV/models/ISCAS_post/meshes) by extension 'python_setup_py'
[0.307s] Level 1:colcon.colcon_core.package_identification:_identify(src/custom_command) by extensions ['ignore', 'ignore_ament_install']
[0.307s] Level 1:colcon.colcon_core.package_identification:_identify(src/custom_command) by extension 'ignore'
[0.307s] Level 1:colcon.colcon_core.package_identification:_identify(src/custom_command) by extension 'ignore_ament_install'
[0.307s] Level 1:colcon.colcon_core.package_identification:_identify(src/custom_command) by extensions ['colcon_pkg']
[0.307s] Level 1:colcon.colcon_core.package_identification:_identify(src/custom_command) by extension 'colcon_pkg'
[0.307s] Level 1:colcon.colcon_core.package_identification:_identify(src/custom_command) by extensions ['colcon_meta']
[0.307s] Level 1:colcon.colcon_core.package_identification:_identify(src/custom_command) by extension 'colcon_meta'
[0.307s] Level 1:colcon.colcon_core.package_identification:_identify(src/custom_command) by extensions ['ros']
[0.307s] Level 1:colcon.colcon_core.package_identification:_identify(src/custom_command) by extension 'ros'
[0.309s] DEBUG:colcon.colcon_core.package_identification:Package 'src/custom_command' with type 'ros.ament_cmake' and name 'custom_command'
[0.309s] Level 1:colcon.colcon_core.package_identification:_identify(src/robot_await) by extensions ['ignore', 'ignore_ament_install']
[0.309s] Level 1:colcon.colcon_core.package_identification:_identify(src/robot_await) by extension 'ignore'
[0.310s] Level 1:colcon.colcon_core.package_identification:_identify(src/robot_await) by extension 'ignore_ament_install'
[0.310s] Level 1:colcon.colcon_core.package_identification:_identify(src/robot_await) by extensions ['colcon_pkg']
[0.310s] Level 1:colcon.colcon_core.package_identification:_identify(src/robot_await) by extension 'colcon_pkg'
[0.310s] Level 1:colcon.colcon_core.package_identification:_identify(src/robot_await) by extensions ['colcon_meta']
[0.310s] Level 1:colcon.colcon_core.package_identification:_identify(src/robot_await) by extension 'colcon_meta'
[0.310s] Level 1:colcon.colcon_core.package_identification:_identify(src/robot_await) by extensions ['ros']
[0.310s] Level 1:colcon.colcon_core.package_identification:_identify(src/robot_await) by extension 'ros'
[0.310s] DEBUG:colcon.colcon_core.package_identification:Package 'src/robot_await' with type 'ros.ament_cmake' and name 'robot_await'
[0.310s] Level 1:colcon.colcon_core.package_identification:_identify(src/robot_control) by extensions ['ignore', 'ignore_ament_install']
[0.311s] Level 1:colcon.colcon_core.package_identification:_identify(src/robot_control) by extension 'ignore'
[0.311s] Level 1:colcon.colcon_core.package_identification:_identify(src/robot_control) by extension 'ignore_ament_install'
[0.311s] Level 1:colcon.colcon_core.package_identification:_identify(src/robot_control) by extensions ['colcon_pkg']
[0.311s] Level 1:colcon.colcon_core.package_identification:_identify(src/robot_control) by extension 'colcon_pkg'
[0.311s] Level 1:colcon.colcon_core.package_identification:_identify(src/robot_control) by extensions ['colcon_meta']
[0.311s] Level 1:colcon.colcon_core.package_identification:_identify(src/robot_control) by extension 'colcon_meta'
[0.311s] Level 1:colcon.colcon_core.package_identification:_identify(src/robot_control) by extensions ['ros']
[0.311s] Level 1:colcon.colcon_core.package_identification:_identify(src/robot_control) by extension 'ros'
[0.311s] DEBUG:colcon.colcon_core.package_identification:Package 'src/robot_control' with type 'ros.ament_cmake' and name 'robot_control'
[0.311s] Level 1:colcon.colcon_core.package_identification:_identify(src/robot_description) by extensions ['ignore', 'ignore_ament_install']
[0.311s] Level 1:colcon.colcon_core.package_identification:_identify(src/robot_description) by extension 'ignore'
[0.312s] Level 1:colcon.colcon_core.package_identification:_identify(src/robot_description) by extension 'ignore_ament_install'
[0.312s] Level 1:colcon.colcon_core.package_identification:_identify(src/robot_description) by extensions ['colcon_pkg']
[0.312s] Level 1:colcon.colcon_core.package_identification:_identify(src/robot_description) by extension 'colcon_pkg'
[0.312s] Level 1:colcon.colcon_core.package_identification:_identify(src/robot_description) by extensions ['colcon_meta']
[0.312s] Level 1:colcon.colcon_core.package_identification:_identify(src/robot_description) by extension 'colcon_meta'
[0.312s] Level 1:colcon.colcon_core.package_identification:_identify(src/robot_description) by extensions ['ros']
[0.312s] Level 1:colcon.colcon_core.package_identification:_identify(src/robot_description) by extension 'ros'
[0.312s] DEBUG:colcon.colcon_core.package_identification:Package 'src/robot_description' with type 'ros.ament_cmake' and name 'robot_description'
[0.312s] Level 1:colcon.colcon_core.package_identification:_identify(src/robot_environment) by extensions ['ignore', 'ignore_ament_install']
[0.312s] Level 1:colcon.colcon_core.package_identification:_identify(src/robot_environment) by extension 'ignore'
[0.312s] Level 1:colcon.colcon_core.package_identification:_identify(src/robot_environment) by extension 'ignore_ament_install'
[0.313s] Level 1:colcon.colcon_core.package_identification:_identify(src/robot_environment) by extensions ['colcon_pkg']
[0.313s] Level 1:colcon.colcon_core.package_identification:_identify(src/robot_environment) by extension 'colcon_pkg'
[0.313s] Level 1:colcon.colcon_core.package_identification:_identify(src/robot_environment) by extensions ['colcon_meta']
[0.313s] Level 1:colcon.colcon_core.package_identification:_identify(src/robot_environment) by extension 'colcon_meta'
[0.313s] Level 1:colcon.colcon_core.package_identification:_identify(src/robot_environment) by extensions ['ros']
[0.313s] Level 1:colcon.colcon_core.package_identification:_identify(src/robot_environment) by extension 'ros'
[0.313s] DEBUG:colcon.colcon_core.package_identification:Package 'src/robot_environment' with type 'ros.ament_cmake' and name 'robot_environment'
[0.313s] Level 1:colcon.colcon_core.package_identification:_identify(src/robot_navigation) by extensions ['ignore', 'ignore_ament_install']
[0.313s] Level 1:colcon.colcon_core.package_identification:_identify(src/robot_navigation) by extension 'ignore'
[0.313s] Level 1:colcon.colcon_core.package_identification:_identify(src/robot_navigation) by extension 'ignore_ament_install'
[0.313s] Level 1:colcon.colcon_core.package_identification:_identify(src/robot_navigation) by extensions ['colcon_pkg']
[0.313s] Level 1:colcon.colcon_core.package_identification:_identify(src/robot_navigation) by extension 'colcon_pkg'
[0.313s] Level 1:colcon.colcon_core.package_identification:_identify(src/robot_navigation) by extensions ['colcon_meta']
[0.313s] Level 1:colcon.colcon_core.package_identification:_identify(src/robot_navigation) by extension 'colcon_meta'
[0.313s] Level 1:colcon.colcon_core.package_identification:_identify(src/robot_navigation) by extensions ['ros']
[0.314s] Level 1:colcon.colcon_core.package_identification:_identify(src/robot_navigation) by extension 'ros'
[0.314s] DEBUG:colcon.colcon_core.package_identification:Package 'src/robot_navigation' with type 'ros.ament_cmake' and name 'robot_navigation'
[0.314s] Level 1:colcon.colcon_core.package_identification:_identify(src/robot_slam) by extensions ['ignore', 'ignore_ament_install']
[0.314s] Level 1:colcon.colcon_core.package_identification:_identify(src/robot_slam) by extension 'ignore'
[0.314s] Level 1:colcon.colcon_core.package_identification:_identify(src/robot_slam) by extension 'ignore_ament_install'
[0.314s] Level 1:colcon.colcon_core.package_identification:_identify(src/robot_slam) by extensions ['colcon_pkg']
[0.314s] Level 1:colcon.colcon_core.package_identification:_identify(src/robot_slam) by extension 'colcon_pkg'
[0.314s] Level 1:colcon.colcon_core.package_identification:_identify(src/robot_slam) by extensions ['colcon_meta']
[0.314s] Level 1:colcon.colcon_core.package_identification:_identify(src/robot_slam) by extension 'colcon_meta'
[0.315s] Level 1:colcon.colcon_core.package_identification:_identify(src/robot_slam) by extensions ['ros']
[0.315s] Level 1:colcon.colcon_core.package_identification:_identify(src/robot_slam) by extension 'ros'
[0.315s] DEBUG:colcon.colcon_core.package_identification:Package 'src/robot_slam' with type 'ros.ament_cmake' and name 'robot_slam'
[0.315s] Level 1:colcon.colcon_core.package_discovery:discover_packages(recursive) using defaults
[0.315s] Level 1:colcon.colcon_core.package_discovery:discover_packages(ignore) discover
[0.315s] Level 1:colcon.colcon_core.package_discovery:discover_packages(ignore) using defaults
[0.315s] Level 1:colcon.colcon_core.package_discovery:discover_packages(path) discover
[0.315s] Level 1:colcon.colcon_core.package_discovery:discover_packages(path) using defaults
[0.333s] INFO:colcon.colcon_core.package_selection:Skipping not selected package 'robot_await' in 'src/robot_await'
[0.333s] INFO:colcon.colcon_core.package_selection:Skipping not selected package 'robot_control' in 'src/robot_control'
[0.333s] INFO:colcon.colcon_core.package_selection:Skipping not selected package 'robot_description' in 'src/robot_description'
[0.333s] INFO:colcon.colcon_core.package_selection:Skipping not selected package 'robot_environment' in 'src/robot_environment'
[0.333s] INFO:colcon.colcon_core.package_selection:Skipping not selected package 'robot_navigation' in 'src/robot_navigation'
[0.333s] INFO:colcon.colcon_core.package_selection:Skipping not selected package 'robot_slam' in 'src/robot_slam'
[0.333s] Level 1:colcon.colcon_core.package_discovery:discover_packages(prefix_path) check parameters
[0.333s] Level 1:colcon.colcon_core.package_discovery:discover_packages(prefix_path) discover
[0.334s] WARNING:colcon.colcon_ros.prefix_path.ament:The path '/mnt/nvme1n1p6/PLCT/NAV2/nav2_sim/install/custom_command' in the environment variable AMENT_PREFIX_PATH doesn't exist
[0.335s] WARNING:colcon.colcon_ros.prefix_path.catkin:The path '/mnt/nvme1n1p6/PLCT/NAV2/nav2_sim/install/custom_command' in the environment variable CMAKE_PREFIX_PATH doesn't exist
[0.336s] DEBUG:colcon.colcon_installed_package_information.package_discovery:Found 4 installed packages in /mnt/nvme1n1p6/PLCT/NAV2/nav2_sim/install
[0.337s] DEBUG:colcon.colcon_installed_package_information.package_discovery:Found 15 installed packages in /home/kunama/PLCT/NAV2/yahboom_src_code/slam_ws_src/install
[0.338s] DEBUG:colcon.colcon_installed_package_information.package_discovery:Found 423 installed packages in /opt/ros/humble
[0.341s] Level 1:colcon.colcon_core.package_discovery:discover_packages(prefix_path) using defaults
[0.387s] Level 5:colcon.colcon_core.verb:set package 'custom_command' build argument 'cmake_args' from command line to 'None'
[0.388s] Level 5:colcon.colcon_core.verb:set package 'custom_command' build argument 'cmake_target' from command line to 'None'
[0.388s] Level 5:colcon.colcon_core.verb:set package 'custom_command' build argument 'cmake_target_skip_unavailable' from command line to 'False'
[0.388s] Level 5:colcon.colcon_core.verb:set package 'custom_command' build argument 'cmake_clean_cache' from command line to 'False'
[0.388s] Level 5:colcon.colcon_core.verb:set package 'custom_command' build argument 'cmake_clean_first' from command line to 'False'
[0.388s] Level 5:colcon.colcon_core.verb:set package 'custom_command' build argument 'cmake_force_configure' from command line to 'False'
[0.388s] Level 5:colcon.colcon_core.verb:set package 'custom_command' build argument 'ament_cmake_args' from command line to 'None'
[0.388s] Level 5:colcon.colcon_core.verb:set package 'custom_command' build argument 'catkin_cmake_args' from command line to 'None'
[0.388s] Level 5:colcon.colcon_core.verb:set package 'custom_command' build argument 'catkin_skip_building_tests' from command line to 'False'
[0.388s] DEBUG:colcon.colcon_core.verb:Building package 'custom_command' with the following arguments: {'ament_cmake_args': None, 'build_base': '/mnt/nvme1n1p6/PLCT/NAV2/nav2_sim/build/custom_command', 'catkin_cmake_args': None, 'catkin_skip_building_tests': False, 'cmake_args': None, 'cmake_clean_cache': False, 'cmake_clean_first': False, 'cmake_force_configure': False, 'cmake_target': None, 'cmake_target_skip_unavailable': False, 'install_base': '/mnt/nvme1n1p6/PLCT/NAV2/nav2_sim/install/custom_command', 'merge_install': False, 'path': '/mnt/nvme1n1p6/PLCT/NAV2/nav2_sim/src/custom_command', 'symlink_install': False, 'test_result_base': None}
[0.388s] INFO:colcon.colcon_core.executor:Executing jobs using 'parallel' executor
[0.389s] DEBUG:colcon.colcon_parallel_executor.executor.parallel:run_until_complete
[0.389s] INFO:colcon.colcon_ros.task.ament_cmake.build:Building ROS package in '/mnt/nvme1n1p6/PLCT/NAV2/nav2_sim/src/custom_command' with build type 'ament_cmake'
[0.389s] INFO:colcon.colcon_cmake.task.cmake.build:Building CMake package in '/mnt/nvme1n1p6/PLCT/NAV2/nav2_sim/src/custom_command'
[0.391s] INFO:colcon.colcon_core.plugin_system:Skipping extension 'colcon_core.shell.bat': Not used on non-Windows systems
[0.391s] INFO:colcon.colcon_core.shell:Skip shell extension 'powershell' for command environment: Not usable outside of PowerShell
[0.391s] DEBUG:colcon.colcon_core.shell:Skip shell extension 'dsv' for command environment
[0.408s] DEBUG:colcon.colcon_core.event_handler.log_command:Invoking command in '/mnt/nvme1n1p6/PLCT/NAV2/nav2_sim/build/custom_command': CMAKE_PREFIX_PATH=${CMAKE_PREFIX_PATH}:/home/kunama/PLCT/NAV2/yahboom_src_code/slam_ws_src/install/yahboomcar_nav:/home/kunama/PLCT/NAV2/yahboom_src_code/slam_ws_src/install/yahboomcar_description:/home/kunama/PLCT/NAV2/yahboom_src_code/slam_ws_src/install/yahboomcar_ctrl:/home/kunama/PLCT/NAV2/yahboom_src_code/slam_ws_src/install/yahboomcar_bringup:/home/kunama/PLCT/NAV2/yahboom_src_code/slam_ws_src/install/yahboom_app_save_map:/home/kunama/PLCT/NAV2/yahboom_src_code/slam_ws_src/install/laserscan_to_point_publisher:/opt/ros/humble /usr/bin/cmake /mnt/nvme1n1p6/PLCT/NAV2/nav2_sim/src/custom_command -DCMAKE_INSTALL_PREFIX=/mnt/nvme1n1p6/PLCT/NAV2/nav2_sim/install/custom_command
[1.617s] DEBUG:colcon.colcon_core.event_handler.log_command:Invoked command in '/mnt/nvme1n1p6/PLCT/NAV2/nav2_sim/build/custom_command' returned '0': CMAKE_PREFIX_PATH=${CMAKE_PREFIX_PATH}:/home/kunama/PLCT/NAV2/yahboom_src_code/slam_ws_src/install/yahboomcar_nav:/home/kunama/PLCT/NAV2/yahboom_src_code/slam_ws_src/install/yahboomcar_description:/home/kunama/PLCT/NAV2/yahboom_src_code/slam_ws_src/install/yahboomcar_ctrl:/home/kunama/PLCT/NAV2/yahboom_src_code/slam_ws_src/install/yahboomcar_bringup:/home/kunama/PLCT/NAV2/yahboom_src_code/slam_ws_src/install/yahboom_app_save_map:/home/kunama/PLCT/NAV2/yahboom_src_code/slam_ws_src/install/laserscan_to_point_publisher:/opt/ros/humble /usr/bin/cmake /mnt/nvme1n1p6/PLCT/NAV2/nav2_sim/src/custom_command -DCMAKE_INSTALL_PREFIX=/mnt/nvme1n1p6/PLCT/NAV2/nav2_sim/install/custom_command
[1.620s] DEBUG:colcon.colcon_core.event_handler.log_command:Invoking command in '/mnt/nvme1n1p6/PLCT/NAV2/nav2_sim/build/custom_command': CMAKE_PREFIX_PATH=${CMAKE_PREFIX_PATH}:/home/kunama/PLCT/NAV2/yahboom_src_code/slam_ws_src/install/yahboomcar_nav:/home/kunama/PLCT/NAV2/yahboom_src_code/slam_ws_src/install/yahboomcar_description:/home/kunama/PLCT/NAV2/yahboom_src_code/slam_ws_src/install/yahboomcar_ctrl:/home/kunama/PLCT/NAV2/yahboom_src_code/slam_ws_src/install/yahboomcar_bringup:/home/kunama/PLCT/NAV2/yahboom_src_code/slam_ws_src/install/yahboom_app_save_map:/home/kunama/PLCT/NAV2/yahboom_src_code/slam_ws_src/install/laserscan_to_point_publisher:/opt/ros/humble /usr/bin/cmake --build /mnt/nvme1n1p6/PLCT/NAV2/nav2_sim/build/custom_command -- -j12 -l12
[2.001s] DEBUG:colcon.colcon_core.event_handler.log_command:Invoked command in '/mnt/nvme1n1p6/PLCT/NAV2/nav2_sim/build/custom_command' returned '0': CMAKE_PREFIX_PATH=${CMAKE_PREFIX_PATH}:/home/kunama/PLCT/NAV2/yahboom_src_code/slam_ws_src/install/yahboomcar_nav:/home/kunama/PLCT/NAV2/yahboom_src_code/slam_ws_src/install/yahboomcar_description:/home/kunama/PLCT/NAV2/yahboom_src_code/slam_ws_src/install/yahboomcar_ctrl:/home/kunama/PLCT/NAV2/yahboom_src_code/slam_ws_src/install/yahboomcar_bringup:/home/kunama/PLCT/NAV2/yahboom_src_code/slam_ws_src/install/yahboom_app_save_map:/home/kunama/PLCT/NAV2/yahboom_src_code/slam_ws_src/install/laserscan_to_point_publisher:/opt/ros/humble /usr/bin/cmake --build /mnt/nvme1n1p6/PLCT/NAV2/nav2_sim/build/custom_command -- -j12 -l12
[2.024s] DEBUG:colcon.colcon_core.event_handler.log_command:Invoking command in '/mnt/nvme1n1p6/PLCT/NAV2/nav2_sim/build/custom_command': CMAKE_PREFIX_PATH=${CMAKE_PREFIX_PATH}:/home/kunama/PLCT/NAV2/yahboom_src_code/slam_ws_src/install/yahboomcar_nav:/home/kunama/PLCT/NAV2/yahboom_src_code/slam_ws_src/install/yahboomcar_description:/home/kunama/PLCT/NAV2/yahboom_src_code/slam_ws_src/install/yahboomcar_ctrl:/home/kunama/PLCT/NAV2/yahboom_src_code/slam_ws_src/install/yahboomcar_bringup:/home/kunama/PLCT/NAV2/yahboom_src_code/slam_ws_src/install/yahboom_app_save_map:/home/kunama/PLCT/NAV2/yahboom_src_code/slam_ws_src/install/laserscan_to_point_publisher:/opt/ros/humble /usr/bin/cmake --install /mnt/nvme1n1p6/PLCT/NAV2/nav2_sim/build/custom_command
[2.987s] Level 1:colcon.colcon_core.environment:create_environment_scripts_only(custom_command)
[2.989s] DEBUG:colcon.colcon_core.event_handler.log_command:Invoked command in '/mnt/nvme1n1p6/PLCT/NAV2/nav2_sim/build/custom_command' returned '0': CMAKE_PREFIX_PATH=${CMAKE_PREFIX_PATH}:/home/kunama/PLCT/NAV2/yahboom_src_code/slam_ws_src/install/yahboomcar_nav:/home/kunama/PLCT/NAV2/yahboom_src_code/slam_ws_src/install/yahboomcar_description:/home/kunama/PLCT/NAV2/yahboom_src_code/slam_ws_src/install/yahboomcar_ctrl:/home/kunama/PLCT/NAV2/yahboom_src_code/slam_ws_src/install/yahboomcar_bringup:/home/kunama/PLCT/NAV2/yahboom_src_code/slam_ws_src/install/yahboom_app_save_map:/home/kunama/PLCT/NAV2/yahboom_src_code/slam_ws_src/install/laserscan_to_point_publisher:/opt/ros/humble /usr/bin/cmake --install /mnt/nvme1n1p6/PLCT/NAV2/nav2_sim/build/custom_command
[2.992s] Level 1:colcon.colcon_core.environment:checking '/mnt/nvme1n1p6/PLCT/NAV2/nav2_sim/install/custom_command' for CMake module files
[2.992s] Level 1:colcon.colcon_core.environment:checking '/mnt/nvme1n1p6/PLCT/NAV2/nav2_sim/install/custom_command' for CMake config files
[2.993s] Level 1:colcon.colcon_core.shell:create_environment_hook('custom_command', 'cmake_prefix_path')
[2.993s] INFO:colcon.colcon_core.shell:Creating environment hook '/mnt/nvme1n1p6/PLCT/NAV2/nav2_sim/install/custom_command/share/custom_command/hook/cmake_prefix_path.ps1'
[2.993s] INFO:colcon.colcon_core.shell:Creating environment descriptor '/mnt/nvme1n1p6/PLCT/NAV2/nav2_sim/install/custom_command/share/custom_command/hook/cmake_prefix_path.dsv'
[2.994s] INFO:colcon.colcon_core.shell:Creating environment hook '/mnt/nvme1n1p6/PLCT/NAV2/nav2_sim/install/custom_command/share/custom_command/hook/cmake_prefix_path.sh'
[2.995s] Level 1:colcon.colcon_core.environment:checking '/mnt/nvme1n1p6/PLCT/NAV2/nav2_sim/install/custom_command/lib'
[2.995s] Level 1:colcon.colcon_core.shell:create_environment_hook('custom_command', 'ld_library_path_lib')
[2.995s] INFO:colcon.colcon_core.shell:Creating environment hook '/mnt/nvme1n1p6/PLCT/NAV2/nav2_sim/install/custom_command/share/custom_command/hook/ld_library_path_lib.ps1'
[2.996s] INFO:colcon.colcon_core.shell:Creating environment descriptor '/mnt/nvme1n1p6/PLCT/NAV2/nav2_sim/install/custom_command/share/custom_command/hook/ld_library_path_lib.dsv'
[2.996s] INFO:colcon.colcon_core.shell:Creating environment hook '/mnt/nvme1n1p6/PLCT/NAV2/nav2_sim/install/custom_command/share/custom_command/hook/ld_library_path_lib.sh'
[2.996s] Level 1:colcon.colcon_core.environment:checking '/mnt/nvme1n1p6/PLCT/NAV2/nav2_sim/install/custom_command/bin'
[2.996s] Level 1:colcon.colcon_core.environment:checking '/mnt/nvme1n1p6/PLCT/NAV2/nav2_sim/install/custom_command/lib/pkgconfig/custom_command.pc'
[2.996s] Level 1:colcon.colcon_core.environment:checking '/mnt/nvme1n1p6/PLCT/NAV2/nav2_sim/install/custom_command/lib/python3.10/site-packages'
[2.997s] Level 1:colcon.colcon_core.environment:checking '/mnt/nvme1n1p6/PLCT/NAV2/nav2_sim/install/custom_command/bin'
[2.997s] INFO:colcon.colcon_core.shell:Creating package script '/mnt/nvme1n1p6/PLCT/NAV2/nav2_sim/install/custom_command/share/custom_command/package.ps1'
[2.998s] INFO:colcon.colcon_core.shell:Creating package descriptor '/mnt/nvme1n1p6/PLCT/NAV2/nav2_sim/install/custom_command/share/custom_command/package.dsv'
[2.998s] INFO:colcon.colcon_core.shell:Creating package script '/mnt/nvme1n1p6/PLCT/NAV2/nav2_sim/install/custom_command/share/custom_command/package.sh'
[2.999s] INFO:colcon.colcon_core.shell:Creating package script '/mnt/nvme1n1p6/PLCT/NAV2/nav2_sim/install/custom_command/share/custom_command/package.bash'
[2.999s] INFO:colcon.colcon_core.shell:Creating package script '/mnt/nvme1n1p6/PLCT/NAV2/nav2_sim/install/custom_command/share/custom_command/package.zsh'
[3.000s] Level 1:colcon.colcon_core.environment:create_file_with_runtime_dependencies(/mnt/nvme1n1p6/PLCT/NAV2/nav2_sim/install/custom_command/share/colcon-core/packages/custom_command)
[3.000s] Level 1:colcon.colcon_core.environment:create_environment_scripts_only(custom_command)
[3.000s] Level 1:colcon.colcon_core.environment:checking '/mnt/nvme1n1p6/PLCT/NAV2/nav2_sim/install/custom_command' for CMake module files
[3.001s] Level 1:colcon.colcon_core.environment:checking '/mnt/nvme1n1p6/PLCT/NAV2/nav2_sim/install/custom_command' for CMake config files
[3.002s] Level 1:colcon.colcon_core.shell:create_environment_hook('custom_command', 'cmake_prefix_path')
[3.002s] INFO:colcon.colcon_core.shell:Creating environment hook '/mnt/nvme1n1p6/PLCT/NAV2/nav2_sim/install/custom_command/share/custom_command/hook/cmake_prefix_path.ps1'
[3.002s] INFO:colcon.colcon_core.shell:Creating environment descriptor '/mnt/nvme1n1p6/PLCT/NAV2/nav2_sim/install/custom_command/share/custom_command/hook/cmake_prefix_path.dsv'
[3.003s] INFO:colcon.colcon_core.shell:Creating environment hook '/mnt/nvme1n1p6/PLCT/NAV2/nav2_sim/install/custom_command/share/custom_command/hook/cmake_prefix_path.sh'
[3.003s] Level 1:colcon.colcon_core.environment:checking '/mnt/nvme1n1p6/PLCT/NAV2/nav2_sim/install/custom_command/lib'
[3.003s] Level 1:colcon.colcon_core.shell:create_environment_hook('custom_command', 'ld_library_path_lib')
[3.003s] INFO:colcon.colcon_core.shell:Creating environment hook '/mnt/nvme1n1p6/PLCT/NAV2/nav2_sim/install/custom_command/share/custom_command/hook/ld_library_path_lib.ps1'
[3.004s] INFO:colcon.colcon_core.shell:Creating environment descriptor '/mnt/nvme1n1p6/PLCT/NAV2/nav2_sim/install/custom_command/share/custom_command/hook/ld_library_path_lib.dsv'
[3.004s] INFO:colcon.colcon_core.shell:Creating environment hook '/mnt/nvme1n1p6/PLCT/NAV2/nav2_sim/install/custom_command/share/custom_command/hook/ld_library_path_lib.sh'
[3.004s] Level 1:colcon.colcon_core.environment:checking '/mnt/nvme1n1p6/PLCT/NAV2/nav2_sim/install/custom_command/bin'
[3.004s] Level 1:colcon.colcon_core.environment:checking '/mnt/nvme1n1p6/PLCT/NAV2/nav2_sim/install/custom_command/lib/pkgconfig/custom_command.pc'
[3.005s] Level 1:colcon.colcon_core.environment:checking '/mnt/nvme1n1p6/PLCT/NAV2/nav2_sim/install/custom_command/lib/python3.10/site-packages'
[3.005s] Level 1:colcon.colcon_core.environment:checking '/mnt/nvme1n1p6/PLCT/NAV2/nav2_sim/install/custom_command/bin'
[3.005s] INFO:colcon.colcon_core.shell:Creating package script '/mnt/nvme1n1p6/PLCT/NAV2/nav2_sim/install/custom_command/share/custom_command/package.ps1'
[3.006s] INFO:colcon.colcon_core.shell:Creating package descriptor '/mnt/nvme1n1p6/PLCT/NAV2/nav2_sim/install/custom_command/share/custom_command/package.dsv'
[3.006s] INFO:colcon.colcon_core.shell:Creating package script '/mnt/nvme1n1p6/PLCT/NAV2/nav2_sim/install/custom_command/share/custom_command/package.sh'
[3.007s] INFO:colcon.colcon_core.shell:Creating package script '/mnt/nvme1n1p6/PLCT/NAV2/nav2_sim/install/custom_command/share/custom_command/package.bash'
[3.007s] INFO:colcon.colcon_core.shell:Creating package script '/mnt/nvme1n1p6/PLCT/NAV2/nav2_sim/install/custom_command/share/custom_command/package.zsh'
[3.008s] Level 1:colcon.colcon_core.environment:create_file_with_runtime_dependencies(/mnt/nvme1n1p6/PLCT/NAV2/nav2_sim/install/custom_command/share/colcon-core/packages/custom_command)
[3.008s] DEBUG:colcon.colcon_parallel_executor.executor.parallel:closing loop
[3.008s] DEBUG:colcon.colcon_parallel_executor.executor.parallel:loop closed
[3.008s] DEBUG:colcon.colcon_parallel_executor.executor.parallel:run_until_complete finished with '0'
[3.008s] DEBUG:colcon.colcon_core.event_reactor:joining thread
[3.020s] INFO:colcon.colcon_core.plugin_system:Skipping extension 'colcon_notification.desktop_notification.terminal_notifier': Not used on non-Darwin systems
[3.020s] INFO:colcon.colcon_core.plugin_system:Skipping extension 'colcon_notification.desktop_notification.win32': Not used on non-Windows systems
[3.020s] INFO:colcon.colcon_notification.desktop_notification:Sending desktop notification using 'notify2'
[3.043s] DEBUG:colcon.colcon_core.event_reactor:joined thread
[3.044s] INFO:colcon.colcon_core.shell:Creating prefix script '/mnt/nvme1n1p6/PLCT/NAV2/nav2_sim/install/local_setup.ps1'
[3.045s] INFO:colcon.colcon_core.shell:Creating prefix util module '/mnt/nvme1n1p6/PLCT/NAV2/nav2_sim/install/_local_setup_util_ps1.py'
[3.047s] INFO:colcon.colcon_core.shell:Creating prefix chain script '/mnt/nvme1n1p6/PLCT/NAV2/nav2_sim/install/setup.ps1'
[3.049s] INFO:colcon.colcon_core.shell:Creating prefix script '/mnt/nvme1n1p6/PLCT/NAV2/nav2_sim/install/local_setup.sh'
[3.049s] INFO:colcon.colcon_core.shell:Creating prefix util module '/mnt/nvme1n1p6/PLCT/NAV2/nav2_sim/install/_local_setup_util_sh.py'
[3.050s] INFO:colcon.colcon_core.shell:Creating prefix chain script '/mnt/nvme1n1p6/PLCT/NAV2/nav2_sim/install/setup.sh'
[3.052s] INFO:colcon.colcon_core.shell:Creating prefix script '/mnt/nvme1n1p6/PLCT/NAV2/nav2_sim/install/local_setup.bash'
[3.052s] INFO:colcon.colcon_core.shell:Creating prefix chain script '/mnt/nvme1n1p6/PLCT/NAV2/nav2_sim/install/setup.bash'
[3.054s] INFO:colcon.colcon_core.shell:Creating prefix script '/mnt/nvme1n1p6/PLCT/NAV2/nav2_sim/install/local_setup.zsh'
[3.055s] INFO:colcon.colcon_core.shell:Creating prefix chain script '/mnt/nvme1n1p6/PLCT/NAV2/nav2_sim/install/setup.zsh'
