-- Found ament_cmake: 1.3.11 (/opt/ros/humble/share/ament_cmake/cmake)
-- Override CMake install command with custom implementation using symlinks instead of copying resources
-- Found geometry_msgs: 4.2.4 (/opt/ros/humble/share/geometry_msgs/cmake)
-- Found rosidl_generator_c: 3.1.6 (/opt/ros/humble/share/rosidl_generator_c/cmake)
-- Found rosidl_adapter: 3.1.6 (/opt/ros/humble/share/rosidl_adapter/cmake)
-- Found rosidl_generator_cpp: 3.1.6 (/opt/ros/humble/share/rosidl_generator_cpp/cmake)
-- Using all available rosidl_typesupport_c: rosidl_typesupport_fastrtps_c;rosidl_typesupport_introspection_c
-- Using all available rosidl_typesupport_cpp: rosidl_typesupport_fastrtps_cpp;rosidl_typesupport_introspection_cpp
-- Found custom_command: 0.0.0 (/mnt/nvme1n1p6/PLCT/NAV2/nav2_sim/install/custom_command/share/custom_command/cmake)
-- Found nav2_msgs: 1.1.17 (/opt/ros/humble/share/nav2_msgs/cmake)
-- Found rclcpp_action: 16.0.11 (/opt/ros/humble/share/rclcpp_action/cmake)
-- Found rmw_implementation_cmake: 6.1.2 (/opt/ros/humble/share/rmw_implementation_cmake/cmake)
-- Found rmw_fastrtps_cpp: 6.2.7 (/opt/ros/humble/share/rmw_fastrtps_cpp/cmake)
-- Found OpenSSL: /usr/lib/x86_64-linux-gnu/libcrypto.so (found version "3.0.2")  
-- Found FastRTPS: /opt/ros/humble/include  
-- Using RMW implementation 'rmw_fastrtps_cpp' as default
-- Looking for pthread.h
-- Looking for pthread.h - found
-- Performing Test CMAKE_HAVE_LIBC_PTHREAD
-- Performing Test CMAKE_HAVE_LIBC_PTHREAD - Success
-- Found Threads: TRUE  
-- Found ament_lint_auto: 0.12.11 (/opt/ros/humble/share/ament_lint_auto/cmake)
-- Added test 'cppcheck' to perform static code analysis on C / C++ code
-- Configured cppcheck include dirs: /mnt/nvme1n1p6/PLCT/NAV2/nav2_sim/src/robot_await/include
-- Configured cppcheck exclude dirs and/or files: 
-- Added test 'flake8' to check Python code syntax and style conventions
-- Added test 'lint_cmake' to check CMake code style
-- Added test 'pep257' to check Python code against some of the docstring style conventions in PEP 257
-- Added test 'uncrustify' to check C / C++ code style
-- Configured uncrustify additional arguments: 
-- Added test 'xmllint' to check XML markup files
-- Configuring done
-- Generating done
-- Build files have been written to: /mnt/nvme1n1p6/PLCT/NAV2/nav2_sim/build/robot_await
[ 50%] [32mBuilding CXX object CMakeFiles/robot_await.dir/src/robot_await_node.cpp.o[0m
In file included from [01m[K/mnt/nvme1n1p6/PLCT/NAV2/nav2_sim/src/robot_await/src/robot_await_node.cpp:1[m[K:
[01m[K/mnt/nvme1n1p6/PLCT/NAV2/nav2_sim/src/robot_await/include/robot_await/robot_await.hpp:16:33:[m[K [01;31m[Kerror: [m[K‘[01m[Kcustom_msgs[m[K’ does not name a type
   16 |     void command_callback(const [01;31m[Kcustom_msgs[m[K::msg::CommandMsg::SharedPtr msg);
      |                                 [01;31m[K^~~~~~~~~~~[m[K
[01m[K/mnt/nvme1n1p6/PLCT/NAV2/nav2_sim/src/robot_await/include/robot_await/robot_await.hpp:16:49:[m[K [01;31m[Kerror: [m[Kexpected unqualified-id before ‘[01m[K::[m[K’ token
   16 |     void command_callback(const custom_msgs::msg[01;31m[K::[m[KCommandMsg::SharedPtr msg);
      |                                                 [01;31m[K^~[m[K
[01m[K/mnt/nvme1n1p6/PLCT/NAV2/nav2_sim/src/robot_await/include/robot_await/robot_await.hpp:16:49:[m[K [01;31m[Kerror: [m[Kexpected ‘[01m[K)[m[K’ before ‘[01m[K::[m[K’ token
   16 |     void command_callback[34m[K([m[Kconst custom_msgs::msg[01;31m[K:[m[K[32m[K:[m[KCommandMsg::SharedPtr msg);
      |                          [34m[K~[m[K                      [01;31m[K^[m[K[32m[K~[m[K
      |                                                 [32m[K)[m[K
[01m[K/mnt/nvme1n1p6/PLCT/NAV2/nav2_sim/src/robot_await/include/robot_await/robot_await.hpp:16:46:[m[K [01;31m[Kerror: [m[Kexpected ‘[01m[K;[m[K’ at end of member declaration
   16 |     void command_callback(const custom_msgs::[01;31m[Kmsg[m[K::CommandMsg::SharedPtr msg);
      |                                              [01;31m[K^~~[m[K
      |                                                 [32m[K;[m[K
[01m[K/mnt/nvme1n1p6/PLCT/NAV2/nav2_sim/src/robot_await/include/robot_await/robot_await.hpp:16:51:[m[K [01;31m[Kerror: [m[K‘[01m[KCommandMsg[m[K’ in namespace ‘[01m[K::[m[K’ does not name a type
   16 |     void command_callback(const custom_msgs::msg::[01;31m[KCommandMsg[m[K::SharedPtr msg);
      |                                                   [01;31m[K^~~~~~~~~~[m[K
[01m[K/mnt/nvme1n1p6/PLCT/NAV2/nav2_sim/src/robot_await/include/robot_await/robot_await.hpp:31:26:[m[K [01;31m[Kerror: [m[K‘[01m[Kcustom_msgs[m[K’ was not declared in this scope; did you mean ‘[01m[Kstd_msgs[m[K’?
   31 |     rclcpp::Subscription<[01;31m[Kcustom_msgs[m[K::msg::CommandMsg>::SharedPtr subscription_;
      |                          [01;31m[K^~~~~~~~~~~[m[K
      |                          [32m[Kstd_msgs[m[K
[01m[K/mnt/nvme1n1p6/PLCT/NAV2/nav2_sim/src/robot_await/include/robot_await/robot_await.hpp:31:54:[m[K [01;31m[Kerror: [m[Ktemplate argument 1 is invalid
   31 |     rclcpp::Subscription<custom_msgs::msg::CommandMsg[01;31m[K>[m[K::SharedPtr subscription_;
      |                                                      [01;31m[K^[m[K
[01m[K/mnt/nvme1n1p6/PLCT/NAV2/nav2_sim/src/robot_await/include/robot_await/robot_await.hpp:31:54:[m[K [01;31m[Kerror: [m[Ktemplate argument 3 is invalid
[01m[K/mnt/nvme1n1p6/PLCT/NAV2/nav2_sim/src/robot_await/include/robot_await/robot_await.hpp:31:54:[m[K [01;31m[Kerror: [m[Ktemplate argument 4 is invalid
[01m[K/mnt/nvme1n1p6/PLCT/NAV2/nav2_sim/src/robot_await/include/robot_await/robot_await.hpp:31:54:[m[K [01;31m[Kerror: [m[Ktemplate argument 5 is invalid
[01m[K/mnt/nvme1n1p6/PLCT/NAV2/nav2_sim/src/robot_await/include/robot_await/robot_await.hpp:31:57:[m[K [01;31m[Kerror: [m[Kexpected ‘[01m[K;[m[K’ at end of member declaration
   31 |     rclcpp::Subscription<custom_msgs::msg::CommandMsg>::[01;31m[KSharedPtr[m[K subscription_;
      |                                                         [01;31m[K^~~~~~~~~[m[K
      |                                                                  [32m[K;[m[K
[01m[K/mnt/nvme1n1p6/PLCT/NAV2/nav2_sim/src/robot_await/include/robot_await/robot_await.hpp:31:67:[m[K [01;31m[Kerror: [m[K‘[01m[Ksubscription_[m[K’ does not name a type; did you mean ‘[01m[Krmw_subscription_t[m[K’?
   31 |     rclcpp::Subscription<custom_msgs::msg::CommandMsg>::SharedPtr [01;31m[Ksubscription_[m[K;
      |                                                                   [01;31m[K^~~~~~~~~~~~~[m[K
      |                                                                   [32m[Krmw_subscription_t[m[K
[01m[K/mnt/nvme1n1p6/PLCT/NAV2/nav2_sim/src/robot_await/src/robot_await_node.cpp:[m[K In constructor ‘[01m[KRobotAwait::RobotAwait()[m[K’:
[01m[K/mnt/nvme1n1p6/PLCT/NAV2/nav2_sim/src/robot_await/src/robot_await_node.cpp:11:5:[m[K [01;31m[Kerror: [m[K‘[01m[Ksubscription_[m[K’ was not declared in this scope; did you mean ‘[01m[Krmw_subscription_t[m[K’?
   11 |     [01;31m[Ksubscription_[m[K = this->create_subscription<custom_msgs::msg::CommandMsg>(
      |     [01;31m[K^~~~~~~~~~~~~[m[K
      |     [32m[Krmw_subscription_t[m[K
[01m[K/mnt/nvme1n1p6/PLCT/NAV2/nav2_sim/src/robot_await/src/robot_await_node.cpp:11:47:[m[K [01;31m[Kerror: [m[K‘[01m[Kcustom_msgs[m[K’ was not declared in this scope; did you mean ‘[01m[Kstd_msgs[m[K’?
   11 |     subscription_ = this->create_subscription<[01;31m[Kcustom_msgs[m[K::msg::CommandMsg>(
      |                                               [01;31m[K^~~~~~~~~~~[m[K
      |                                               [32m[Kstd_msgs[m[K
[01m[K/mnt/nvme1n1p6/PLCT/NAV2/nav2_sim/src/robot_await/src/robot_await_node.cpp:11:27:[m[K [01;31m[Kerror: [m[Kparse error in template argument list
   11 |     subscription_ = this->[01;31m[Kcreate_subscription<custom_msgs::msg::CommandMsg>[m[K(
      |                           [01;31m[K^~~~~~~~~~~~~~~~~~~~~~~~~~~~~~~~~~~~~~~~~~~~~~~~~[m[K
[01m[K/mnt/nvme1n1p6/PLCT/NAV2/nav2_sim/src/robot_await/src/robot_await_node.cpp:11:76:[m[K [01;31m[Kerror: [m[Kno matching function for call to ‘[01m[KRobotAwait::create_subscription<<expression error> >(const char [14], int, std::_Bind_helper<false, void (RobotAwait::*)(...), RobotAwait*, const std::_Placeholder<1>&>::type)[m[K’
   11 |     subscription_ = [01;31m[Kthis->create_subscription<custom_msgs::msg::CommandMsg>([m[K
      |                     [01;31m[K~~~~~~~~~~~~~~~~~~~~~~~~~~~~~~~~~~~~~~~~~~~~~~~~~~~~~~~^[m[K
   12 | [01;31m[K        "command_topic", 10,[m[K
      |         [01;31m[K~~~~~~~~~~~~~~~~~~~~[m[K                                                
   13 | [01;31m[K        std::bind(&RobotAwait::command_callback, this, std::placeholders::_1))[m[K;
      |         [01;31m[K~~~~~~~~~~~~~~~~~~~~~~~~~~~~~~~~~~~~~~~~~~~~~~~~~~~~~~~~~~~~~~~~~~~~~~[m[K
In file included from [01m[K/opt/ros/humble/include/rclcpp/rclcpp/executors/single_threaded_executor.hpp:28[m[K,
                 from [01m[K/opt/ros/humble/include/rclcpp/rclcpp/executors.hpp:22[m[K,
                 from [01m[K/opt/ros/humble/include/rclcpp/rclcpp/rclcpp.hpp:155[m[K,
                 from [01m[K/mnt/nvme1n1p6/PLCT/NAV2/nav2_sim/src/robot_await/include/robot_await/robot_await.hpp:4[m[K:
[01m[K/opt/ros/humble/include/rclcpp/rclcpp/node.hpp:219:3:[m[K [01;36m[Knote: [m[Kcandidate: ‘[01m[Ktemplate<class MessageT, class CallbackT, class AllocatorT, class SubscriptionT, class MessageMemoryStrategyT> std::shared_ptr<ROSMessageT> rclcpp::Node::create_subscription(const std::string&, const rclcpp::QoS&, CallbackT&&, const rclcpp::SubscriptionOptionsWithAllocator<AllocatorT>&, typename MessageMemoryStrategyT::SharedPtr)[m[K’
  219 |   [01;36m[Kcreate_subscription[m[K(
      |   [01;36m[K^~~~~~~~~~~~~~~~~~~[m[K
[01m[K/opt/ros/humble/include/rclcpp/rclcpp/node.hpp:219:3:[m[K [01;36m[Knote: [m[K  template argument deduction/substitution failed:
[01m[K/mnt/nvme1n1p6/PLCT/NAV2/nav2_sim/src/robot_await/src/robot_await_node.cpp:11:76:[m[K [01;31m[Kerror: [m[Ktemplate argument 1 is invalid
   11 |     subscription_ = [01;31m[Kthis->create_subscription<custom_msgs::msg::CommandMsg>([m[K
      |                     [01;31m[K~~~~~~~~~~~~~~~~~~~~~~~~~~~~~~~~~~~~~~~~~~~~~~~~~~~~~~~^[m[K
   12 | [01;31m[K        "command_topic", 10,[m[K
      |         [01;31m[K~~~~~~~~~~~~~~~~~~~~[m[K                                                
   13 | [01;31m[K        std::bind(&RobotAwait::command_callback, this, std::placeholders::_1))[m[K;
      |         [01;31m[K~~~~~~~~~~~~~~~~~~~~~~~~~~~~~~~~~~~~~~~~~~~~~~~~~~~~~~~~~~~~~~~~~~~~~~[m[K
[01m[K/mnt/nvme1n1p6/PLCT/NAV2/nav2_sim/src/robot_await/src/robot_await_node.cpp:[m[K At global scope:
[01m[K/mnt/nvme1n1p6/PLCT/NAV2/nav2_sim/src/robot_await/src/robot_await_node.cpp:22:41:[m[K [01;31m[Kerror: [m[K‘[01m[Kcustom_msgs[m[K’ does not name a type
   22 | void RobotAwait::command_callback(const [01;31m[Kcustom_msgs[m[K::msg::CommandMsg::SharedPtr msg)
      |                                         [01;31m[K^~~~~~~~~~~[m[K
[01m[K/mnt/nvme1n1p6/PLCT/NAV2/nav2_sim/src/robot_await/src/robot_await_node.cpp:22:57:[m[K [01;31m[Kerror: [m[Kexpected unqualified-id before ‘[01m[K::[m[K’ token
   22 | void RobotAwait::command_callback(const custom_msgs::msg[01;31m[K::[m[KCommandMsg::SharedPtr msg)
      |                                                         [01;31m[K^~[m[K
[01m[K/mnt/nvme1n1p6/PLCT/NAV2/nav2_sim/src/robot_await/src/robot_await_node.cpp:22:57:[m[K [01;31m[Kerror: [m[Kexpected ‘[01m[K)[m[K’ before ‘[01m[K::[m[K’ token
   22 | void RobotAwait::command_callback[34m[K([m[Kconst custom_msgs::msg[01;31m[K:[m[K[32m[K:[m[KCommandMsg::SharedPtr msg)
      |                                  [34m[K~[m[K                      [01;31m[K^[m[K[32m[K~[m[K
      |                                                         [32m[K)[m[K
[01m[K/mnt/nvme1n1p6/PLCT/NAV2/nav2_sim/src/robot_await/src/robot_await_node.cpp:22:57:[m[K [01;31m[Kerror: [m[Kexpected initializer before ‘[01m[K::[m[K’ token
   22 | void RobotAwait::command_callback(const custom_msgs::msg[01;31m[K::[m[KCommandMsg::SharedPtr msg)
      |                                                         [01;31m[K^~[m[K
gmake[2]: *** [CMakeFiles/robot_await.dir/build.make:76: CMakeFiles/robot_await.dir/src/robot_await_node.cpp.o] Error 1
gmake[1]: *** [CMakeFiles/Makefile2:137: CMakeFiles/robot_await.dir/all] Error 2
gmake: *** [Makefile:146: all] Error 2
