[0.017s] Invoking command in '/mnt/nvme1n1p6/PLCT/NAV2/nav2_sim/build/robot_await': CMAKE_PREFIX_PATH=${CMAKE_PREFIX_PATH}:/home/kunama/PLCT/NAV2/yahboom_src_code/slam_ws_src/install/yahboomcar_nav:/home/kunama/PLCT/NAV2/yahboom_src_code/slam_ws_src/install/yahboomcar_description:/home/kunama/PLCT/NAV2/yahboom_src_code/slam_ws_src/install/yahboomcar_ctrl:/home/kunama/PLCT/NAV2/yahboom_src_code/slam_ws_src/install/yahboomcar_bringup:/home/kunama/PLCT/NAV2/yahboom_src_code/slam_ws_src/install/yahboom_app_save_map:/home/kunama/PLCT/NAV2/yahboom_src_code/slam_ws_src/install/laserscan_to_point_publisher:/opt/ros/humble /usr/bin/cmake /mnt/nvme1n1p6/PLCT/NAV2/nav2_sim/src/robot_await -DAMENT_CMAKE_SYMLINK_INSTALL=1 -DCMAKE_INSTALL_PREFIX=/mnt/nvme1n1p6/PLCT/NAV2/nav2_sim/install/robot_await
[0.042s] -- Found ament_cmake: 1.3.11 (/opt/ros/humble/share/ament_cmake/cmake)
[0.188s] -- Override CMake install command with custom implementation using symlinks instead of copying resources
[0.205s] -- Found geometry_msgs: 4.2.4 (/opt/ros/humble/share/geometry_msgs/cmake)
[0.249s] -- Found rosidl_generator_c: 3.1.6 (/opt/ros/humble/share/rosidl_generator_c/cmake)
[0.251s] -- Found rosidl_adapter: 3.1.6 (/opt/ros/humble/share/rosidl_adapter/cmake)
[0.257s] -- Found rosidl_generator_cpp: 3.1.6 (/opt/ros/humble/share/rosidl_generator_cpp/cmake)
[0.265s] -- Using all available rosidl_typesupport_c: rosidl_typesupport_fastrtps_c;rosidl_typesupport_introspection_c
[0.276s] -- Using all available rosidl_typesupport_cpp: rosidl_typesupport_fastrtps_cpp;rosidl_typesupport_introspection_cpp
[0.308s] -- Found custom_command: 0.0.0 (/mnt/nvme1n1p6/PLCT/NAV2/nav2_sim/install/custom_command/share/custom_command/cmake)
[0.319s] -- Found nav2_msgs: 1.1.17 (/opt/ros/humble/share/nav2_msgs/cmake)
[0.390s] -- Found rclcpp_action: 16.0.11 (/opt/ros/humble/share/rclcpp_action/cmake)
[0.467s] -- Found rmw_implementation_cmake: 6.1.2 (/opt/ros/humble/share/rmw_implementation_cmake/cmake)
[0.472s] -- Found rmw_fastrtps_cpp: 6.2.7 (/opt/ros/humble/share/rmw_fastrtps_cpp/cmake)
[0.653s] -- Found OpenSSL: /usr/lib/x86_64-linux-gnu/libcrypto.so (found version "3.0.2")  
[0.693s] -- Found FastRTPS: /opt/ros/humble/include  
[0.721s] -- Using RMW implementation 'rmw_fastrtps_cpp' as default
[0.739s] -- Looking for pthread.h
[0.872s] -- Looking for pthread.h - found
[0.873s] -- Performing Test CMAKE_HAVE_LIBC_PTHREAD
[0.981s] -- Performing Test CMAKE_HAVE_LIBC_PTHREAD - Success
[0.982s] -- Found Threads: TRUE  
[1.039s] -- Found ament_lint_auto: 0.12.11 (/opt/ros/humble/share/ament_lint_auto/cmake)
[1.141s] -- Added test 'cppcheck' to perform static code analysis on C / C++ code
[1.142s] -- Configured cppcheck include dirs: /mnt/nvme1n1p6/PLCT/NAV2/nav2_sim/src/robot_await/include
[1.142s] -- Configured cppcheck exclude dirs and/or files: 
[1.142s] -- Added test 'flake8' to check Python code syntax and style conventions
[1.143s] -- Added test 'lint_cmake' to check CMake code style
[1.144s] -- Added test 'pep257' to check Python code against some of the docstring style conventions in PEP 257
[1.145s] -- Added test 'uncrustify' to check C / C++ code style
[1.146s] -- Configured uncrustify additional arguments: 
[1.146s] -- Added test 'xmllint' to check XML markup files
[1.148s] -- Configuring done
[1.161s] -- Generating done
[1.165s] -- Build files have been written to: /mnt/nvme1n1p6/PLCT/NAV2/nav2_sim/build/robot_await
[1.173s] Invoked command in '/mnt/nvme1n1p6/PLCT/NAV2/nav2_sim/build/robot_await' returned '0': CMAKE_PREFIX_PATH=${CMAKE_PREFIX_PATH}:/home/kunama/PLCT/NAV2/yahboom_src_code/slam_ws_src/install/yahboomcar_nav:/home/kunama/PLCT/NAV2/yahboom_src_code/slam_ws_src/install/yahboomcar_description:/home/kunama/PLCT/NAV2/yahboom_src_code/slam_ws_src/install/yahboomcar_ctrl:/home/kunama/PLCT/NAV2/yahboom_src_code/slam_ws_src/install/yahboomcar_bringup:/home/kunama/PLCT/NAV2/yahboom_src_code/slam_ws_src/install/yahboom_app_save_map:/home/kunama/PLCT/NAV2/yahboom_src_code/slam_ws_src/install/laserscan_to_point_publisher:/opt/ros/humble /usr/bin/cmake /mnt/nvme1n1p6/PLCT/NAV2/nav2_sim/src/robot_await -DAMENT_CMAKE_SYMLINK_INSTALL=1 -DCMAKE_INSTALL_PREFIX=/mnt/nvme1n1p6/PLCT/NAV2/nav2_sim/install/robot_await
[1.175s] Invoking command in '/mnt/nvme1n1p6/PLCT/NAV2/nav2_sim/build/robot_await': CMAKE_PREFIX_PATH=${CMAKE_PREFIX_PATH}:/home/kunama/PLCT/NAV2/yahboom_src_code/slam_ws_src/install/yahboomcar_nav:/home/kunama/PLCT/NAV2/yahboom_src_code/slam_ws_src/install/yahboomcar_description:/home/kunama/PLCT/NAV2/yahboom_src_code/slam_ws_src/install/yahboomcar_ctrl:/home/kunama/PLCT/NAV2/yahboom_src_code/slam_ws_src/install/yahboomcar_bringup:/home/kunama/PLCT/NAV2/yahboom_src_code/slam_ws_src/install/yahboom_app_save_map:/home/kunama/PLCT/NAV2/yahboom_src_code/slam_ws_src/install/laserscan_to_point_publisher:/opt/ros/humble /usr/bin/cmake --build /mnt/nvme1n1p6/PLCT/NAV2/nav2_sim/build/robot_await -- -j12 -l12
[1.253s] [ 50%] [32mBuilding CXX object CMakeFiles/robot_await.dir/src/robot_await_node.cpp.o[0m
[3.503s] In file included from [01m[K/mnt/nvme1n1p6/PLCT/NAV2/nav2_sim/src/robot_await/src/robot_await_node.cpp:1[m[K:
[3.503s] [01m[K/mnt/nvme1n1p6/PLCT/NAV2/nav2_sim/src/robot_await/include/robot_await/robot_await.hpp:16:33:[m[K [01;31m[Kerror: [m[K‘[01m[Kcustom_msgs[m[K’ does not name a type
[3.503s]    16 |     void command_callback(const [01;31m[Kcustom_msgs[m[K::msg::CommandMsg::SharedPtr msg);
[3.503s]       |                                 [01;31m[K^~~~~~~~~~~[m[K
[3.503s] [01m[K/mnt/nvme1n1p6/PLCT/NAV2/nav2_sim/src/robot_await/include/robot_await/robot_await.hpp:16:49:[m[K [01;31m[Kerror: [m[Kexpected unqualified-id before ‘[01m[K::[m[K’ token
[3.503s]    16 |     void command_callback(const custom_msgs::msg[01;31m[K::[m[KCommandMsg::SharedPtr msg);
[3.503s]       |                                                 [01;31m[K^~[m[K
[3.503s] [01m[K/mnt/nvme1n1p6/PLCT/NAV2/nav2_sim/src/robot_await/include/robot_await/robot_await.hpp:16:49:[m[K [01;31m[Kerror: [m[Kexpected ‘[01m[K)[m[K’ before ‘[01m[K::[m[K’ token
[3.504s]    16 |     void command_callback[34m[K([m[Kconst custom_msgs::msg[01;31m[K:[m[K[32m[K:[m[KCommandMsg::SharedPtr msg);
[3.504s]       |                          [34m[K~[m[K                      [01;31m[K^[m[K[32m[K~[m[K
[3.504s]       |                                                 [32m[K)[m[K
[3.504s] [01m[K/mnt/nvme1n1p6/PLCT/NAV2/nav2_sim/src/robot_await/include/robot_await/robot_await.hpp:16:46:[m[K [01;31m[Kerror: [m[Kexpected ‘[01m[K;[m[K’ at end of member declaration
[3.504s]    16 |     void command_callback(const custom_msgs::[01;31m[Kmsg[m[K::CommandMsg::SharedPtr msg);
[3.504s]       |                                              [01;31m[K^~~[m[K
[3.504s]       |                                                 [32m[K;[m[K
[3.505s] [01m[K/mnt/nvme1n1p6/PLCT/NAV2/nav2_sim/src/robot_await/include/robot_await/robot_await.hpp:16:51:[m[K [01;31m[Kerror: [m[K‘[01m[KCommandMsg[m[K’ in namespace ‘[01m[K::[m[K’ does not name a type
[3.505s]    16 |     void command_callback(const custom_msgs::msg::[01;31m[KCommandMsg[m[K::SharedPtr msg);
[3.505s]       |                                                   [01;31m[K^~~~~~~~~~[m[K
[3.527s] [01m[K/mnt/nvme1n1p6/PLCT/NAV2/nav2_sim/src/robot_await/include/robot_await/robot_await.hpp:31:26:[m[K [01;31m[Kerror: [m[K‘[01m[Kcustom_msgs[m[K’ was not declared in this scope; did you mean ‘[01m[Kstd_msgs[m[K’?
[3.527s]    31 |     rclcpp::Subscription<[01;31m[Kcustom_msgs[m[K::msg::CommandMsg>::SharedPtr subscription_;
[3.527s]       |                          [01;31m[K^~~~~~~~~~~[m[K
[3.527s]       |                          [32m[Kstd_msgs[m[K
[3.528s] [01m[K/mnt/nvme1n1p6/PLCT/NAV2/nav2_sim/src/robot_await/include/robot_await/robot_await.hpp:31:54:[m[K [01;31m[Kerror: [m[Ktemplate argument 1 is invalid
[3.528s]    31 |     rclcpp::Subscription<custom_msgs::msg::CommandMsg[01;31m[K>[m[K::SharedPtr subscription_;
[3.528s]       |                                                      [01;31m[K^[m[K
[3.528s] [01m[K/mnt/nvme1n1p6/PLCT/NAV2/nav2_sim/src/robot_await/include/robot_await/robot_await.hpp:31:54:[m[K [01;31m[Kerror: [m[Ktemplate argument 3 is invalid
[3.528s] [01m[K/mnt/nvme1n1p6/PLCT/NAV2/nav2_sim/src/robot_await/include/robot_await/robot_await.hpp:31:54:[m[K [01;31m[Kerror: [m[Ktemplate argument 4 is invalid
[3.528s] [01m[K/mnt/nvme1n1p6/PLCT/NAV2/nav2_sim/src/robot_await/include/robot_await/robot_await.hpp:31:54:[m[K [01;31m[Kerror: [m[Ktemplate argument 5 is invalid
[3.528s] [01m[K/mnt/nvme1n1p6/PLCT/NAV2/nav2_sim/src/robot_await/include/robot_await/robot_await.hpp:31:57:[m[K [01;31m[Kerror: [m[Kexpected ‘[01m[K;[m[K’ at end of member declaration
[3.528s]    31 |     rclcpp::Subscription<custom_msgs::msg::CommandMsg>::[01;31m[KSharedPtr[m[K subscription_;
[3.528s]       |                                                         [01;31m[K^~~~~~~~~[m[K
[3.528s]       |                                                                  [32m[K;[m[K
[3.529s] [01m[K/mnt/nvme1n1p6/PLCT/NAV2/nav2_sim/src/robot_await/include/robot_await/robot_await.hpp:31:67:[m[K [01;31m[Kerror: [m[K‘[01m[Ksubscription_[m[K’ does not name a type; did you mean ‘[01m[Krmw_subscription_t[m[K’?
[3.529s]    31 |     rclcpp::Subscription<custom_msgs::msg::CommandMsg>::SharedPtr [01;31m[Ksubscription_[m[K;
[3.529s]       |                                                                   [01;31m[K^~~~~~~~~~~~~[m[K
[3.529s]       |                                                                   [32m[Krmw_subscription_t[m[K
[3.539s] [01m[K/mnt/nvme1n1p6/PLCT/NAV2/nav2_sim/src/robot_await/src/robot_await_node.cpp:[m[K In constructor ‘[01m[KRobotAwait::RobotAwait()[m[K’:
[3.539s] [01m[K/mnt/nvme1n1p6/PLCT/NAV2/nav2_sim/src/robot_await/src/robot_await_node.cpp:11:5:[m[K [01;31m[Kerror: [m[K‘[01m[Ksubscription_[m[K’ was not declared in this scope; did you mean ‘[01m[Krmw_subscription_t[m[K’?
[3.540s]    11 |     [01;31m[Ksubscription_[m[K = this->create_subscription<custom_msgs::msg::CommandMsg>(
[3.540s]       |     [01;31m[K^~~~~~~~~~~~~[m[K
[3.540s]       |     [32m[Krmw_subscription_t[m[K
[3.545s] [01m[K/mnt/nvme1n1p6/PLCT/NAV2/nav2_sim/src/robot_await/src/robot_await_node.cpp:11:47:[m[K [01;31m[Kerror: [m[K‘[01m[Kcustom_msgs[m[K’ was not declared in this scope; did you mean ‘[01m[Kstd_msgs[m[K’?
[3.545s]    11 |     subscription_ = this->create_subscription<[01;31m[Kcustom_msgs[m[K::msg::CommandMsg>(
[3.545s]       |                                               [01;31m[K^~~~~~~~~~~[m[K
[3.545s]       |                                               [32m[Kstd_msgs[m[K
[3.545s] [01m[K/mnt/nvme1n1p6/PLCT/NAV2/nav2_sim/src/robot_await/src/robot_await_node.cpp:11:27:[m[K [01;31m[Kerror: [m[Kparse error in template argument list
[3.545s]    11 |     subscription_ = this->[01;31m[Kcreate_subscription<custom_msgs::msg::CommandMsg>[m[K(
[3.545s]       |                           [01;31m[K^~~~~~~~~~~~~~~~~~~~~~~~~~~~~~~~~~~~~~~~~~~~~~~~~[m[K
[3.549s] [01m[K/mnt/nvme1n1p6/PLCT/NAV2/nav2_sim/src/robot_await/src/robot_await_node.cpp:11:76:[m[K [01;31m[Kerror: [m[Kno matching function for call to ‘[01m[KRobotAwait::create_subscription<<expression error> >(const char [14], int, std::_Bind_helper<false, void (RobotAwait::*)(...), RobotAwait*, const std::_Placeholder<1>&>::type)[m[K’
[3.550s]    11 |     subscription_ = [01;31m[Kthis->create_subscription<custom_msgs::msg::CommandMsg>([m[K
[3.550s]       |                     [01;31m[K~~~~~~~~~~~~~~~~~~~~~~~~~~~~~~~~~~~~~~~~~~~~~~~~~~~~~~~^[m[K
[3.550s]    12 | [01;31m[K        "command_topic", 10,[m[K
[3.550s]       |         [01;31m[K~~~~~~~~~~~~~~~~~~~~[m[K                                                
[3.550s]    13 | [01;31m[K        std::bind(&RobotAwait::command_callback, this, std::placeholders::_1))[m[K;
[3.550s]       |         [01;31m[K~~~~~~~~~~~~~~~~~~~~~~~~~~~~~~~~~~~~~~~~~~~~~~~~~~~~~~~~~~~~~~~~~~~~~~[m[K
[3.550s] In file included from [01m[K/opt/ros/humble/include/rclcpp/rclcpp/executors/single_threaded_executor.hpp:28[m[K,
[3.550s]                  from [01m[K/opt/ros/humble/include/rclcpp/rclcpp/executors.hpp:22[m[K,
[3.550s]                  from [01m[K/opt/ros/humble/include/rclcpp/rclcpp/rclcpp.hpp:155[m[K,
[3.551s]                  from [01m[K/mnt/nvme1n1p6/PLCT/NAV2/nav2_sim/src/robot_await/include/robot_await/robot_await.hpp:4[m[K:
[3.551s] [01m[K/opt/ros/humble/include/rclcpp/rclcpp/node.hpp:219:3:[m[K [01;36m[Knote: [m[Kcandidate: ‘[01m[Ktemplate<class MessageT, class CallbackT, class AllocatorT, class SubscriptionT, class MessageMemoryStrategyT> std::shared_ptr<ROSMessageT> rclcpp::Node::create_subscription(const std::string&, const rclcpp::QoS&, CallbackT&&, const rclcpp::SubscriptionOptionsWithAllocator<AllocatorT>&, typename MessageMemoryStrategyT::SharedPtr)[m[K’
[3.551s]   219 |   [01;36m[Kcreate_subscription[m[K(
[3.551s]       |   [01;36m[K^~~~~~~~~~~~~~~~~~~[m[K
[3.551s] [01m[K/opt/ros/humble/include/rclcpp/rclcpp/node.hpp:219:3:[m[K [01;36m[Knote: [m[K  template argument deduction/substitution failed:
[3.551s] [01m[K/mnt/nvme1n1p6/PLCT/NAV2/nav2_sim/src/robot_await/src/robot_await_node.cpp:11:76:[m[K [01;31m[Kerror: [m[Ktemplate argument 1 is invalid
[3.551s]    11 |     subscription_ = [01;31m[Kthis->create_subscription<custom_msgs::msg::CommandMsg>([m[K
[3.551s]       |                     [01;31m[K~~~~~~~~~~~~~~~~~~~~~~~~~~~~~~~~~~~~~~~~~~~~~~~~~~~~~~~^[m[K
[3.551s]    12 | [01;31m[K        "command_topic", 10,[m[K
[3.552s]       |         [01;31m[K~~~~~~~~~~~~~~~~~~~~[m[K                                                
[3.552s]    13 | [01;31m[K        std::bind(&RobotAwait::command_callback, this, std::placeholders::_1))[m[K;
[3.552s]       |         [01;31m[K~~~~~~~~~~~~~~~~~~~~~~~~~~~~~~~~~~~~~~~~~~~~~~~~~~~~~~~~~~~~~~~~~~~~~~[m[K
[3.554s] [01m[K/mnt/nvme1n1p6/PLCT/NAV2/nav2_sim/src/robot_await/src/robot_await_node.cpp:[m[K At global scope:
[3.554s] [01m[K/mnt/nvme1n1p6/PLCT/NAV2/nav2_sim/src/robot_await/src/robot_await_node.cpp:22:41:[m[K [01;31m[Kerror: [m[K‘[01m[Kcustom_msgs[m[K’ does not name a type
[3.554s]    22 | void RobotAwait::command_callback(const [01;31m[Kcustom_msgs[m[K::msg::CommandMsg::SharedPtr msg)
[3.554s]       |                                         [01;31m[K^~~~~~~~~~~[m[K
[3.554s] [01m[K/mnt/nvme1n1p6/PLCT/NAV2/nav2_sim/src/robot_await/src/robot_await_node.cpp:22:57:[m[K [01;31m[Kerror: [m[Kexpected unqualified-id before ‘[01m[K::[m[K’ token
[3.555s]    22 | void RobotAwait::command_callback(const custom_msgs::msg[01;31m[K::[m[KCommandMsg::SharedPtr msg)
[3.555s]       |                                                         [01;31m[K^~[m[K
[3.555s] [01m[K/mnt/nvme1n1p6/PLCT/NAV2/nav2_sim/src/robot_await/src/robot_await_node.cpp:22:57:[m[K [01;31m[Kerror: [m[Kexpected ‘[01m[K)[m[K’ before ‘[01m[K::[m[K’ token
[3.555s]    22 | void RobotAwait::command_callback[34m[K([m[Kconst custom_msgs::msg[01;31m[K:[m[K[32m[K:[m[KCommandMsg::SharedPtr msg)
[3.555s]       |                                  [34m[K~[m[K                      [01;31m[K^[m[K[32m[K~[m[K
[3.555s]       |                                                         [32m[K)[m[K
[3.555s] [01m[K/mnt/nvme1n1p6/PLCT/NAV2/nav2_sim/src/robot_await/src/robot_await_node.cpp:22:57:[m[K [01;31m[Kerror: [m[Kexpected initializer before ‘[01m[K::[m[K’ token
[3.555s]    22 | void RobotAwait::command_callback(const custom_msgs::msg[01;31m[K::[m[KCommandMsg::SharedPtr msg)
[3.555s]       |                                                         [01;31m[K^~[m[K
[4.572s] gmake[2]: *** [CMakeFiles/robot_await.dir/build.make:76: CMakeFiles/robot_await.dir/src/robot_await_node.cpp.o] Error 1
[4.572s] gmake[1]: *** [CMakeFiles/Makefile2:137: CMakeFiles/robot_await.dir/all] Error 2
[4.573s] gmake: *** [Makefile:146: all] Error 2
[4.578s] Invoked command in '/mnt/nvme1n1p6/PLCT/NAV2/nav2_sim/build/robot_await' returned '2': CMAKE_PREFIX_PATH=${CMAKE_PREFIX_PATH}:/home/kunama/PLCT/NAV2/yahboom_src_code/slam_ws_src/install/yahboomcar_nav:/home/kunama/PLCT/NAV2/yahboom_src_code/slam_ws_src/install/yahboomcar_description:/home/kunama/PLCT/NAV2/yahboom_src_code/slam_ws_src/install/yahboomcar_ctrl:/home/kunama/PLCT/NAV2/yahboom_src_code/slam_ws_src/install/yahboomcar_bringup:/home/kunama/PLCT/NAV2/yahboom_src_code/slam_ws_src/install/yahboom_app_save_map:/home/kunama/PLCT/NAV2/yahboom_src_code/slam_ws_src/install/laserscan_to_point_publisher:/opt/ros/humble /usr/bin/cmake --build /mnt/nvme1n1p6/PLCT/NAV2/nav2_sim/build/robot_await -- -j12 -l12
