[0.056s] Invoking command in '/mnt/nvme1n1p6/PLCT/NAV2/nav2_sim/build/custom_command': CMAKE_PREFIX_PATH=${CMAKE_PREFIX_PATH}:/home/kunama/PLCT/NAV2/yahboom_src_code/slam_ws_src/install/yahboomcar_nav:/home/kunama/PLCT/NAV2/yahboom_src_code/slam_ws_src/install/yahboomcar_description:/home/kunama/PLCT/NAV2/yahboom_src_code/slam_ws_src/install/yahboomcar_ctrl:/home/kunama/PLCT/NAV2/yahboom_src_code/slam_ws_src/install/yahboomcar_bringup:/home/kunama/PLCT/NAV2/yahboom_src_code/slam_ws_src/install/yahboom_app_save_map:/home/kunama/PLCT/NAV2/yahboom_src_code/slam_ws_src/install/laserscan_to_point_publisher:/opt/ros/humble /usr/bin/cmake --build /mnt/nvme1n1p6/PLCT/NAV2/nav2_sim/build/custom_command -- -j12 -l12
[0.123s] [  3%] [34m[1mGenerating C code for ROS interfaces[0m
[0.134s] [  6%] [34m[1mGenerating C++ code for ROS interfaces[0m
[0.150s] [  6%] Built target ament_cmake_python_symlink_custom_command
[0.437s] [  9%] [32mBuilding C object CMakeFiles/custom_command__rosidl_generator_c.dir/rosidl_generator_c/custom_command/msg/detail/command__functions.c.o[0m
[0.446s] [  9%] Built target custom_command__cpp
[0.460s] [ 16%] [34m[1mGenerating C++ type support dispatch for ROS interfaces[0m
[0.460s] [ 16%] [34m[1mGenerating C++ introspection for ROS interfaces[0m
[0.461s] [ 19%] [34m[1mGenerating C++ type support for eProsima Fast-RTPS[0m
[0.473s] running egg_info
[0.473s] creating custom_command.egg-info
[0.474s] writing custom_command.egg-info/PKG-INFO
[0.474s] writing dependency_links to custom_command.egg-info/dependency_links.txt
[0.474s] writing top-level names to custom_command.egg-info/top_level.txt
[0.475s] writing manifest file 'custom_command.egg-info/SOURCES.txt'
[0.478s] reading manifest file 'custom_command.egg-info/SOURCES.txt'
[0.479s] writing manifest file 'custom_command.egg-info/SOURCES.txt'
[0.521s] [ 22%] [32m[1mLinking C shared library libcustom_command__rosidl_generator_c.so[0m
[0.530s] [ 22%] Built target ament_cmake_python_build_custom_command_egg
[0.568s] [ 22%] Built target custom_command__rosidl_generator_c
[0.584s] [ 25%] [34m[1mGenerating C type support dispatch for ROS interfaces[0m
[0.585s] [ 29%] [34m[1mGenerating C type support for eProsima Fast-RTPS[0m
[0.585s] [ 32%] [34m[1mGenerating C introspection for ROS interfaces[0m
[0.760s] [ 35%] [32mBuilding CXX object CMakeFiles/custom_command__rosidl_typesupport_fastrtps_cpp.dir/rosidl_typesupport_fastrtps_cpp/custom_command/msg/detail/dds_fastrtps/command__type_support.cpp.o[0m
[0.772s] [ 38%] [32mBuilding CXX object CMakeFiles/custom_command__rosidl_typesupport_cpp.dir/rosidl_typesupport_cpp/custom_command/msg/command__type_support.cpp.o[0m
[0.805s] [ 41%] [32mBuilding CXX object CMakeFiles/custom_command__rosidl_typesupport_introspection_cpp.dir/rosidl_typesupport_introspection_cpp/custom_command/msg/detail/command__type_support.cpp.o[0m
[0.850s] [ 45%] [32mBuilding CXX object CMakeFiles/custom_command__rosidl_typesupport_c.dir/rosidl_typesupport_c/custom_command/msg/command__type_support.cpp.o[0m
[0.895s] [ 48%] [32m[1mLinking CXX shared library libcustom_command__rosidl_typesupport_c.so[0m
[0.916s] [ 51%] [32mBuilding CXX object CMakeFiles/custom_command__rosidl_typesupport_fastrtps_c.dir/rosidl_typesupport_fastrtps_c/custom_command/msg/detail/command__type_support_c.cpp.o[0m
[0.932s] [ 54%] [32mBuilding C object CMakeFiles/custom_command__rosidl_typesupport_introspection_c.dir/rosidl_typesupport_introspection_c/custom_command/msg/detail/command__type_support.c.o[0m
[0.958s] [ 54%] Built target custom_command__rosidl_typesupport_c
[0.980s] [ 58%] [32m[1mLinking C shared library libcustom_command__rosidl_typesupport_introspection_c.so[0m
[1.019s] [ 58%] Built target custom_command__rosidl_typesupport_introspection_c
[1.138s] [ 61%] [32m[1mLinking CXX shared library libcustom_command__rosidl_typesupport_cpp.so[0m
[1.186s] [ 61%] Built target custom_command__rosidl_typesupport_cpp
[1.229s] [ 64%] [32m[1mLinking CXX shared library libcustom_command__rosidl_typesupport_introspection_cpp.so[0m
[1.327s] [ 67%] [32m[1mLinking CXX shared library libcustom_command__rosidl_typesupport_fastrtps_cpp.so[0m
[1.337s] [ 70%] [32m[1mLinking CXX shared library libcustom_command__rosidl_typesupport_fastrtps_c.so[0m
[1.343s] [ 70%] Built target custom_command__rosidl_typesupport_introspection_cpp
[1.425s] [ 70%] Built target custom_command__rosidl_typesupport_fastrtps_cpp
[1.445s] [ 70%] Built target custom_command__rosidl_typesupport_fastrtps_c
[1.489s] [ 70%] Built target custom_command
[1.537s] [ 74%] [34m[1mGenerating Python code for ROS interfaces[0m
[1.824s] [ 74%] Built target custom_command__py
[1.854s] [ 77%] [32mBuilding C object CMakeFiles/custom_command__rosidl_generator_py.dir/rosidl_generator_py/custom_command/msg/_command_s.c.o[0m
[1.998s] [ 80%] [32m[1mLinking C shared library rosidl_generator_py/custom_command/libcustom_command__rosidl_generator_py.so[0m
[2.054s] [ 80%] Built target custom_command__rosidl_generator_py
[2.079s] [ 83%] [32mBuilding C object CMakeFiles/custom_command__rosidl_typesupport_c__pyext.dir/rosidl_generator_py/custom_command/_custom_command_s.ep.rosidl_typesupport_c.c.o[0m
[2.080s] [ 87%] [32mBuilding C object CMakeFiles/custom_command__rosidl_typesupport_fastrtps_c__pyext.dir/rosidl_generator_py/custom_command/_custom_command_s.ep.rosidl_typesupport_fastrtps_c.c.o[0m
[2.095s] [ 90%] [32mBuilding C object CMakeFiles/custom_command__rosidl_typesupport_introspection_c__pyext.dir/rosidl_generator_py/custom_command/_custom_command_s.ep.rosidl_typesupport_introspection_c.c.o[0m
[2.191s] [ 93%] [32m[1mLinking C shared library rosidl_generator_py/custom_command/custom_command_s__rosidl_typesupport_c.cpython-310-x86_64-linux-gnu.so[0m
[2.198s] [ 96%] [32m[1mLinking C shared library rosidl_generator_py/custom_command/custom_command_s__rosidl_typesupport_introspection_c.cpython-310-x86_64-linux-gnu.so[0m
[2.200s] [100%] [32m[1mLinking C shared library rosidl_generator_py/custom_command/custom_command_s__rosidl_typesupport_fastrtps_c.cpython-310-x86_64-linux-gnu.so[0m
[2.241s] [100%] Built target custom_command__rosidl_typesupport_fastrtps_c__pyext
[2.244s] [100%] Built target custom_command__rosidl_typesupport_introspection_c__pyext
[2.247s] [100%] Built target custom_command__rosidl_typesupport_c__pyext
