-- The C compiler identification is GNU 12.3.0
-- The CXX compiler identification is GNU 12.3.0
-- Detecting C compiler ABI info
-- Detecting C compiler ABI info - done
-- Check for working C compiler: /usr/bin/cc - skipped
-- Detecting C compile features
-- Detecting C compile features - done
-- Detecting CXX compiler ABI info
-- Detecting CXX compiler ABI info - done
-- Check for working CXX compiler: /usr/bin/c++ - skipped
-- Detecting CXX compile features
-- Detecting CXX compile features - done
-- Found ament_cmake: 1.3.11 (/opt/ros/humble/share/ament_cmake/cmake)
-- Found Python3: /usr/bin/python3 (found version "3.10.12") found components: Interpreter 
-- Override CMake install command with custom implementation using symlinks instead of copying resources
-- Found rosidl_default_generators: 1.2.0 (/opt/ros/humble/share/rosidl_default_generators/cmake)
-- Using all available rosidl_typesupport_c: rosidl_typesupport_fastrtps_c;rosidl_typesupport_introspection_c
-- Found rosidl_adapter: 3.1.6 (/opt/ros/humble/share/rosidl_adapter/cmake)
-- Using all available rosidl_typesupport_cpp: rosidl_typesupport_fastrtps_cpp;rosidl_typesupport_introspection_cpp
-- Found ament_cmake_ros: 0.10.0 (/opt/ros/humble/share/ament_cmake_ros/cmake)
-- Using all available rosidl_typesupport_c: rosidl_typesupport_fastrtps_c;rosidl_typesupport_introspection_c
-- Using all available rosidl_typesupport_cpp: rosidl_typesupport_fastrtps_cpp;rosidl_typesupport_introspection_cpp
-- Found PythonInterp: /usr/bin/python3 (found suitable version "3.10.12", minimum required is "3.6") 
-- Found python_cmake_module: 0.10.0 (/opt/ros/humble/share/python_cmake_module/cmake)
-- Found PythonLibs: /usr/lib/x86_64-linux-gnu/libpython3.10.so (found suitable version "3.10.12", minimum required is "3.5") 
-- Using PYTHON_EXECUTABLE: /usr/bin/python3
-- Using PYTHON_INCLUDE_DIRS: /usr/include/python3.10
-- Using PYTHON_LIBRARIES: /usr/lib/x86_64-linux-gnu/libpython3.10.so
-- Found PythonExtra: .so  
-- Found ament_lint_auto: 0.12.11 (/opt/ros/humble/share/ament_lint_auto/cmake)
-- Added test 'lint_cmake' to check CMake code style
-- Added test 'xmllint' to check XML markup files
-- Configuring done
-- Generating done
-- Build files have been written to: /mnt/nvme1n1p6/PLCT/NAV2/nav2_sim/build/custom_command
[  3%] [34m[1mGenerating C code for ROS interfaces[0m
[  6%] [34m[1mGenerating C++ code for ROS interfaces[0m
[  6%] Built target ament_cmake_python_symlink_custom_command
[  6%] Built target custom_command__cpp
[ 16%] [34m[1mGenerating C++ introspection for ROS interfaces[0m
[ 16%] [34m[1mGenerating C++ type support dispatch for ROS interfaces[0m
[ 16%] [34m[1mGenerating C++ type support for eProsima Fast-RTPS[0m
[ 19%] [32mBuilding C object CMakeFiles/custom_command__rosidl_generator_c.dir/rosidl_generator_c/custom_command/msg/detail/command__functions.c.o[0m
running egg_info
creating custom_command.egg-info
writing custom_command.egg-info/PKG-INFO
writing dependency_links to custom_command.egg-info/dependency_links.txt
writing top-level names to custom_command.egg-info/top_level.txt
writing manifest file 'custom_command.egg-info/SOURCES.txt'
reading manifest file 'custom_command.egg-info/SOURCES.txt'
writing manifest file 'custom_command.egg-info/SOURCES.txt'
[ 22%] [32m[1mLinking C shared library libcustom_command__rosidl_generator_c.so[0m
[ 22%] Built target ament_cmake_python_build_custom_command_egg
[ 22%] Built target custom_command__rosidl_generator_c
[ 25%] [34m[1mGenerating C type support dispatch for ROS interfaces[0m
[ 29%] [34m[1mGenerating C introspection for ROS interfaces[0m
[ 32%] [34m[1mGenerating C type support for eProsima Fast-RTPS[0m
[ 35%] [32mBuilding CXX object CMakeFiles/custom_command__rosidl_typesupport_introspection_cpp.dir/rosidl_typesupport_introspection_cpp/custom_command/msg/detail/command__type_support.cpp.o[0m
[ 38%] [32mBuilding CXX object CMakeFiles/custom_command__rosidl_typesupport_cpp.dir/rosidl_typesupport_cpp/custom_command/msg/command__type_support.cpp.o[0m
[ 41%] [32mBuilding CXX object CMakeFiles/custom_command__rosidl_typesupport_fastrtps_cpp.dir/rosidl_typesupport_fastrtps_cpp/custom_command/msg/detail/dds_fastrtps/command__type_support.cpp.o[0m
[ 45%] [32mBuilding CXX object CMakeFiles/custom_command__rosidl_typesupport_c.dir/rosidl_typesupport_c/custom_command/msg/command__type_support.cpp.o[0m
[ 48%] [32mBuilding C object CMakeFiles/custom_command__rosidl_typesupport_introspection_c.dir/rosidl_typesupport_introspection_c/custom_command/msg/detail/command__type_support.c.o[0m
[ 51%] [32mBuilding CXX object CMakeFiles/custom_command__rosidl_typesupport_fastrtps_c.dir/rosidl_typesupport_fastrtps_c/custom_command/msg/detail/command__type_support_c.cpp.o[0m
[ 54%] [32m[1mLinking CXX shared library libcustom_command__rosidl_typesupport_c.so[0m
[ 58%] [32m[1mLinking C shared library libcustom_command__rosidl_typesupport_introspection_c.so[0m
[ 58%] Built target custom_command__rosidl_typesupport_c
[ 58%] Built target custom_command__rosidl_typesupport_introspection_c
[ 61%] [32m[1mLinking CXX shared library libcustom_command__rosidl_typesupport_cpp.so[0m
[ 61%] Built target custom_command__rosidl_typesupport_cpp
[ 64%] [32m[1mLinking CXX shared library libcustom_command__rosidl_typesupport_introspection_cpp.so[0m
[ 64%] Built target custom_command__rosidl_typesupport_introspection_cpp
[ 67%] [32m[1mLinking CXX shared library libcustom_command__rosidl_typesupport_fastrtps_c.so[0m
[ 70%] [32m[1mLinking CXX shared library libcustom_command__rosidl_typesupport_fastrtps_cpp.so[0m
[ 70%] Built target custom_command__rosidl_typesupport_fastrtps_cpp
[ 70%] Built target custom_command__rosidl_typesupport_fastrtps_c
[ 70%] Built target custom_command
[ 74%] [34m[1mGenerating Python code for ROS interfaces[0m
[ 74%] Built target custom_command__py
[ 77%] [32mBuilding C object CMakeFiles/custom_command__rosidl_generator_py.dir/rosidl_generator_py/custom_command/msg/_command_s.c.o[0m
[ 80%] [32m[1mLinking C shared library rosidl_generator_py/custom_command/libcustom_command__rosidl_generator_py.so[0m
[ 80%] Built target custom_command__rosidl_generator_py
[ 83%] [32mBuilding C object CMakeFiles/custom_command__rosidl_typesupport_c__pyext.dir/rosidl_generator_py/custom_command/_custom_command_s.ep.rosidl_typesupport_c.c.o[0m
[ 87%] [32mBuilding C object CMakeFiles/custom_command__rosidl_typesupport_introspection_c__pyext.dir/rosidl_generator_py/custom_command/_custom_command_s.ep.rosidl_typesupport_introspection_c.c.o[0m
[ 90%] [32mBuilding C object CMakeFiles/custom_command__rosidl_typesupport_fastrtps_c__pyext.dir/rosidl_generator_py/custom_command/_custom_command_s.ep.rosidl_typesupport_fastrtps_c.c.o[0m
[ 93%] [32m[1mLinking C shared library rosidl_generator_py/custom_command/custom_command_s__rosidl_typesupport_c.cpython-310-x86_64-linux-gnu.so[0m
[ 96%] [32m[1mLinking C shared library rosidl_generator_py/custom_command/custom_command_s__rosidl_typesupport_fastrtps_c.cpython-310-x86_64-linux-gnu.so[0m
[100%] [32m[1mLinking C shared library rosidl_generator_py/custom_command/custom_command_s__rosidl_typesupport_introspection_c.cpython-310-x86_64-linux-gnu.so[0m
[100%] Built target custom_command__rosidl_typesupport_fastrtps_c__pyext
[100%] Built target custom_command__rosidl_typesupport_c__pyext
[100%] Built target custom_command__rosidl_typesupport_introspection_c__pyext
-- Install configuration: ""
-- Execute custom install script
-- Symlinking: /mnt/nvme1n1p6/PLCT/NAV2/nav2_sim/install/custom_command/share/ament_index/resource_index/rosidl_interfaces/custom_command
-- Symlinking: /mnt/nvme1n1p6/PLCT/NAV2/nav2_sim/install/custom_command/include/custom_command/custom_command/msg/command.h
-- Symlinking: /mnt/nvme1n1p6/PLCT/NAV2/nav2_sim/install/custom_command/include/custom_command/custom_command/msg/detail/command__functions.h
-- Symlinking: /mnt/nvme1n1p6/PLCT/NAV2/nav2_sim/install/custom_command/include/custom_command/custom_command/msg/detail/command__struct.h
-- Symlinking: /mnt/nvme1n1p6/PLCT/NAV2/nav2_sim/install/custom_command/include/custom_command/custom_command/msg/detail/command__type_support.h
-- Symlinking: /mnt/nvme1n1p6/PLCT/NAV2/nav2_sim/install/custom_command/include/custom_command/custom_command/msg/rosidl_generator_c__visibility_control.h
-- Symlinking: /mnt/nvme1n1p6/PLCT/NAV2/nav2_sim/install/custom_command/share/custom_command/environment/library_path.sh
-- Symlinking: /mnt/nvme1n1p6/PLCT/NAV2/nav2_sim/install/custom_command/share/custom_command/environment/library_path.dsv
-- Symlinking: /mnt/nvme1n1p6/PLCT/NAV2/nav2_sim/install/custom_command/include/custom_command/custom_command/msg/detail/command__rosidl_typesupport_fastrtps_c.h
-- Symlinking: /mnt/nvme1n1p6/PLCT/NAV2/nav2_sim/install/custom_command/include/custom_command/custom_command/msg/rosidl_typesupport_fastrtps_c__visibility_control.h
-- Symlinking: /mnt/nvme1n1p6/PLCT/NAV2/nav2_sim/install/custom_command/include/custom_command/custom_command/msg/detail/command__rosidl_typesupport_introspection_c.h
-- Symlinking: /mnt/nvme1n1p6/PLCT/NAV2/nav2_sim/install/custom_command/include/custom_command/custom_command/msg/rosidl_typesupport_introspection_c__visibility_control.h
-- Symlinking: /mnt/nvme1n1p6/PLCT/NAV2/nav2_sim/install/custom_command/include/custom_command/custom_command/msg/command.hpp
-- Symlinking: /mnt/nvme1n1p6/PLCT/NAV2/nav2_sim/install/custom_command/include/custom_command/custom_command/msg/detail/command__builder.hpp
-- Symlinking: /mnt/nvme1n1p6/PLCT/NAV2/nav2_sim/install/custom_command/include/custom_command/custom_command/msg/detail/command__struct.hpp
-- Symlinking: /mnt/nvme1n1p6/PLCT/NAV2/nav2_sim/install/custom_command/include/custom_command/custom_command/msg/detail/command__traits.hpp
-- Symlinking: /mnt/nvme1n1p6/PLCT/NAV2/nav2_sim/install/custom_command/include/custom_command/custom_command/msg/detail/command__type_support.hpp
-- Symlinking: /mnt/nvme1n1p6/PLCT/NAV2/nav2_sim/install/custom_command/include/custom_command/custom_command/msg/rosidl_generator_cpp__visibility_control.hpp
-- Symlinking: /mnt/nvme1n1p6/PLCT/NAV2/nav2_sim/install/custom_command/include/custom_command/custom_command/msg/detail/command__rosidl_typesupport_fastrtps_cpp.hpp
-- Symlinking: /mnt/nvme1n1p6/PLCT/NAV2/nav2_sim/install/custom_command/include/custom_command/custom_command/msg/rosidl_typesupport_fastrtps_cpp__visibility_control.h
-- Symlinking: /mnt/nvme1n1p6/PLCT/NAV2/nav2_sim/install/custom_command/include/custom_command/custom_command/msg/detail/command__rosidl_typesupport_introspection_cpp.hpp
-- Symlinking: /mnt/nvme1n1p6/PLCT/NAV2/nav2_sim/install/custom_command/share/custom_command/environment/pythonpath.sh
-- Symlinking: /mnt/nvme1n1p6/PLCT/NAV2/nav2_sim/install/custom_command/share/custom_command/environment/pythonpath.dsv
-- Symlinking: /mnt/nvme1n1p6/PLCT/NAV2/nav2_sim/install/custom_command/local/lib/python3.10/dist-packages/custom_command-0.0.0-py3.10.egg-info/PKG-INFO
-- Symlinking: /mnt/nvme1n1p6/PLCT/NAV2/nav2_sim/install/custom_command/local/lib/python3.10/dist-packages/custom_command-0.0.0-py3.10.egg-info/SOURCES.txt
-- Symlinking: /mnt/nvme1n1p6/PLCT/NAV2/nav2_sim/install/custom_command/local/lib/python3.10/dist-packages/custom_command-0.0.0-py3.10.egg-info/dependency_links.txt
-- Symlinking: /mnt/nvme1n1p6/PLCT/NAV2/nav2_sim/install/custom_command/local/lib/python3.10/dist-packages/custom_command-0.0.0-py3.10.egg-info/top_level.txt
-- Symlinking: /mnt/nvme1n1p6/PLCT/NAV2/nav2_sim/install/custom_command/local/lib/python3.10/dist-packages/custom_command/__init__.py
-- Symlinking: /mnt/nvme1n1p6/PLCT/NAV2/nav2_sim/install/custom_command/local/lib/python3.10/dist-packages/custom_command/_custom_command_s.ep.rosidl_typesupport_c.c
-- Symlinking: /mnt/nvme1n1p6/PLCT/NAV2/nav2_sim/install/custom_command/local/lib/python3.10/dist-packages/custom_command/_custom_command_s.ep.rosidl_typesupport_fastrtps_c.c
-- Symlinking: /mnt/nvme1n1p6/PLCT/NAV2/nav2_sim/install/custom_command/local/lib/python3.10/dist-packages/custom_command/_custom_command_s.ep.rosidl_typesupport_introspection_c.c
-- Symlinking: /mnt/nvme1n1p6/PLCT/NAV2/nav2_sim/install/custom_command/local/lib/python3.10/dist-packages/custom_command/custom_command_s__rosidl_typesupport_c.cpython-310-x86_64-linux-gnu.so
-- Symlinking: /mnt/nvme1n1p6/PLCT/NAV2/nav2_sim/install/custom_command/local/lib/python3.10/dist-packages/custom_command/custom_command_s__rosidl_typesupport_fastrtps_c.cpython-310-x86_64-linux-gnu.so
-- Symlinking: /mnt/nvme1n1p6/PLCT/NAV2/nav2_sim/install/custom_command/local/lib/python3.10/dist-packages/custom_command/custom_command_s__rosidl_typesupport_introspection_c.cpython-310-x86_64-linux-gnu.so
-- Symlinking: /mnt/nvme1n1p6/PLCT/NAV2/nav2_sim/install/custom_command/local/lib/python3.10/dist-packages/custom_command/libcustom_command__rosidl_generator_py.so
-- Symlinking: /mnt/nvme1n1p6/PLCT/NAV2/nav2_sim/install/custom_command/local/lib/python3.10/dist-packages/custom_command/msg/__init__.py
-- Symlinking: /mnt/nvme1n1p6/PLCT/NAV2/nav2_sim/install/custom_command/local/lib/python3.10/dist-packages/custom_command/msg/_command.py
-- Symlinking: /mnt/nvme1n1p6/PLCT/NAV2/nav2_sim/install/custom_command/local/lib/python3.10/dist-packages/custom_command/msg/_command_s.c
-- Up-to-date symlink: /mnt/nvme1n1p6/PLCT/NAV2/nav2_sim/install/custom_command/local/lib/python3.10/dist-packages/custom_command/custom_command_s__rosidl_typesupport_fastrtps_c.cpython-310-x86_64-linux-gnu.so
-- Up-to-date symlink: /mnt/nvme1n1p6/PLCT/NAV2/nav2_sim/install/custom_command/local/lib/python3.10/dist-packages/custom_command/custom_command_s__rosidl_typesupport_introspection_c.cpython-310-x86_64-linux-gnu.so
-- Up-to-date symlink: /mnt/nvme1n1p6/PLCT/NAV2/nav2_sim/install/custom_command/local/lib/python3.10/dist-packages/custom_command/custom_command_s__rosidl_typesupport_c.cpython-310-x86_64-linux-gnu.so
-- Symlinking: /mnt/nvme1n1p6/PLCT/NAV2/nav2_sim/install/custom_command/share/custom_command/msg/Command.idl
-- Symlinking: /mnt/nvme1n1p6/PLCT/NAV2/nav2_sim/install/custom_command/share/custom_command/msg/Command.msg
-- Symlinking: /mnt/nvme1n1p6/PLCT/NAV2/nav2_sim/install/custom_command/share/ament_index/resource_index/package_run_dependencies/custom_command
-- Symlinking: /mnt/nvme1n1p6/PLCT/NAV2/nav2_sim/install/custom_command/share/ament_index/resource_index/parent_prefix_path/custom_command
-- Symlinking: /mnt/nvme1n1p6/PLCT/NAV2/nav2_sim/install/custom_command/share/custom_command/environment/ament_prefix_path.sh
-- Symlinking: /mnt/nvme1n1p6/PLCT/NAV2/nav2_sim/install/custom_command/share/custom_command/environment/ament_prefix_path.dsv
-- Symlinking: /mnt/nvme1n1p6/PLCT/NAV2/nav2_sim/install/custom_command/share/custom_command/environment/path.sh
-- Symlinking: /mnt/nvme1n1p6/PLCT/NAV2/nav2_sim/install/custom_command/share/custom_command/environment/path.dsv
-- Symlinking: /mnt/nvme1n1p6/PLCT/NAV2/nav2_sim/install/custom_command/share/custom_command/local_setup.bash
-- Symlinking: /mnt/nvme1n1p6/PLCT/NAV2/nav2_sim/install/custom_command/share/custom_command/local_setup.sh
-- Symlinking: /mnt/nvme1n1p6/PLCT/NAV2/nav2_sim/install/custom_command/share/custom_command/local_setup.zsh
-- Symlinking: /mnt/nvme1n1p6/PLCT/NAV2/nav2_sim/install/custom_command/share/custom_command/local_setup.dsv
-- Symlinking: /mnt/nvme1n1p6/PLCT/NAV2/nav2_sim/install/custom_command/share/custom_command/package.dsv
-- Symlinking: /mnt/nvme1n1p6/PLCT/NAV2/nav2_sim/install/custom_command/share/ament_index/resource_index/packages/custom_command
-- Symlinking: /mnt/nvme1n1p6/PLCT/NAV2/nav2_sim/install/custom_command/share/custom_command/cmake/rosidl_cmake-extras.cmake
-- Symlinking: /mnt/nvme1n1p6/PLCT/NAV2/nav2_sim/install/custom_command/share/custom_command/cmake/ament_cmake_export_include_directories-extras.cmake
-- Symlinking: /mnt/nvme1n1p6/PLCT/NAV2/nav2_sim/install/custom_command/share/custom_command/cmake/ament_cmake_export_libraries-extras.cmake
-- Symlinking: /mnt/nvme1n1p6/PLCT/NAV2/nav2_sim/install/custom_command/share/custom_command/cmake/ament_cmake_export_targets-extras.cmake
-- Symlinking: /mnt/nvme1n1p6/PLCT/NAV2/nav2_sim/install/custom_command/share/custom_command/cmake/rosidl_cmake_export_typesupport_targets-extras.cmake
-- Symlinking: /mnt/nvme1n1p6/PLCT/NAV2/nav2_sim/install/custom_command/share/custom_command/cmake/ament_cmake_export_dependencies-extras.cmake
-- Symlinking: /mnt/nvme1n1p6/PLCT/NAV2/nav2_sim/install/custom_command/share/custom_command/cmake/rosidl_cmake_export_typesupport_libraries-extras.cmake
-- Symlinking: /mnt/nvme1n1p6/PLCT/NAV2/nav2_sim/install/custom_command/share/custom_command/cmake/custom_commandConfig.cmake
-- Symlinking: /mnt/nvme1n1p6/PLCT/NAV2/nav2_sim/install/custom_command/share/custom_command/cmake/custom_commandConfig-version.cmake
-- Symlinking: /mnt/nvme1n1p6/PLCT/NAV2/nav2_sim/install/custom_command/share/custom_command/package.xml
-- Installing: /mnt/nvme1n1p6/PLCT/NAV2/nav2_sim/install/custom_command/lib/libcustom_command__rosidl_generator_c.so
-- Set runtime path of "/mnt/nvme1n1p6/PLCT/NAV2/nav2_sim/install/custom_command/lib/libcustom_command__rosidl_generator_c.so" to ""
-- Installing: /mnt/nvme1n1p6/PLCT/NAV2/nav2_sim/install/custom_command/lib/libcustom_command__rosidl_typesupport_fastrtps_c.so
-- Set runtime path of "/mnt/nvme1n1p6/PLCT/NAV2/nav2_sim/install/custom_command/lib/libcustom_command__rosidl_typesupport_fastrtps_c.so" to ""
-- Installing: /mnt/nvme1n1p6/PLCT/NAV2/nav2_sim/install/custom_command/lib/libcustom_command__rosidl_typesupport_introspection_c.so
-- Set runtime path of "/mnt/nvme1n1p6/PLCT/NAV2/nav2_sim/install/custom_command/lib/libcustom_command__rosidl_typesupport_introspection_c.so" to ""
-- Installing: /mnt/nvme1n1p6/PLCT/NAV2/nav2_sim/install/custom_command/lib/libcustom_command__rosidl_typesupport_c.so
-- Set runtime path of "/mnt/nvme1n1p6/PLCT/NAV2/nav2_sim/install/custom_command/lib/libcustom_command__rosidl_typesupport_c.so" to ""
-- Installing: /mnt/nvme1n1p6/PLCT/NAV2/nav2_sim/install/custom_command/lib/libcustom_command__rosidl_typesupport_fastrtps_cpp.so
-- Set runtime path of "/mnt/nvme1n1p6/PLCT/NAV2/nav2_sim/install/custom_command/lib/libcustom_command__rosidl_typesupport_fastrtps_cpp.so" to ""
-- Installing: /mnt/nvme1n1p6/PLCT/NAV2/nav2_sim/install/custom_command/lib/libcustom_command__rosidl_typesupport_introspection_cpp.so
-- Set runtime path of "/mnt/nvme1n1p6/PLCT/NAV2/nav2_sim/install/custom_command/lib/libcustom_command__rosidl_typesupport_introspection_cpp.so" to ""
-- Installing: /mnt/nvme1n1p6/PLCT/NAV2/nav2_sim/install/custom_command/lib/libcustom_command__rosidl_typesupport_cpp.so
-- Set runtime path of "/mnt/nvme1n1p6/PLCT/NAV2/nav2_sim/install/custom_command/lib/libcustom_command__rosidl_typesupport_cpp.so" to ""
Listing '/mnt/nvme1n1p6/PLCT/NAV2/nav2_sim/install/custom_command/local/lib/python3.10/dist-packages/custom_command'...
Compiling '/mnt/nvme1n1p6/PLCT/NAV2/nav2_sim/install/custom_command/local/lib/python3.10/dist-packages/custom_command/__init__.py'...
Listing '/mnt/nvme1n1p6/PLCT/NAV2/nav2_sim/install/custom_command/local/lib/python3.10/dist-packages/custom_command/msg'...
Compiling '/mnt/nvme1n1p6/PLCT/NAV2/nav2_sim/install/custom_command/local/lib/python3.10/dist-packages/custom_command/msg/__init__.py'...
Compiling '/mnt/nvme1n1p6/PLCT/NAV2/nav2_sim/install/custom_command/local/lib/python3.10/dist-packages/custom_command/msg/_command.py'...
-- Installing: /mnt/nvme1n1p6/PLCT/NAV2/nav2_sim/install/custom_command/lib/libcustom_command__rosidl_generator_py.so
-- Set runtime path of "/mnt/nvme1n1p6/PLCT/NAV2/nav2_sim/install/custom_command/lib/libcustom_command__rosidl_generator_py.so" to ""
-- Installing: /mnt/nvme1n1p6/PLCT/NAV2/nav2_sim/install/custom_command/share/custom_command/cmake/export_custom_command__rosidl_generator_cExport.cmake
-- Installing: /mnt/nvme1n1p6/PLCT/NAV2/nav2_sim/install/custom_command/share/custom_command/cmake/export_custom_command__rosidl_generator_cExport-noconfig.cmake
-- Installing: /mnt/nvme1n1p6/PLCT/NAV2/nav2_sim/install/custom_command/share/custom_command/cmake/export_custom_command__rosidl_typesupport_fastrtps_cExport.cmake
-- Installing: /mnt/nvme1n1p6/PLCT/NAV2/nav2_sim/install/custom_command/share/custom_command/cmake/export_custom_command__rosidl_typesupport_fastrtps_cExport-noconfig.cmake
-- Installing: /mnt/nvme1n1p6/PLCT/NAV2/nav2_sim/install/custom_command/share/custom_command/cmake/custom_command__rosidl_typesupport_introspection_cExport.cmake
-- Installing: /mnt/nvme1n1p6/PLCT/NAV2/nav2_sim/install/custom_command/share/custom_command/cmake/custom_command__rosidl_typesupport_introspection_cExport-noconfig.cmake
-- Installing: /mnt/nvme1n1p6/PLCT/NAV2/nav2_sim/install/custom_command/share/custom_command/cmake/custom_command__rosidl_typesupport_cExport.cmake
-- Installing: /mnt/nvme1n1p6/PLCT/NAV2/nav2_sim/install/custom_command/share/custom_command/cmake/custom_command__rosidl_typesupport_cExport-noconfig.cmake
-- Installing: /mnt/nvme1n1p6/PLCT/NAV2/nav2_sim/install/custom_command/share/custom_command/cmake/export_custom_command__rosidl_generator_cppExport.cmake
-- Installing: /mnt/nvme1n1p6/PLCT/NAV2/nav2_sim/install/custom_command/share/custom_command/cmake/export_custom_command__rosidl_typesupport_fastrtps_cppExport.cmake
-- Installing: /mnt/nvme1n1p6/PLCT/NAV2/nav2_sim/install/custom_command/share/custom_command/cmake/export_custom_command__rosidl_typesupport_fastrtps_cppExport-noconfig.cmake
-- Installing: /mnt/nvme1n1p6/PLCT/NAV2/nav2_sim/install/custom_command/share/custom_command/cmake/custom_command__rosidl_typesupport_introspection_cppExport.cmake
-- Installing: /mnt/nvme1n1p6/PLCT/NAV2/nav2_sim/install/custom_command/share/custom_command/cmake/custom_command__rosidl_typesupport_introspection_cppExport-noconfig.cmake
-- Installing: /mnt/nvme1n1p6/PLCT/NAV2/nav2_sim/install/custom_command/share/custom_command/cmake/custom_command__rosidl_typesupport_cppExport.cmake
-- Installing: /mnt/nvme1n1p6/PLCT/NAV2/nav2_sim/install/custom_command/share/custom_command/cmake/custom_command__rosidl_typesupport_cppExport-noconfig.cmake
-- Installing: /mnt/nvme1n1p6/PLCT/NAV2/nav2_sim/install/custom_command/share/custom_command/cmake/export_custom_command__rosidl_generator_pyExport.cmake
-- Installing: /mnt/nvme1n1p6/PLCT/NAV2/nav2_sim/install/custom_command/share/custom_command/cmake/export_custom_command__rosidl_generator_pyExport-noconfig.cmake
