[0.035s] Invoking command in '/mnt/nvme1n1p6/PLCT/NAV2/nav2_sim/build/robot_description': CMAKE_PREFIX_PATH=${CMAKE_PREFIX_PATH}:/home/kunama/PLCT/NAV2/yahboom_src_code/slam_ws_src/install/yahboomcar_nav:/home/kunama/PLCT/NAV2/yahboom_src_code/slam_ws_src/install/yahboomcar_description:/home/kunama/PLCT/NAV2/yahboom_src_code/slam_ws_src/install/yahboomcar_ctrl:/home/kunama/PLCT/NAV2/yahboom_src_code/slam_ws_src/install/yahboomcar_bringup:/home/kunama/PLCT/NAV2/yahboom_src_code/slam_ws_src/install/yahboom_app_save_map:/home/kunama/PLCT/NAV2/yahboom_src_code/slam_ws_src/install/laserscan_to_point_publisher:/opt/ros/humble /usr/bin/cmake /mnt/nvme1n1p6/PLCT/NAV2/nav2_sim/src/robot_description -DAMENT_CMAKE_SYMLINK_INSTALL=1 -DCMAKE_INSTALL_PREFIX=/mnt/nvme1n1p6/PLCT/NAV2/nav2_sim/install/robot_description
[0.127s] -- The C compiler identification is GNU 12.3.0
[0.220s] -- The CXX compiler identification is GNU 12.3.0
[0.230s] -- Detecting C compiler ABI info
[0.335s] -- Detecting C compiler ABI info - done
[0.347s] -- Check for working C compiler: /usr/bin/cc - skipped
[0.348s] -- Detecting C compile features
[0.348s] -- Detecting C compile features - done
[0.351s] -- Detecting CXX compiler ABI info
[0.469s] -- Detecting CXX compiler ABI info - done
[0.481s] -- Check for working CXX compiler: /usr/bin/c++ - skipped
[0.481s] -- Detecting CXX compile features
[0.482s] -- Detecting CXX compile features - done
[0.489s] -- Found ament_cmake: 1.3.11 (/opt/ros/humble/share/ament_cmake/cmake)
[0.703s] -- Found Python3: /usr/bin/python3 (found version "3.10.12") found components: Interpreter 
[0.778s] -- Override CMake install command with custom implementation using symlinks instead of copying resources
[0.845s] -- Found rclcpp: 16.0.11 (/opt/ros/humble/share/rclcpp/cmake)
[0.918s] -- Found rosidl_generator_c: 3.1.6 (/opt/ros/humble/share/rosidl_generator_c/cmake)
[0.927s] -- Found rosidl_adapter: 3.1.6 (/opt/ros/humble/share/rosidl_adapter/cmake)
[0.942s] -- Found rosidl_generator_cpp: 3.1.6 (/opt/ros/humble/share/rosidl_generator_cpp/cmake)
[0.959s] -- Using all available rosidl_typesupport_c: rosidl_typesupport_fastrtps_c;rosidl_typesupport_introspection_c
[0.983s] -- Using all available rosidl_typesupport_cpp: rosidl_typesupport_fastrtps_cpp;rosidl_typesupport_introspection_cpp
[1.053s] -- Found rmw_implementation_cmake: 6.1.2 (/opt/ros/humble/share/rmw_implementation_cmake/cmake)
[1.059s] -- Found rmw_fastrtps_cpp: 6.2.7 (/opt/ros/humble/share/rmw_fastrtps_cpp/cmake)
[1.182s] -- Found OpenSSL: /usr/lib/x86_64-linux-gnu/libcrypto.so (found version "3.0.2")  
[1.206s] -- Found FastRTPS: /opt/ros/humble/include  
[1.232s] -- Using RMW implementation 'rmw_fastrtps_cpp' as default
[1.247s] -- Looking for pthread.h
[1.337s] -- Looking for pthread.h - found
[1.337s] -- Performing Test CMAKE_HAVE_LIBC_PTHREAD
[1.430s] -- Performing Test CMAKE_HAVE_LIBC_PTHREAD - Success
[1.431s] -- Found Threads: TRUE  
[1.494s] -- Found urdf: 2.6.1 (/opt/ros/humble/share/urdf/cmake)
[1.548s] -- Found robot_state_publisher: 3.0.3 (/opt/ros/humble/share/robot_state_publisher/cmake)
[1.596s] -- Found eigen3_cmake_module: 0.1.1 (/opt/ros/humble/share/eigen3_cmake_module/cmake)
[1.597s] -- Found Eigen3: TRUE (found version "3.4.0") 
[1.597s] -- Ensuring Eigen3 include directory is part of orocos-kdl CMake target
[1.752s] -- Found xacro: 2.0.8 (/opt/ros/humble/share/xacro/cmake)
[1.757s] -- Found ament_lint_auto: 0.12.11 (/opt/ros/humble/share/ament_lint_auto/cmake)
[1.865s] -- Added test 'flake8' to check Python code syntax and style conventions
[1.867s] -- Added test 'lint_cmake' to check CMake code style
[1.867s] -- Added test 'pep257' to check Python code against some of the docstring style conventions in PEP 257
[1.870s] -- Added test 'xmllint' to check XML markup files
[1.872s] -- Configuring done
[1.878s] -- Generating done
[1.880s] -- Build files have been written to: /mnt/nvme1n1p6/PLCT/NAV2/nav2_sim/build/robot_description
[1.891s] Invoked command in '/mnt/nvme1n1p6/PLCT/NAV2/nav2_sim/build/robot_description' returned '0': CMAKE_PREFIX_PATH=${CMAKE_PREFIX_PATH}:/home/kunama/PLCT/NAV2/yahboom_src_code/slam_ws_src/install/yahboomcar_nav:/home/kunama/PLCT/NAV2/yahboom_src_code/slam_ws_src/install/yahboomcar_description:/home/kunama/PLCT/NAV2/yahboom_src_code/slam_ws_src/install/yahboomcar_ctrl:/home/kunama/PLCT/NAV2/yahboom_src_code/slam_ws_src/install/yahboomcar_bringup:/home/kunama/PLCT/NAV2/yahboom_src_code/slam_ws_src/install/yahboom_app_save_map:/home/kunama/PLCT/NAV2/yahboom_src_code/slam_ws_src/install/laserscan_to_point_publisher:/opt/ros/humble /usr/bin/cmake /mnt/nvme1n1p6/PLCT/NAV2/nav2_sim/src/robot_description -DAMENT_CMAKE_SYMLINK_INSTALL=1 -DCMAKE_INSTALL_PREFIX=/mnt/nvme1n1p6/PLCT/NAV2/nav2_sim/install/robot_description
[1.894s] Invoking command in '/mnt/nvme1n1p6/PLCT/NAV2/nav2_sim/build/robot_description': CMAKE_PREFIX_PATH=${CMAKE_PREFIX_PATH}:/home/kunama/PLCT/NAV2/yahboom_src_code/slam_ws_src/install/yahboomcar_nav:/home/kunama/PLCT/NAV2/yahboom_src_code/slam_ws_src/install/yahboomcar_description:/home/kunama/PLCT/NAV2/yahboom_src_code/slam_ws_src/install/yahboomcar_ctrl:/home/kunama/PLCT/NAV2/yahboom_src_code/slam_ws_src/install/yahboomcar_bringup:/home/kunama/PLCT/NAV2/yahboom_src_code/slam_ws_src/install/yahboom_app_save_map:/home/kunama/PLCT/NAV2/yahboom_src_code/slam_ws_src/install/laserscan_to_point_publisher:/opt/ros/humble /usr/bin/cmake --build /mnt/nvme1n1p6/PLCT/NAV2/nav2_sim/build/robot_description -- -j12 -l12
[1.965s] Invoked command in '/mnt/nvme1n1p6/PLCT/NAV2/nav2_sim/build/robot_description' returned '0': CMAKE_PREFIX_PATH=${CMAKE_PREFIX_PATH}:/home/kunama/PLCT/NAV2/yahboom_src_code/slam_ws_src/install/yahboomcar_nav:/home/kunama/PLCT/NAV2/yahboom_src_code/slam_ws_src/install/yahboomcar_description:/home/kunama/PLCT/NAV2/yahboom_src_code/slam_ws_src/install/yahboomcar_ctrl:/home/kunama/PLCT/NAV2/yahboom_src_code/slam_ws_src/install/yahboomcar_bringup:/home/kunama/PLCT/NAV2/yahboom_src_code/slam_ws_src/install/yahboom_app_save_map:/home/kunama/PLCT/NAV2/yahboom_src_code/slam_ws_src/install/laserscan_to_point_publisher:/opt/ros/humble /usr/bin/cmake --build /mnt/nvme1n1p6/PLCT/NAV2/nav2_sim/build/robot_description -- -j12 -l12
[1.967s] Invoking command in '/mnt/nvme1n1p6/PLCT/NAV2/nav2_sim/build/robot_description': CMAKE_PREFIX_PATH=${CMAKE_PREFIX_PATH}:/home/kunama/PLCT/NAV2/yahboom_src_code/slam_ws_src/install/yahboomcar_nav:/home/kunama/PLCT/NAV2/yahboom_src_code/slam_ws_src/install/yahboomcar_description:/home/kunama/PLCT/NAV2/yahboom_src_code/slam_ws_src/install/yahboomcar_ctrl:/home/kunama/PLCT/NAV2/yahboom_src_code/slam_ws_src/install/yahboomcar_bringup:/home/kunama/PLCT/NAV2/yahboom_src_code/slam_ws_src/install/yahboom_app_save_map:/home/kunama/PLCT/NAV2/yahboom_src_code/slam_ws_src/install/laserscan_to_point_publisher:/opt/ros/humble /usr/bin/cmake --install /mnt/nvme1n1p6/PLCT/NAV2/nav2_sim/build/robot_description
[1.975s] -- Install configuration: ""
[1.975s] -- Execute custom install script
[1.976s] -- Symlinking: /mnt/nvme1n1p6/PLCT/NAV2/nav2_sim/install/robot_description/share/robot_description/urdf/MicroROS.urdf
[1.987s] -- Symlinking: /mnt/nvme1n1p6/PLCT/NAV2/nav2_sim/install/robot_description/share/robot_description/meshes/base_link.STL
[1.998s] -- Symlinking: /mnt/nvme1n1p6/PLCT/NAV2/nav2_sim/install/robot_description/share/robot_description/meshes/imu_Link.STL
[2.008s] -- Symlinking: /mnt/nvme1n1p6/PLCT/NAV2/nav2_sim/install/robot_description/share/robot_description/meshes/jq1_Link.STL
[2.029s] -- Symlinking: /mnt/nvme1n1p6/PLCT/NAV2/nav2_sim/install/robot_description/share/robot_description/meshes/jq2_Link.STL
[2.040s] -- Symlinking: /mnt/nvme1n1p6/PLCT/NAV2/nav2_sim/install/robot_description/share/robot_description/meshes/radar_Link.STL
[2.050s] -- Symlinking: /mnt/nvme1n1p6/PLCT/NAV2/nav2_sim/install/robot_description/share/robot_description/meshes/radar_Link3x.STL
[2.061s] -- Symlinking: /mnt/nvme1n1p6/PLCT/NAV2/nav2_sim/install/robot_description/share/robot_description/meshes/yh_Link.STL
[2.071s] -- Symlinking: /mnt/nvme1n1p6/PLCT/NAV2/nav2_sim/install/robot_description/share/robot_description/meshes/yq_Link.STL
[2.082s] -- Symlinking: /mnt/nvme1n1p6/PLCT/NAV2/nav2_sim/install/robot_description/share/robot_description/meshes/zh_Link.STL
[2.093s] -- Symlinking: /mnt/nvme1n1p6/PLCT/NAV2/nav2_sim/install/robot_description/share/robot_description/meshes/zq_Link.STL
[2.103s] -- Symlinking: /mnt/nvme1n1p6/PLCT/NAV2/nav2_sim/install/robot_description/share/robot_description/launch/robot_description_launch.py
[2.113s] -- Symlinking: /mnt/nvme1n1p6/PLCT/NAV2/nav2_sim/install/robot_description/share/robot_description/launch/robot_display_launch.py
[2.124s] -- Symlinking: /mnt/nvme1n1p6/PLCT/NAV2/nav2_sim/install/robot_description/share/robot_description/rviz/urdf_config.rviz
[2.134s] -- Symlinking: /mnt/nvme1n1p6/PLCT/NAV2/nav2_sim/install/robot_description/share/robot_description/config/ekf.yaml
[2.145s] -- Symlinking: /mnt/nvme1n1p6/PLCT/NAV2/nav2_sim/install/robot_description/share/robot_description/config/ekf_new.yaml
[2.155s] -- Symlinking: /mnt/nvme1n1p6/PLCT/NAV2/nav2_sim/install/robot_description/share/ament_index/resource_index/package_run_dependencies/robot_description
[2.166s] -- Symlinking: /mnt/nvme1n1p6/PLCT/NAV2/nav2_sim/install/robot_description/share/ament_index/resource_index/parent_prefix_path/robot_description
[2.177s] -- Symlinking: /mnt/nvme1n1p6/PLCT/NAV2/nav2_sim/install/robot_description/share/robot_description/environment/ament_prefix_path.sh
[2.187s] -- Symlinking: /mnt/nvme1n1p6/PLCT/NAV2/nav2_sim/install/robot_description/share/robot_description/environment/ament_prefix_path.dsv
[2.197s] -- Symlinking: /mnt/nvme1n1p6/PLCT/NAV2/nav2_sim/install/robot_description/share/robot_description/environment/path.sh
[2.208s] -- Symlinking: /mnt/nvme1n1p6/PLCT/NAV2/nav2_sim/install/robot_description/share/robot_description/environment/path.dsv
[2.219s] -- Symlinking: /mnt/nvme1n1p6/PLCT/NAV2/nav2_sim/install/robot_description/share/robot_description/local_setup.bash
[2.237s] -- Symlinking: /mnt/nvme1n1p6/PLCT/NAV2/nav2_sim/install/robot_description/share/robot_description/local_setup.sh
[2.256s] -- Symlinking: /mnt/nvme1n1p6/PLCT/NAV2/nav2_sim/install/robot_description/share/robot_description/local_setup.zsh
[2.267s] -- Symlinking: /mnt/nvme1n1p6/PLCT/NAV2/nav2_sim/install/robot_description/share/robot_description/local_setup.dsv
[2.278s] -- Symlinking: /mnt/nvme1n1p6/PLCT/NAV2/nav2_sim/install/robot_description/share/robot_description/package.dsv
[2.299s] -- Symlinking: /mnt/nvme1n1p6/PLCT/NAV2/nav2_sim/install/robot_description/share/ament_index/resource_index/packages/robot_description
[2.310s] -- Symlinking: /mnt/nvme1n1p6/PLCT/NAV2/nav2_sim/install/robot_description/share/robot_description/cmake/robot_descriptionConfig.cmake
[2.321s] -- Symlinking: /mnt/nvme1n1p6/PLCT/NAV2/nav2_sim/install/robot_description/share/robot_description/cmake/robot_descriptionConfig-version.cmake
[2.345s] -- Symlinking: /mnt/nvme1n1p6/PLCT/NAV2/nav2_sim/install/robot_description/share/robot_description/package.xml
[2.359s] Invoked command in '/mnt/nvme1n1p6/PLCT/NAV2/nav2_sim/build/robot_description' returned '0': CMAKE_PREFIX_PATH=${CMAKE_PREFIX_PATH}:/home/kunama/PLCT/NAV2/yahboom_src_code/slam_ws_src/install/yahboomcar_nav:/home/kunama/PLCT/NAV2/yahboom_src_code/slam_ws_src/install/yahboomcar_description:/home/kunama/PLCT/NAV2/yahboom_src_code/slam_ws_src/install/yahboomcar_ctrl:/home/kunama/PLCT/NAV2/yahboom_src_code/slam_ws_src/install/yahboomcar_bringup:/home/kunama/PLCT/NAV2/yahboom_src_code/slam_ws_src/install/yahboom_app_save_map:/home/kunama/PLCT/NAV2/yahboom_src_code/slam_ws_src/install/laserscan_to_point_publisher:/opt/ros/humble /usr/bin/cmake --install /mnt/nvme1n1p6/PLCT/NAV2/nav2_sim/build/robot_description
