[0.053s] Invoking command in '/mnt/nvme1n1p6/PLCT/NAV2/nav2_sim/build/custom_command': CMAKE_PREFIX_PATH=${CMAKE_PREFIX_PATH}:/home/kunama/PLCT/NAV2/yahboom_src_code/slam_ws_src/install/yahboomcar_nav:/home/kunama/PLCT/NAV2/yahboom_src_code/slam_ws_src/install/yahboomcar_description:/home/kunama/PLCT/NAV2/yahboom_src_code/slam_ws_src/install/yahboomcar_ctrl:/home/kunama/PLCT/NAV2/yahboom_src_code/slam_ws_src/install/yahboomcar_bringup:/home/kunama/PLCT/NAV2/yahboom_src_code/slam_ws_src/install/yahboom_app_save_map:/home/kunama/PLCT/NAV2/yahboom_src_code/slam_ws_src/install/laserscan_to_point_publisher:/opt/ros/humble /usr/bin/cmake --build /mnt/nvme1n1p6/PLCT/NAV2/nav2_sim/build/custom_command -- -j12 -l12
[0.139s] [  6%] Built target custom_command__cpp
[0.139s] [ 12%] Built target custom_command__rosidl_generator_c
[0.162s] [ 12%] Built target ament_cmake_python_symlink_custom_command
[0.194s] [ 22%] Built target custom_command__rosidl_typesupport_c
[0.194s] [ 32%] Built target custom_command__rosidl_typesupport_fastrtps_c
[0.194s] [ 41%] Built target custom_command__rosidl_typesupport_introspection_c
[0.199s] [ 51%] Built target custom_command__rosidl_typesupport_fastrtps_cpp
[0.199s] [ 61%] Built target custom_command__rosidl_typesupport_introspection_cpp
[0.200s] [ 70%] Built target custom_command__rosidl_typesupport_cpp
[0.227s] [ 70%] Built target custom_command
[0.256s] [ 74%] Built target custom_command__py
[0.286s] [ 80%] Built target custom_command__rosidl_generator_py
[0.316s] [ 87%] Built target custom_command__rosidl_typesupport_fastrtps_c__pyext
[0.317s] [ 93%] Built target custom_command__rosidl_typesupport_introspection_c__pyext
[0.319s] [100%] Built target custom_command__rosidl_typesupport_c__pyext
[0.468s] running egg_info
[0.468s] writing custom_command.egg-info/PKG-INFO
[0.469s] writing dependency_links to custom_command.egg-info/dependency_links.txt
[0.469s] writing top-level names to custom_command.egg-info/top_level.txt
[0.471s] reading manifest file 'custom_command.egg-info/SOURCES.txt'
[0.472s] writing manifest file 'custom_command.egg-info/SOURCES.txt'
[0.510s] [100%] Built target ament_cmake_python_build_custom_command_egg
[0.525s] Invoked command in '/mnt/nvme1n1p6/PLCT/NAV2/nav2_sim/build/custom_command' returned '0': CMAKE_PREFIX_PATH=${CMAKE_PREFIX_PATH}:/home/kunama/PLCT/NAV2/yahboom_src_code/slam_ws_src/install/yahboomcar_nav:/home/kunama/PLCT/NAV2/yahboom_src_code/slam_ws_src/install/yahboomcar_description:/home/kunama/PLCT/NAV2/yahboom_src_code/slam_ws_src/install/yahboomcar_ctrl:/home/kunama/PLCT/NAV2/yahboom_src_code/slam_ws_src/install/yahboomcar_bringup:/home/kunama/PLCT/NAV2/yahboom_src_code/slam_ws_src/install/yahboom_app_save_map:/home/kunama/PLCT/NAV2/yahboom_src_code/slam_ws_src/install/laserscan_to_point_publisher:/opt/ros/humble /usr/bin/cmake --build /mnt/nvme1n1p6/PLCT/NAV2/nav2_sim/build/custom_command -- -j12 -l12
[0.528s] Invoking command in '/mnt/nvme1n1p6/PLCT/NAV2/nav2_sim/build/custom_command': CMAKE_PREFIX_PATH=${CMAKE_PREFIX_PATH}:/home/kunama/PLCT/NAV2/yahboom_src_code/slam_ws_src/install/yahboomcar_nav:/home/kunama/PLCT/NAV2/yahboom_src_code/slam_ws_src/install/yahboomcar_description:/home/kunama/PLCT/NAV2/yahboom_src_code/slam_ws_src/install/yahboomcar_ctrl:/home/kunama/PLCT/NAV2/yahboom_src_code/slam_ws_src/install/yahboomcar_bringup:/home/kunama/PLCT/NAV2/yahboom_src_code/slam_ws_src/install/yahboom_app_save_map:/home/kunama/PLCT/NAV2/yahboom_src_code/slam_ws_src/install/laserscan_to_point_publisher:/opt/ros/humble /usr/bin/cmake --install /mnt/nvme1n1p6/PLCT/NAV2/nav2_sim/build/custom_command
[0.537s] -- Install configuration: ""
[0.537s] -- Execute custom install script
[0.537s] -- Up-to-date symlink: /mnt/nvme1n1p6/PLCT/NAV2/nav2_sim/install/custom_command/share/ament_index/resource_index/rosidl_interfaces/custom_command
[0.538s] -- Up-to-date symlink: /mnt/nvme1n1p6/PLCT/NAV2/nav2_sim/install/custom_command/include/custom_command/custom_command/msg/command.h
[0.538s] -- Up-to-date symlink: /mnt/nvme1n1p6/PLCT/NAV2/nav2_sim/install/custom_command/include/custom_command/custom_command/msg/detail/command__functions.h
[0.538s] -- Up-to-date symlink: /mnt/nvme1n1p6/PLCT/NAV2/nav2_sim/install/custom_command/include/custom_command/custom_command/msg/detail/command__struct.h
[0.538s] -- Up-to-date symlink: /mnt/nvme1n1p6/PLCT/NAV2/nav2_sim/install/custom_command/include/custom_command/custom_command/msg/detail/command__type_support.h
[0.538s] -- Up-to-date symlink: /mnt/nvme1n1p6/PLCT/NAV2/nav2_sim/install/custom_command/include/custom_command/custom_command/msg/rosidl_generator_c__visibility_control.h
[0.539s] -- Up-to-date symlink: /mnt/nvme1n1p6/PLCT/NAV2/nav2_sim/install/custom_command/share/custom_command/environment/library_path.sh
[0.539s] -- Up-to-date symlink: /mnt/nvme1n1p6/PLCT/NAV2/nav2_sim/install/custom_command/share/custom_command/environment/library_path.dsv
[0.539s] -- Up-to-date symlink: /mnt/nvme1n1p6/PLCT/NAV2/nav2_sim/install/custom_command/include/custom_command/custom_command/msg/detail/command__rosidl_typesupport_fastrtps_c.h
[0.539s] -- Up-to-date symlink: /mnt/nvme1n1p6/PLCT/NAV2/nav2_sim/install/custom_command/include/custom_command/custom_command/msg/rosidl_typesupport_fastrtps_c__visibility_control.h
[0.539s] -- Up-to-date symlink: /mnt/nvme1n1p6/PLCT/NAV2/nav2_sim/install/custom_command/include/custom_command/custom_command/msg/detail/command__rosidl_typesupport_introspection_c.h
[0.540s] -- Up-to-date symlink: /mnt/nvme1n1p6/PLCT/NAV2/nav2_sim/install/custom_command/include/custom_command/custom_command/msg/rosidl_typesupport_introspection_c__visibility_control.h
[0.540s] -- Up-to-date symlink: /mnt/nvme1n1p6/PLCT/NAV2/nav2_sim/install/custom_command/include/custom_command/custom_command/msg/command.hpp
[0.540s] -- Up-to-date symlink: /mnt/nvme1n1p6/PLCT/NAV2/nav2_sim/install/custom_command/include/custom_command/custom_command/msg/detail/command__builder.hpp
[0.540s] -- Up-to-date symlink: /mnt/nvme1n1p6/PLCT/NAV2/nav2_sim/install/custom_command/include/custom_command/custom_command/msg/detail/command__struct.hpp
[0.540s] -- Up-to-date symlink: /mnt/nvme1n1p6/PLCT/NAV2/nav2_sim/install/custom_command/include/custom_command/custom_command/msg/detail/command__traits.hpp
[0.541s] -- Up-to-date symlink: /mnt/nvme1n1p6/PLCT/NAV2/nav2_sim/install/custom_command/include/custom_command/custom_command/msg/detail/command__type_support.hpp
[0.541s] -- Up-to-date symlink: /mnt/nvme1n1p6/PLCT/NAV2/nav2_sim/install/custom_command/include/custom_command/custom_command/msg/rosidl_generator_cpp__visibility_control.hpp
[0.541s] -- Up-to-date symlink: /mnt/nvme1n1p6/PLCT/NAV2/nav2_sim/install/custom_command/include/custom_command/custom_command/msg/detail/command__rosidl_typesupport_fastrtps_cpp.hpp
[0.541s] -- Up-to-date symlink: /mnt/nvme1n1p6/PLCT/NAV2/nav2_sim/install/custom_command/include/custom_command/custom_command/msg/rosidl_typesupport_fastrtps_cpp__visibility_control.h
[0.541s] -- Up-to-date symlink: /mnt/nvme1n1p6/PLCT/NAV2/nav2_sim/install/custom_command/include/custom_command/custom_command/msg/detail/command__rosidl_typesupport_introspection_cpp.hpp
[0.542s] -- Up-to-date symlink: /mnt/nvme1n1p6/PLCT/NAV2/nav2_sim/install/custom_command/share/custom_command/environment/pythonpath.sh
[0.542s] -- Up-to-date symlink: /mnt/nvme1n1p6/PLCT/NAV2/nav2_sim/install/custom_command/share/custom_command/environment/pythonpath.dsv
[0.542s] -- Up-to-date symlink: /mnt/nvme1n1p6/PLCT/NAV2/nav2_sim/install/custom_command/local/lib/python3.10/dist-packages/custom_command-0.0.0-py3.10.egg-info/PKG-INFO
[0.542s] -- Up-to-date symlink: /mnt/nvme1n1p6/PLCT/NAV2/nav2_sim/install/custom_command/local/lib/python3.10/dist-packages/custom_command-0.0.0-py3.10.egg-info/SOURCES.txt
[0.543s] -- Up-to-date symlink: /mnt/nvme1n1p6/PLCT/NAV2/nav2_sim/install/custom_command/local/lib/python3.10/dist-packages/custom_command-0.0.0-py3.10.egg-info/dependency_links.txt
[0.543s] -- Up-to-date symlink: /mnt/nvme1n1p6/PLCT/NAV2/nav2_sim/install/custom_command/local/lib/python3.10/dist-packages/custom_command-0.0.0-py3.10.egg-info/top_level.txt
[0.543s] -- Up-to-date symlink: /mnt/nvme1n1p6/PLCT/NAV2/nav2_sim/install/custom_command/local/lib/python3.10/dist-packages/custom_command/__init__.py
[0.543s] -- Up-to-date symlink: /mnt/nvme1n1p6/PLCT/NAV2/nav2_sim/install/custom_command/local/lib/python3.10/dist-packages/custom_command/_custom_command_s.ep.rosidl_typesupport_c.c
[0.544s] -- Up-to-date symlink: /mnt/nvme1n1p6/PLCT/NAV2/nav2_sim/install/custom_command/local/lib/python3.10/dist-packages/custom_command/_custom_command_s.ep.rosidl_typesupport_fastrtps_c.c
[0.544s] -- Up-to-date symlink: /mnt/nvme1n1p6/PLCT/NAV2/nav2_sim/install/custom_command/local/lib/python3.10/dist-packages/custom_command/_custom_command_s.ep.rosidl_typesupport_introspection_c.c
[0.544s] -- Up-to-date symlink: /mnt/nvme1n1p6/PLCT/NAV2/nav2_sim/install/custom_command/local/lib/python3.10/dist-packages/custom_command/custom_command_s__rosidl_typesupport_c.cpython-310-x86_64-linux-gnu.so
[0.544s] -- Up-to-date symlink: /mnt/nvme1n1p6/PLCT/NAV2/nav2_sim/install/custom_command/local/lib/python3.10/dist-packages/custom_command/custom_command_s__rosidl_typesupport_fastrtps_c.cpython-310-x86_64-linux-gnu.so
[0.544s] -- Up-to-date symlink: /mnt/nvme1n1p6/PLCT/NAV2/nav2_sim/install/custom_command/local/lib/python3.10/dist-packages/custom_command/custom_command_s__rosidl_typesupport_introspection_c.cpython-310-x86_64-linux-gnu.so
[0.545s] -- Up-to-date symlink: /mnt/nvme1n1p6/PLCT/NAV2/nav2_sim/install/custom_command/local/lib/python3.10/dist-packages/custom_command/libcustom_command__rosidl_generator_py.so
[0.545s] -- Up-to-date symlink: /mnt/nvme1n1p6/PLCT/NAV2/nav2_sim/install/custom_command/local/lib/python3.10/dist-packages/custom_command/msg/__init__.py
[0.545s] -- Up-to-date symlink: /mnt/nvme1n1p6/PLCT/NAV2/nav2_sim/install/custom_command/local/lib/python3.10/dist-packages/custom_command/msg/_command.py
[0.545s] -- Up-to-date symlink: /mnt/nvme1n1p6/PLCT/NAV2/nav2_sim/install/custom_command/local/lib/python3.10/dist-packages/custom_command/msg/_command_s.c
[0.545s] -- Up-to-date symlink: /mnt/nvme1n1p6/PLCT/NAV2/nav2_sim/install/custom_command/local/lib/python3.10/dist-packages/custom_command/custom_command_s__rosidl_typesupport_fastrtps_c.cpython-310-x86_64-linux-gnu.so
[0.545s] -- Up-to-date symlink: /mnt/nvme1n1p6/PLCT/NAV2/nav2_sim/install/custom_command/local/lib/python3.10/dist-packages/custom_command/custom_command_s__rosidl_typesupport_introspection_c.cpython-310-x86_64-linux-gnu.so
[0.546s] -- Up-to-date symlink: /mnt/nvme1n1p6/PLCT/NAV2/nav2_sim/install/custom_command/local/lib/python3.10/dist-packages/custom_command/custom_command_s__rosidl_typesupport_c.cpython-310-x86_64-linux-gnu.so
[0.546s] -- Up-to-date symlink: /mnt/nvme1n1p6/PLCT/NAV2/nav2_sim/install/custom_command/share/custom_command/msg/Command.idl
[0.546s] -- Up-to-date symlink: /mnt/nvme1n1p6/PLCT/NAV2/nav2_sim/install/custom_command/share/custom_command/msg/Command.msg
[0.546s] -- Up-to-date symlink: /mnt/nvme1n1p6/PLCT/NAV2/nav2_sim/install/custom_command/share/ament_index/resource_index/package_run_dependencies/custom_command
[0.546s] -- Up-to-date symlink: /mnt/nvme1n1p6/PLCT/NAV2/nav2_sim/install/custom_command/share/ament_index/resource_index/parent_prefix_path/custom_command
[0.547s] -- Up-to-date symlink: /mnt/nvme1n1p6/PLCT/NAV2/nav2_sim/install/custom_command/share/custom_command/environment/ament_prefix_path.sh
[0.547s] -- Up-to-date symlink: /mnt/nvme1n1p6/PLCT/NAV2/nav2_sim/install/custom_command/share/custom_command/environment/ament_prefix_path.dsv
[0.547s] -- Up-to-date symlink: /mnt/nvme1n1p6/PLCT/NAV2/nav2_sim/install/custom_command/share/custom_command/environment/path.sh
[0.547s] -- Up-to-date symlink: /mnt/nvme1n1p6/PLCT/NAV2/nav2_sim/install/custom_command/share/custom_command/environment/path.dsv
[0.547s] -- Up-to-date symlink: /mnt/nvme1n1p6/PLCT/NAV2/nav2_sim/install/custom_command/share/custom_command/local_setup.bash
[0.547s] -- Up-to-date symlink: /mnt/nvme1n1p6/PLCT/NAV2/nav2_sim/install/custom_command/share/custom_command/local_setup.sh
[0.547s] -- Up-to-date symlink: /mnt/nvme1n1p6/PLCT/NAV2/nav2_sim/install/custom_command/share/custom_command/local_setup.zsh
[0.548s] -- Up-to-date symlink: /mnt/nvme1n1p6/PLCT/NAV2/nav2_sim/install/custom_command/share/custom_command/local_setup.dsv
[0.548s] -- Symlinking: /mnt/nvme1n1p6/PLCT/NAV2/nav2_sim/install/custom_command/share/custom_command/package.dsv
[0.567s] -- Up-to-date symlink: /mnt/nvme1n1p6/PLCT/NAV2/nav2_sim/install/custom_command/share/ament_index/resource_index/packages/custom_command
[0.567s] -- Up-to-date symlink: /mnt/nvme1n1p6/PLCT/NAV2/nav2_sim/install/custom_command/share/custom_command/cmake/rosidl_cmake-extras.cmake
[0.567s] -- Up-to-date symlink: /mnt/nvme1n1p6/PLCT/NAV2/nav2_sim/install/custom_command/share/custom_command/cmake/ament_cmake_export_include_directories-extras.cmake
[0.568s] -- Up-to-date symlink: /mnt/nvme1n1p6/PLCT/NAV2/nav2_sim/install/custom_command/share/custom_command/cmake/ament_cmake_export_libraries-extras.cmake
[0.568s] -- Up-to-date symlink: /mnt/nvme1n1p6/PLCT/NAV2/nav2_sim/install/custom_command/share/custom_command/cmake/ament_cmake_export_targets-extras.cmake
[0.568s] -- Up-to-date symlink: /mnt/nvme1n1p6/PLCT/NAV2/nav2_sim/install/custom_command/share/custom_command/cmake/rosidl_cmake_export_typesupport_targets-extras.cmake
[0.568s] -- Up-to-date symlink: /mnt/nvme1n1p6/PLCT/NAV2/nav2_sim/install/custom_command/share/custom_command/cmake/ament_cmake_export_dependencies-extras.cmake
[0.569s] -- Up-to-date symlink: /mnt/nvme1n1p6/PLCT/NAV2/nav2_sim/install/custom_command/share/custom_command/cmake/rosidl_cmake_export_typesupport_libraries-extras.cmake
[0.569s] -- Up-to-date symlink: /mnt/nvme1n1p6/PLCT/NAV2/nav2_sim/install/custom_command/share/custom_command/cmake/custom_commandConfig.cmake
[0.569s] -- Up-to-date symlink: /mnt/nvme1n1p6/PLCT/NAV2/nav2_sim/install/custom_command/share/custom_command/cmake/custom_commandConfig-version.cmake
[0.569s] -- Up-to-date symlink: /mnt/nvme1n1p6/PLCT/NAV2/nav2_sim/install/custom_command/share/custom_command/package.xml
[0.569s] -- Up-to-date: /mnt/nvme1n1p6/PLCT/NAV2/nav2_sim/install/custom_command/lib/libcustom_command__rosidl_generator_c.so
[0.570s] -- Up-to-date: /mnt/nvme1n1p6/PLCT/NAV2/nav2_sim/install/custom_command/lib/libcustom_command__rosidl_typesupport_fastrtps_c.so
[0.570s] -- Up-to-date: /mnt/nvme1n1p6/PLCT/NAV2/nav2_sim/install/custom_command/lib/libcustom_command__rosidl_typesupport_introspection_c.so
[0.570s] -- Up-to-date: /mnt/nvme1n1p6/PLCT/NAV2/nav2_sim/install/custom_command/lib/libcustom_command__rosidl_typesupport_c.so
[0.570s] -- Up-to-date: /mnt/nvme1n1p6/PLCT/NAV2/nav2_sim/install/custom_command/lib/libcustom_command__rosidl_typesupport_fastrtps_cpp.so
[0.570s] -- Up-to-date: /mnt/nvme1n1p6/PLCT/NAV2/nav2_sim/install/custom_command/lib/libcustom_command__rosidl_typesupport_introspection_cpp.so
[0.571s] -- Up-to-date: /mnt/nvme1n1p6/PLCT/NAV2/nav2_sim/install/custom_command/lib/libcustom_command__rosidl_typesupport_cpp.so
[0.605s] Listing '/mnt/nvme1n1p6/PLCT/NAV2/nav2_sim/install/custom_command/local/lib/python3.10/dist-packages/custom_command'...
[0.605s] Listing '/mnt/nvme1n1p6/PLCT/NAV2/nav2_sim/install/custom_command/local/lib/python3.10/dist-packages/custom_command/msg'...
[0.611s] -- Up-to-date: /mnt/nvme1n1p6/PLCT/NAV2/nav2_sim/install/custom_command/lib/libcustom_command__rosidl_generator_py.so
[0.611s] -- Up-to-date: /mnt/nvme1n1p6/PLCT/NAV2/nav2_sim/install/custom_command/share/custom_command/cmake/export_custom_command__rosidl_generator_cExport.cmake
[0.611s] -- Up-to-date: /mnt/nvme1n1p6/PLCT/NAV2/nav2_sim/install/custom_command/share/custom_command/cmake/export_custom_command__rosidl_generator_cExport-noconfig.cmake
[0.612s] -- Up-to-date: /mnt/nvme1n1p6/PLCT/NAV2/nav2_sim/install/custom_command/share/custom_command/cmake/export_custom_command__rosidl_typesupport_fastrtps_cExport.cmake
[0.612s] -- Up-to-date: /mnt/nvme1n1p6/PLCT/NAV2/nav2_sim/install/custom_command/share/custom_command/cmake/export_custom_command__rosidl_typesupport_fastrtps_cExport-noconfig.cmake
[0.612s] -- Up-to-date: /mnt/nvme1n1p6/PLCT/NAV2/nav2_sim/install/custom_command/share/custom_command/cmake/custom_command__rosidl_typesupport_introspection_cExport.cmake
[0.612s] -- Up-to-date: /mnt/nvme1n1p6/PLCT/NAV2/nav2_sim/install/custom_command/share/custom_command/cmake/custom_command__rosidl_typesupport_introspection_cExport-noconfig.cmake
[0.612s] -- Up-to-date: /mnt/nvme1n1p6/PLCT/NAV2/nav2_sim/install/custom_command/share/custom_command/cmake/custom_command__rosidl_typesupport_cExport.cmake
[0.613s] -- Up-to-date: /mnt/nvme1n1p6/PLCT/NAV2/nav2_sim/install/custom_command/share/custom_command/cmake/custom_command__rosidl_typesupport_cExport-noconfig.cmake
[0.613s] -- Up-to-date: /mnt/nvme1n1p6/PLCT/NAV2/nav2_sim/install/custom_command/share/custom_command/cmake/export_custom_command__rosidl_generator_cppExport.cmake
[0.613s] -- Up-to-date: /mnt/nvme1n1p6/PLCT/NAV2/nav2_sim/install/custom_command/share/custom_command/cmake/export_custom_command__rosidl_typesupport_fastrtps_cppExport.cmake
[0.613s] -- Up-to-date: /mnt/nvme1n1p6/PLCT/NAV2/nav2_sim/install/custom_command/share/custom_command/cmake/export_custom_command__rosidl_typesupport_fastrtps_cppExport-noconfig.cmake
[0.613s] -- Up-to-date: /mnt/nvme1n1p6/PLCT/NAV2/nav2_sim/install/custom_command/share/custom_command/cmake/custom_command__rosidl_typesupport_introspection_cppExport.cmake
[0.613s] -- Up-to-date: /mnt/nvme1n1p6/PLCT/NAV2/nav2_sim/install/custom_command/share/custom_command/cmake/custom_command__rosidl_typesupport_introspection_cppExport-noconfig.cmake
[0.613s] -- Up-to-date: /mnt/nvme1n1p6/PLCT/NAV2/nav2_sim/install/custom_command/share/custom_command/cmake/custom_command__rosidl_typesupport_cppExport.cmake
[0.614s] -- Up-to-date: /mnt/nvme1n1p6/PLCT/NAV2/nav2_sim/install/custom_command/share/custom_command/cmake/custom_command__rosidl_typesupport_cppExport-noconfig.cmake
[0.614s] -- Up-to-date: /mnt/nvme1n1p6/PLCT/NAV2/nav2_sim/install/custom_command/share/custom_command/cmake/export_custom_command__rosidl_generator_pyExport.cmake
[0.614s] -- Up-to-date: /mnt/nvme1n1p6/PLCT/NAV2/nav2_sim/install/custom_command/share/custom_command/cmake/export_custom_command__rosidl_generator_pyExport-noconfig.cmake
[0.617s] Invoked command in '/mnt/nvme1n1p6/PLCT/NAV2/nav2_sim/build/custom_command' returned '0': CMAKE_PREFIX_PATH=${CMAKE_PREFIX_PATH}:/home/kunama/PLCT/NAV2/yahboom_src_code/slam_ws_src/install/yahboomcar_nav:/home/kunama/PLCT/NAV2/yahboom_src_code/slam_ws_src/install/yahboomcar_description:/home/kunama/PLCT/NAV2/yahboom_src_code/slam_ws_src/install/yahboomcar_ctrl:/home/kunama/PLCT/NAV2/yahboom_src_code/slam_ws_src/install/yahboomcar_bringup:/home/kunama/PLCT/NAV2/yahboom_src_code/slam_ws_src/install/yahboom_app_save_map:/home/kunama/PLCT/NAV2/yahboom_src_code/slam_ws_src/install/laserscan_to_point_publisher:/opt/ros/humble /usr/bin/cmake --install /mnt/nvme1n1p6/PLCT/NAV2/nav2_sim/build/custom_command
