[0.045s] Invoking command in '/mnt/nvme1n1p6/PLCT/NAV2/nav2_sim/build/custom_command': CMAKE_PREFIX_PATH=${CMAKE_PREFIX_PATH}:/home/kunama/PLCT/NAV2/yahboom_src_code/slam_ws_src/install/yahboomcar_nav:/home/kunama/PLCT/NAV2/yahboom_src_code/slam_ws_src/install/yahboomcar_description:/home/kunama/PLCT/NAV2/yahboom_src_code/slam_ws_src/install/yahboomcar_ctrl:/home/kunama/PLCT/NAV2/yahboom_src_code/slam_ws_src/install/yahboomcar_bringup:/home/kunama/PLCT/NAV2/yahboom_src_code/slam_ws_src/install/yahboom_app_save_map:/home/kunama/PLCT/NAV2/yahboom_src_code/slam_ws_src/install/laserscan_to_point_publisher:/opt/ros/humble /usr/bin/cmake --build /mnt/nvme1n1p6/PLCT/NAV2/nav2_sim/build/custom_command -- -j12 -l12
[0.098s] [35m[1mConsolidate compiler generated dependencies of target custom_command__rosidl_generator_c[0m
[0.114s] [  3%] Built target custom_command__cpp
[0.117s] [ 12%] Built target custom_command__rosidl_generator_c
[0.130s] [ 12%] Built target ament_cmake_python_symlink_custom_command
[0.132s] [35m[1mConsolidate compiler generated dependencies of target custom_command__rosidl_typesupport_introspection_cpp[0m
[0.132s] [35m[1mConsolidate compiler generated dependencies of target custom_command__rosidl_typesupport_cpp[0m
[0.137s] [35m[1mConsolidate compiler generated dependencies of target custom_command__rosidl_typesupport_fastrtps_cpp[0m
[0.138s] [35m[1mConsolidate compiler generated dependencies of target custom_command__rosidl_typesupport_c[0m
[0.140s] [35m[1mConsolidate compiler generated dependencies of target custom_command__rosidl_typesupport_introspection_c[0m
[0.142s] [35m[1mConsolidate compiler generated dependencies of target custom_command__rosidl_typesupport_fastrtps_c[0m
[0.157s] [ 22%] Built target custom_command__rosidl_typesupport_cpp
[0.159s] [ 32%] Built target custom_command__rosidl_typesupport_introspection_cpp
[0.163s] [ 41%] Built target custom_command__rosidl_typesupport_c
[0.165s] [ 61%] Built target custom_command__rosidl_typesupport_introspection_c
[0.165s] [ 61%] Built target custom_command__rosidl_typesupport_fastrtps_cpp
[0.168s] [ 70%] Built target custom_command__rosidl_typesupport_fastrtps_c
[0.197s] [ 70%] Built target custom_command
[0.228s] [ 74%] Built target custom_command__py
[0.243s] [35m[1mConsolidate compiler generated dependencies of target custom_command__rosidl_generator_py[0m
[0.262s] [ 80%] Built target custom_command__rosidl_generator_py
[0.278s] [35m[1mConsolidate compiler generated dependencies of target custom_command__rosidl_typesupport_fastrtps_c__pyext[0m
[0.278s] [35m[1mConsolidate compiler generated dependencies of target custom_command__rosidl_typesupport_introspection_c__pyext[0m
[0.280s] [35m[1mConsolidate compiler generated dependencies of target custom_command__rosidl_typesupport_c__pyext[0m
[0.299s] [ 87%] Built target custom_command__rosidl_typesupport_fastrtps_c__pyext
[0.301s] [ 93%] Built target custom_command__rosidl_typesupport_c__pyext
[0.301s] [100%] Built target custom_command__rosidl_typesupport_introspection_c__pyext
[0.478s] running egg_info
[0.478s] writing custom_command.egg-info/PKG-INFO
[0.479s] writing dependency_links to custom_command.egg-info/dependency_links.txt
[0.479s] writing top-level names to custom_command.egg-info/top_level.txt
[0.481s] reading manifest file 'custom_command.egg-info/SOURCES.txt'
[0.482s] writing manifest file 'custom_command.egg-info/SOURCES.txt'
[0.526s] [100%] Built target ament_cmake_python_build_custom_command_egg
[0.541s] Invoked command in '/mnt/nvme1n1p6/PLCT/NAV2/nav2_sim/build/custom_command' returned '0': CMAKE_PREFIX_PATH=${CMAKE_PREFIX_PATH}:/home/kunama/PLCT/NAV2/yahboom_src_code/slam_ws_src/install/yahboomcar_nav:/home/kunama/PLCT/NAV2/yahboom_src_code/slam_ws_src/install/yahboomcar_description:/home/kunama/PLCT/NAV2/yahboom_src_code/slam_ws_src/install/yahboomcar_ctrl:/home/kunama/PLCT/NAV2/yahboom_src_code/slam_ws_src/install/yahboomcar_bringup:/home/kunama/PLCT/NAV2/yahboom_src_code/slam_ws_src/install/yahboom_app_save_map:/home/kunama/PLCT/NAV2/yahboom_src_code/slam_ws_src/install/laserscan_to_point_publisher:/opt/ros/humble /usr/bin/cmake --build /mnt/nvme1n1p6/PLCT/NAV2/nav2_sim/build/custom_command -- -j12 -l12
[0.543s] Invoking command in '/mnt/nvme1n1p6/PLCT/NAV2/nav2_sim/build/custom_command': CMAKE_PREFIX_PATH=${CMAKE_PREFIX_PATH}:/home/kunama/PLCT/NAV2/yahboom_src_code/slam_ws_src/install/yahboomcar_nav:/home/kunama/PLCT/NAV2/yahboom_src_code/slam_ws_src/install/yahboomcar_description:/home/kunama/PLCT/NAV2/yahboom_src_code/slam_ws_src/install/yahboomcar_ctrl:/home/kunama/PLCT/NAV2/yahboom_src_code/slam_ws_src/install/yahboomcar_bringup:/home/kunama/PLCT/NAV2/yahboom_src_code/slam_ws_src/install/yahboom_app_save_map:/home/kunama/PLCT/NAV2/yahboom_src_code/slam_ws_src/install/laserscan_to_point_publisher:/opt/ros/humble /usr/bin/cmake --install /mnt/nvme1n1p6/PLCT/NAV2/nav2_sim/build/custom_command
[0.552s] -- Install configuration: ""
[0.553s] -- Execute custom install script
[0.553s] -- Up-to-date symlink: /mnt/nvme1n1p6/PLCT/NAV2/nav2_sim/install/custom_command/share/ament_index/resource_index/rosidl_interfaces/custom_command
[0.554s] -- Up-to-date symlink: /mnt/nvme1n1p6/PLCT/NAV2/nav2_sim/install/custom_command/include/custom_command/custom_command/msg/command.h
[0.554s] -- Up-to-date symlink: /mnt/nvme1n1p6/PLCT/NAV2/nav2_sim/install/custom_command/include/custom_command/custom_command/msg/detail/command__functions.h
[0.554s] -- Up-to-date symlink: /mnt/nvme1n1p6/PLCT/NAV2/nav2_sim/install/custom_command/include/custom_command/custom_command/msg/detail/command__struct.h
[0.554s] -- Up-to-date symlink: /mnt/nvme1n1p6/PLCT/NAV2/nav2_sim/install/custom_command/include/custom_command/custom_command/msg/detail/command__type_support.h
[0.554s] -- Up-to-date symlink: /mnt/nvme1n1p6/PLCT/NAV2/nav2_sim/install/custom_command/include/custom_command/custom_command/msg/rosidl_generator_c__visibility_control.h
[0.555s] -- Up-to-date symlink: /mnt/nvme1n1p6/PLCT/NAV2/nav2_sim/install/custom_command/share/custom_command/environment/library_path.sh
[0.555s] -- Up-to-date symlink: /mnt/nvme1n1p6/PLCT/NAV2/nav2_sim/install/custom_command/share/custom_command/environment/library_path.dsv
[0.555s] -- Up-to-date symlink: /mnt/nvme1n1p6/PLCT/NAV2/nav2_sim/install/custom_command/include/custom_command/custom_command/msg/detail/command__rosidl_typesupport_fastrtps_c.h
[0.555s] -- Up-to-date symlink: /mnt/nvme1n1p6/PLCT/NAV2/nav2_sim/install/custom_command/include/custom_command/custom_command/msg/rosidl_typesupport_fastrtps_c__visibility_control.h
[0.556s] -- Up-to-date symlink: /mnt/nvme1n1p6/PLCT/NAV2/nav2_sim/install/custom_command/include/custom_command/custom_command/msg/detail/command__rosidl_typesupport_introspection_c.h
[0.556s] -- Up-to-date symlink: /mnt/nvme1n1p6/PLCT/NAV2/nav2_sim/install/custom_command/include/custom_command/custom_command/msg/rosidl_typesupport_introspection_c__visibility_control.h
[0.556s] -- Up-to-date symlink: /mnt/nvme1n1p6/PLCT/NAV2/nav2_sim/install/custom_command/include/custom_command/custom_command/msg/command.hpp
[0.557s] -- Up-to-date symlink: /mnt/nvme1n1p6/PLCT/NAV2/nav2_sim/install/custom_command/include/custom_command/custom_command/msg/detail/command__builder.hpp
[0.557s] -- Up-to-date symlink: /mnt/nvme1n1p6/PLCT/NAV2/nav2_sim/install/custom_command/include/custom_command/custom_command/msg/detail/command__struct.hpp
[0.557s] -- Up-to-date symlink: /mnt/nvme1n1p6/PLCT/NAV2/nav2_sim/install/custom_command/include/custom_command/custom_command/msg/detail/command__traits.hpp
[0.557s] -- Up-to-date symlink: /mnt/nvme1n1p6/PLCT/NAV2/nav2_sim/install/custom_command/include/custom_command/custom_command/msg/detail/command__type_support.hpp
[0.557s] -- Up-to-date symlink: /mnt/nvme1n1p6/PLCT/NAV2/nav2_sim/install/custom_command/include/custom_command/custom_command/msg/rosidl_generator_cpp__visibility_control.hpp
[0.558s] -- Up-to-date symlink: /mnt/nvme1n1p6/PLCT/NAV2/nav2_sim/install/custom_command/include/custom_command/custom_command/msg/detail/command__rosidl_typesupport_fastrtps_cpp.hpp
[0.558s] -- Up-to-date symlink: /mnt/nvme1n1p6/PLCT/NAV2/nav2_sim/install/custom_command/include/custom_command/custom_command/msg/rosidl_typesupport_fastrtps_cpp__visibility_control.h
[0.558s] -- Up-to-date symlink: /mnt/nvme1n1p6/PLCT/NAV2/nav2_sim/install/custom_command/include/custom_command/custom_command/msg/detail/command__rosidl_typesupport_introspection_cpp.hpp
[0.559s] -- Up-to-date symlink: /mnt/nvme1n1p6/PLCT/NAV2/nav2_sim/install/custom_command/share/custom_command/environment/pythonpath.sh
[0.560s] -- Up-to-date symlink: /mnt/nvme1n1p6/PLCT/NAV2/nav2_sim/install/custom_command/share/custom_command/environment/pythonpath.dsv
[0.560s] -- Up-to-date symlink: /mnt/nvme1n1p6/PLCT/NAV2/nav2_sim/install/custom_command/local/lib/python3.10/dist-packages/custom_command-0.0.0-py3.10.egg-info/PKG-INFO
[0.560s] -- Up-to-date symlink: /mnt/nvme1n1p6/PLCT/NAV2/nav2_sim/install/custom_command/local/lib/python3.10/dist-packages/custom_command-0.0.0-py3.10.egg-info/SOURCES.txt
[0.560s] -- Up-to-date symlink: /mnt/nvme1n1p6/PLCT/NAV2/nav2_sim/install/custom_command/local/lib/python3.10/dist-packages/custom_command-0.0.0-py3.10.egg-info/dependency_links.txt
[0.560s] -- Up-to-date symlink: /mnt/nvme1n1p6/PLCT/NAV2/nav2_sim/install/custom_command/local/lib/python3.10/dist-packages/custom_command-0.0.0-py3.10.egg-info/top_level.txt
[0.561s] -- Up-to-date symlink: /mnt/nvme1n1p6/PLCT/NAV2/nav2_sim/install/custom_command/local/lib/python3.10/dist-packages/custom_command/__init__.py
[0.561s] -- Up-to-date symlink: /mnt/nvme1n1p6/PLCT/NAV2/nav2_sim/install/custom_command/local/lib/python3.10/dist-packages/custom_command/_custom_command_s.ep.rosidl_typesupport_c.c
[0.561s] -- Up-to-date symlink: /mnt/nvme1n1p6/PLCT/NAV2/nav2_sim/install/custom_command/local/lib/python3.10/dist-packages/custom_command/_custom_command_s.ep.rosidl_typesupport_fastrtps_c.c
[0.561s] -- Up-to-date symlink: /mnt/nvme1n1p6/PLCT/NAV2/nav2_sim/install/custom_command/local/lib/python3.10/dist-packages/custom_command/_custom_command_s.ep.rosidl_typesupport_introspection_c.c
[0.561s] -- Up-to-date symlink: /mnt/nvme1n1p6/PLCT/NAV2/nav2_sim/install/custom_command/local/lib/python3.10/dist-packages/custom_command/custom_command_s__rosidl_typesupport_c.cpython-310-x86_64-linux-gnu.so
[0.562s] -- Up-to-date symlink: /mnt/nvme1n1p6/PLCT/NAV2/nav2_sim/install/custom_command/local/lib/python3.10/dist-packages/custom_command/custom_command_s__rosidl_typesupport_fastrtps_c.cpython-310-x86_64-linux-gnu.so
[0.562s] -- Up-to-date symlink: /mnt/nvme1n1p6/PLCT/NAV2/nav2_sim/install/custom_command/local/lib/python3.10/dist-packages/custom_command/custom_command_s__rosidl_typesupport_introspection_c.cpython-310-x86_64-linux-gnu.so
[0.562s] -- Up-to-date symlink: /mnt/nvme1n1p6/PLCT/NAV2/nav2_sim/install/custom_command/local/lib/python3.10/dist-packages/custom_command/libcustom_command__rosidl_generator_py.so
[0.562s] -- Up-to-date symlink: /mnt/nvme1n1p6/PLCT/NAV2/nav2_sim/install/custom_command/local/lib/python3.10/dist-packages/custom_command/msg/__init__.py
[0.562s] -- Up-to-date symlink: /mnt/nvme1n1p6/PLCT/NAV2/nav2_sim/install/custom_command/local/lib/python3.10/dist-packages/custom_command/msg/_command.py
[0.562s] -- Up-to-date symlink: /mnt/nvme1n1p6/PLCT/NAV2/nav2_sim/install/custom_command/local/lib/python3.10/dist-packages/custom_command/msg/_command_s.c
[0.563s] -- Up-to-date symlink: /mnt/nvme1n1p6/PLCT/NAV2/nav2_sim/install/custom_command/local/lib/python3.10/dist-packages/custom_command/custom_command_s__rosidl_typesupport_fastrtps_c.cpython-310-x86_64-linux-gnu.so
[0.563s] -- Up-to-date symlink: /mnt/nvme1n1p6/PLCT/NAV2/nav2_sim/install/custom_command/local/lib/python3.10/dist-packages/custom_command/custom_command_s__rosidl_typesupport_introspection_c.cpython-310-x86_64-linux-gnu.so
[0.563s] -- Up-to-date symlink: /mnt/nvme1n1p6/PLCT/NAV2/nav2_sim/install/custom_command/local/lib/python3.10/dist-packages/custom_command/custom_command_s__rosidl_typesupport_c.cpython-310-x86_64-linux-gnu.so
[0.564s] -- Up-to-date symlink: /mnt/nvme1n1p6/PLCT/NAV2/nav2_sim/install/custom_command/share/custom_command/msg/Command.idl
[0.564s] -- Up-to-date symlink: /mnt/nvme1n1p6/PLCT/NAV2/nav2_sim/install/custom_command/share/custom_command/msg/Command.msg
[0.564s] -- Up-to-date symlink: /mnt/nvme1n1p6/PLCT/NAV2/nav2_sim/install/custom_command/share/ament_index/resource_index/package_run_dependencies/custom_command
[0.565s] -- Up-to-date symlink: /mnt/nvme1n1p6/PLCT/NAV2/nav2_sim/install/custom_command/share/ament_index/resource_index/parent_prefix_path/custom_command
[0.565s] -- Up-to-date symlink: /mnt/nvme1n1p6/PLCT/NAV2/nav2_sim/install/custom_command/share/custom_command/environment/ament_prefix_path.sh
[0.565s] -- Up-to-date symlink: /mnt/nvme1n1p6/PLCT/NAV2/nav2_sim/install/custom_command/share/custom_command/environment/ament_prefix_path.dsv
[0.565s] -- Up-to-date symlink: /mnt/nvme1n1p6/PLCT/NAV2/nav2_sim/install/custom_command/share/custom_command/environment/path.sh
[0.565s] -- Up-to-date symlink: /mnt/nvme1n1p6/PLCT/NAV2/nav2_sim/install/custom_command/share/custom_command/environment/path.dsv
[0.565s] -- Up-to-date symlink: /mnt/nvme1n1p6/PLCT/NAV2/nav2_sim/install/custom_command/share/custom_command/local_setup.bash
[0.566s] -- Up-to-date symlink: /mnt/nvme1n1p6/PLCT/NAV2/nav2_sim/install/custom_command/share/custom_command/local_setup.sh
[0.566s] -- Up-to-date symlink: /mnt/nvme1n1p6/PLCT/NAV2/nav2_sim/install/custom_command/share/custom_command/local_setup.zsh
[0.566s] -- Up-to-date symlink: /mnt/nvme1n1p6/PLCT/NAV2/nav2_sim/install/custom_command/share/custom_command/local_setup.dsv
[0.566s] -- Symlinking: /mnt/nvme1n1p6/PLCT/NAV2/nav2_sim/install/custom_command/share/custom_command/package.dsv
[0.578s] -- Up-to-date symlink: /mnt/nvme1n1p6/PLCT/NAV2/nav2_sim/install/custom_command/share/ament_index/resource_index/packages/custom_command
[0.578s] -- Up-to-date symlink: /mnt/nvme1n1p6/PLCT/NAV2/nav2_sim/install/custom_command/share/custom_command/cmake/rosidl_cmake-extras.cmake
[0.579s] -- Up-to-date symlink: /mnt/nvme1n1p6/PLCT/NAV2/nav2_sim/install/custom_command/share/custom_command/cmake/ament_cmake_export_include_directories-extras.cmake
[0.579s] -- Up-to-date symlink: /mnt/nvme1n1p6/PLCT/NAV2/nav2_sim/install/custom_command/share/custom_command/cmake/ament_cmake_export_libraries-extras.cmake
[0.579s] -- Up-to-date symlink: /mnt/nvme1n1p6/PLCT/NAV2/nav2_sim/install/custom_command/share/custom_command/cmake/ament_cmake_export_targets-extras.cmake
[0.579s] -- Up-to-date symlink: /mnt/nvme1n1p6/PLCT/NAV2/nav2_sim/install/custom_command/share/custom_command/cmake/rosidl_cmake_export_typesupport_targets-extras.cmake
[0.579s] -- Up-to-date symlink: /mnt/nvme1n1p6/PLCT/NAV2/nav2_sim/install/custom_command/share/custom_command/cmake/ament_cmake_export_dependencies-extras.cmake
[0.580s] -- Up-to-date symlink: /mnt/nvme1n1p6/PLCT/NAV2/nav2_sim/install/custom_command/share/custom_command/cmake/rosidl_cmake_export_typesupport_libraries-extras.cmake
[0.580s] -- Up-to-date symlink: /mnt/nvme1n1p6/PLCT/NAV2/nav2_sim/install/custom_command/share/custom_command/cmake/custom_commandConfig.cmake
[0.580s] -- Up-to-date symlink: /mnt/nvme1n1p6/PLCT/NAV2/nav2_sim/install/custom_command/share/custom_command/cmake/custom_commandConfig-version.cmake
[0.580s] -- Up-to-date symlink: /mnt/nvme1n1p6/PLCT/NAV2/nav2_sim/install/custom_command/share/custom_command/package.xml
[0.580s] -- Up-to-date: /mnt/nvme1n1p6/PLCT/NAV2/nav2_sim/install/custom_command/lib/libcustom_command__rosidl_generator_c.so
[0.581s] -- Up-to-date: /mnt/nvme1n1p6/PLCT/NAV2/nav2_sim/install/custom_command/lib/libcustom_command__rosidl_typesupport_fastrtps_c.so
[0.581s] -- Up-to-date: /mnt/nvme1n1p6/PLCT/NAV2/nav2_sim/install/custom_command/lib/libcustom_command__rosidl_typesupport_introspection_c.so
[0.582s] -- Up-to-date: /mnt/nvme1n1p6/PLCT/NAV2/nav2_sim/install/custom_command/lib/libcustom_command__rosidl_typesupport_c.so
[0.582s] -- Up-to-date: /mnt/nvme1n1p6/PLCT/NAV2/nav2_sim/install/custom_command/lib/libcustom_command__rosidl_typesupport_fastrtps_cpp.so
[0.582s] -- Up-to-date: /mnt/nvme1n1p6/PLCT/NAV2/nav2_sim/install/custom_command/lib/libcustom_command__rosidl_typesupport_introspection_cpp.so
[0.582s] -- Up-to-date: /mnt/nvme1n1p6/PLCT/NAV2/nav2_sim/install/custom_command/lib/libcustom_command__rosidl_typesupport_cpp.so
[0.622s] Listing '/mnt/nvme1n1p6/PLCT/NAV2/nav2_sim/install/custom_command/local/lib/python3.10/dist-packages/custom_command'...
[0.622s] Listing '/mnt/nvme1n1p6/PLCT/NAV2/nav2_sim/install/custom_command/local/lib/python3.10/dist-packages/custom_command/msg'...
[0.628s] -- Up-to-date: /mnt/nvme1n1p6/PLCT/NAV2/nav2_sim/install/custom_command/lib/libcustom_command__rosidl_generator_py.so
[0.629s] -- Up-to-date: /mnt/nvme1n1p6/PLCT/NAV2/nav2_sim/install/custom_command/share/custom_command/cmake/export_custom_command__rosidl_generator_cExport.cmake
[0.629s] -- Up-to-date: /mnt/nvme1n1p6/PLCT/NAV2/nav2_sim/install/custom_command/share/custom_command/cmake/export_custom_command__rosidl_generator_cExport-noconfig.cmake
[0.629s] -- Up-to-date: /mnt/nvme1n1p6/PLCT/NAV2/nav2_sim/install/custom_command/share/custom_command/cmake/export_custom_command__rosidl_typesupport_fastrtps_cExport.cmake
[0.629s] -- Up-to-date: /mnt/nvme1n1p6/PLCT/NAV2/nav2_sim/install/custom_command/share/custom_command/cmake/export_custom_command__rosidl_typesupport_fastrtps_cExport-noconfig.cmake
[0.629s] -- Up-to-date: /mnt/nvme1n1p6/PLCT/NAV2/nav2_sim/install/custom_command/share/custom_command/cmake/custom_command__rosidl_typesupport_introspection_cExport.cmake
[0.629s] -- Up-to-date: /mnt/nvme1n1p6/PLCT/NAV2/nav2_sim/install/custom_command/share/custom_command/cmake/custom_command__rosidl_typesupport_introspection_cExport-noconfig.cmake
[0.629s] -- Up-to-date: /mnt/nvme1n1p6/PLCT/NAV2/nav2_sim/install/custom_command/share/custom_command/cmake/custom_command__rosidl_typesupport_cExport.cmake
[0.629s] -- Up-to-date: /mnt/nvme1n1p6/PLCT/NAV2/nav2_sim/install/custom_command/share/custom_command/cmake/custom_command__rosidl_typesupport_cExport-noconfig.cmake
[0.629s] -- Up-to-date: /mnt/nvme1n1p6/PLCT/NAV2/nav2_sim/install/custom_command/share/custom_command/cmake/export_custom_command__rosidl_generator_cppExport.cmake
[0.630s] -- Up-to-date: /mnt/nvme1n1p6/PLCT/NAV2/nav2_sim/install/custom_command/share/custom_command/cmake/export_custom_command__rosidl_typesupport_fastrtps_cppExport.cmake
[0.630s] -- Up-to-date: /mnt/nvme1n1p6/PLCT/NAV2/nav2_sim/install/custom_command/share/custom_command/cmake/export_custom_command__rosidl_typesupport_fastrtps_cppExport-noconfig.cmake
[0.630s] -- Up-to-date: /mnt/nvme1n1p6/PLCT/NAV2/nav2_sim/install/custom_command/share/custom_command/cmake/custom_command__rosidl_typesupport_introspection_cppExport.cmake
[0.630s] -- Up-to-date: /mnt/nvme1n1p6/PLCT/NAV2/nav2_sim/install/custom_command/share/custom_command/cmake/custom_command__rosidl_typesupport_introspection_cppExport-noconfig.cmake
[0.630s] -- Up-to-date: /mnt/nvme1n1p6/PLCT/NAV2/nav2_sim/install/custom_command/share/custom_command/cmake/custom_command__rosidl_typesupport_cppExport.cmake
[0.630s] -- Up-to-date: /mnt/nvme1n1p6/PLCT/NAV2/nav2_sim/install/custom_command/share/custom_command/cmake/custom_command__rosidl_typesupport_cppExport-noconfig.cmake
[0.630s] -- Up-to-date: /mnt/nvme1n1p6/PLCT/NAV2/nav2_sim/install/custom_command/share/custom_command/cmake/export_custom_command__rosidl_generator_pyExport.cmake
[0.630s] -- Up-to-date: /mnt/nvme1n1p6/PLCT/NAV2/nav2_sim/install/custom_command/share/custom_command/cmake/export_custom_command__rosidl_generator_pyExport-noconfig.cmake
[0.634s] Invoked command in '/mnt/nvme1n1p6/PLCT/NAV2/nav2_sim/build/custom_command' returned '0': CMAKE_PREFIX_PATH=${CMAKE_PREFIX_PATH}:/home/kunama/PLCT/NAV2/yahboom_src_code/slam_ws_src/install/yahboomcar_nav:/home/kunama/PLCT/NAV2/yahboom_src_code/slam_ws_src/install/yahboomcar_description:/home/kunama/PLCT/NAV2/yahboom_src_code/slam_ws_src/install/yahboomcar_ctrl:/home/kunama/PLCT/NAV2/yahboom_src_code/slam_ws_src/install/yahboomcar_bringup:/home/kunama/PLCT/NAV2/yahboom_src_code/slam_ws_src/install/yahboom_app_save_map:/home/kunama/PLCT/NAV2/yahboom_src_code/slam_ws_src/install/laserscan_to_point_publisher:/opt/ros/humble /usr/bin/cmake --install /mnt/nvme1n1p6/PLCT/NAV2/nav2_sim/build/custom_command
