[35m[1mConsolidate compiler generated dependencies of target robot_await[0m
[ 50%] [32mBuilding CXX object CMakeFiles/robot_await.dir/src/robot_await_node.cpp.o[0m
[100%] [32m[1mLinking CXX executable robot_await[0m
[100%] Built target robot_await
-- Install configuration: ""
-- Execute custom install script
-- Symlinking: /mnt/nvme1n1p6/PLCT/NAV2/nav2_sim/install/robot_await/include/robot_await/robot_await.hpp
-- Symlinking: /mnt/nvme1n1p6/PLCT/NAV2/nav2_sim/install/robot_await/lib/robot_await/robot_await
-- Symlinking: /mnt/nvme1n1p6/PLCT/NAV2/nav2_sim/install/robot_await/share/robot_await//launch/robot_await_launch.py
-- Symlinking: /mnt/nvme1n1p6/PLCT/NAV2/nav2_sim/install/robot_await/share/ament_index/resource_index/package_run_dependencies/robot_await
-- Symlinking: /mnt/nvme1n1p6/PLCT/NAV2/nav2_sim/install/robot_await/share/ament_index/resource_index/parent_prefix_path/robot_await
-- Symlinking: /mnt/nvme1n1p6/PLCT/NAV2/nav2_sim/install/robot_await/share/robot_await/environment/ament_prefix_path.sh
-- Symlinking: /mnt/nvme1n1p6/PLCT/NAV2/nav2_sim/install/robot_await/share/robot_await/environment/ament_prefix_path.dsv
-- Symlinking: /mnt/nvme1n1p6/PLCT/NAV2/nav2_sim/install/robot_await/share/robot_await/environment/path.sh
-- Symlinking: /mnt/nvme1n1p6/PLCT/NAV2/nav2_sim/install/robot_await/share/robot_await/environment/path.dsv
-- Symlinking: /mnt/nvme1n1p6/PLCT/NAV2/nav2_sim/install/robot_await/share/robot_await/local_setup.bash
-- Symlinking: /mnt/nvme1n1p6/PLCT/NAV2/nav2_sim/install/robot_await/share/robot_await/local_setup.sh
-- Symlinking: /mnt/nvme1n1p6/PLCT/NAV2/nav2_sim/install/robot_await/share/robot_await/local_setup.zsh
-- Symlinking: /mnt/nvme1n1p6/PLCT/NAV2/nav2_sim/install/robot_await/share/robot_await/local_setup.dsv
-- Symlinking: /mnt/nvme1n1p6/PLCT/NAV2/nav2_sim/install/robot_await/share/robot_await/package.dsv
-- Symlinking: /mnt/nvme1n1p6/PLCT/NAV2/nav2_sim/install/robot_await/share/ament_index/resource_index/packages/robot_await
-- Symlinking: /mnt/nvme1n1p6/PLCT/NAV2/nav2_sim/install/robot_await/share/robot_await/cmake/robot_awaitConfig.cmake
-- Symlinking: /mnt/nvme1n1p6/PLCT/NAV2/nav2_sim/install/robot_await/share/robot_await/cmake/robot_awaitConfig-version.cmake
-- Symlinking: /mnt/nvme1n1p6/PLCT/NAV2/nav2_sim/install/robot_await/share/robot_await/package.xml
