[0.049s] Invoking command in '/mnt/nvme1n1p6/PLCT/NAV2/nav2_sim/build/robot_await': CMAKE_PREFIX_PATH=${CMAKE_PREFIX_PATH}:/home/kunama/PLCT/NAV2/yahboom_src_code/slam_ws_src/install/yahboomcar_nav:/home/kunama/PLCT/NAV2/yahboom_src_code/slam_ws_src/install/yahboomcar_description:/home/kunama/PLCT/NAV2/yahboom_src_code/slam_ws_src/install/yahboomcar_ctrl:/home/kunama/PLCT/NAV2/yahboom_src_code/slam_ws_src/install/yahboomcar_bringup:/home/kunama/PLCT/NAV2/yahboom_src_code/slam_ws_src/install/yahboom_app_save_map:/home/kunama/PLCT/NAV2/yahboom_src_code/slam_ws_src/install/laserscan_to_point_publisher:/opt/ros/humble /usr/bin/cmake --build /mnt/nvme1n1p6/PLCT/NAV2/nav2_sim/build/robot_await -- -j12 -l12
[0.102s] [35m[1mConsolidate compiler generated dependencies of target robot_await[0m
[0.137s] [100%] Built target robot_await
[0.178s] Invoked command in '/mnt/nvme1n1p6/PLCT/NAV2/nav2_sim/build/robot_await' returned '0': CMAKE_PREFIX_PATH=${CMAKE_PREFIX_PATH}:/home/kunama/PLCT/NAV2/yahboom_src_code/slam_ws_src/install/yahboomcar_nav:/home/kunama/PLCT/NAV2/yahboom_src_code/slam_ws_src/install/yahboomcar_description:/home/kunama/PLCT/NAV2/yahboom_src_code/slam_ws_src/install/yahboomcar_ctrl:/home/kunama/PLCT/NAV2/yahboom_src_code/slam_ws_src/install/yahboomcar_bringup:/home/kunama/PLCT/NAV2/yahboom_src_code/slam_ws_src/install/yahboom_app_save_map:/home/kunama/PLCT/NAV2/yahboom_src_code/slam_ws_src/install/laserscan_to_point_publisher:/opt/ros/humble /usr/bin/cmake --build /mnt/nvme1n1p6/PLCT/NAV2/nav2_sim/build/robot_await -- -j12 -l12
[0.179s] Invoking command in '/mnt/nvme1n1p6/PLCT/NAV2/nav2_sim/build/robot_await': CMAKE_PREFIX_PATH=${CMAKE_PREFIX_PATH}:/home/kunama/PLCT/NAV2/yahboom_src_code/slam_ws_src/install/yahboomcar_nav:/home/kunama/PLCT/NAV2/yahboom_src_code/slam_ws_src/install/yahboomcar_description:/home/kunama/PLCT/NAV2/yahboom_src_code/slam_ws_src/install/yahboomcar_ctrl:/home/kunama/PLCT/NAV2/yahboom_src_code/slam_ws_src/install/yahboomcar_bringup:/home/kunama/PLCT/NAV2/yahboom_src_code/slam_ws_src/install/yahboom_app_save_map:/home/kunama/PLCT/NAV2/yahboom_src_code/slam_ws_src/install/laserscan_to_point_publisher:/opt/ros/humble /usr/bin/cmake --install /mnt/nvme1n1p6/PLCT/NAV2/nav2_sim/build/robot_await
[0.186s] -- Install configuration: ""
[0.186s] -- Execute custom install script
[0.188s] -- Up-to-date symlink: /mnt/nvme1n1p6/PLCT/NAV2/nav2_sim/install/robot_await/include/robot_await/robot_await.hpp
[0.188s] -- Up-to-date symlink: /mnt/nvme1n1p6/PLCT/NAV2/nav2_sim/install/robot_await/lib/robot_await/robot_await
[0.188s] -- Up-to-date symlink: /mnt/nvme1n1p6/PLCT/NAV2/nav2_sim/install/robot_await/share/robot_await//launch/robot_await_launch.py
[0.188s] -- Up-to-date symlink: /mnt/nvme1n1p6/PLCT/NAV2/nav2_sim/install/robot_await/share/ament_index/resource_index/package_run_dependencies/robot_await
[0.188s] -- Up-to-date symlink: /mnt/nvme1n1p6/PLCT/NAV2/nav2_sim/install/robot_await/share/ament_index/resource_index/parent_prefix_path/robot_await
[0.188s] -- Up-to-date symlink: /mnt/nvme1n1p6/PLCT/NAV2/nav2_sim/install/robot_await/share/robot_await/environment/ament_prefix_path.sh
[0.188s] -- Up-to-date symlink: /mnt/nvme1n1p6/PLCT/NAV2/nav2_sim/install/robot_await/share/robot_await/environment/ament_prefix_path.dsv
[0.188s] -- Up-to-date symlink: /mnt/nvme1n1p6/PLCT/NAV2/nav2_sim/install/robot_await/share/robot_await/environment/path.sh
[0.188s] -- Up-to-date symlink: /mnt/nvme1n1p6/PLCT/NAV2/nav2_sim/install/robot_await/share/robot_await/environment/path.dsv
[0.189s] -- Up-to-date symlink: /mnt/nvme1n1p6/PLCT/NAV2/nav2_sim/install/robot_await/share/robot_await/local_setup.bash
[0.189s] -- Up-to-date symlink: /mnt/nvme1n1p6/PLCT/NAV2/nav2_sim/install/robot_await/share/robot_await/local_setup.sh
[0.189s] -- Up-to-date symlink: /mnt/nvme1n1p6/PLCT/NAV2/nav2_sim/install/robot_await/share/robot_await/local_setup.zsh
[0.190s] -- Up-to-date symlink: /mnt/nvme1n1p6/PLCT/NAV2/nav2_sim/install/robot_await/share/robot_await/local_setup.dsv
[0.190s] -- Symlinking: /mnt/nvme1n1p6/PLCT/NAV2/nav2_sim/install/robot_await/share/robot_await/package.dsv
[0.191s] -- Up-to-date symlink: /mnt/nvme1n1p6/PLCT/NAV2/nav2_sim/install/robot_await/share/ament_index/resource_index/packages/robot_await
[0.191s] -- Up-to-date symlink: /mnt/nvme1n1p6/PLCT/NAV2/nav2_sim/install/robot_await/share/robot_await/cmake/robot_awaitConfig.cmake
[0.191s] -- Up-to-date symlink: /mnt/nvme1n1p6/PLCT/NAV2/nav2_sim/install/robot_await/share/robot_await/cmake/robot_awaitConfig-version.cmake
[0.191s] -- Up-to-date symlink: /mnt/nvme1n1p6/PLCT/NAV2/nav2_sim/install/robot_await/share/robot_await/package.xml
[0.278s] Invoked command in '/mnt/nvme1n1p6/PLCT/NAV2/nav2_sim/build/robot_await' returned '0': CMAKE_PREFIX_PATH=${CMAKE_PREFIX_PATH}:/home/kunama/PLCT/NAV2/yahboom_src_code/slam_ws_src/install/yahboomcar_nav:/home/kunama/PLCT/NAV2/yahboom_src_code/slam_ws_src/install/yahboomcar_description:/home/kunama/PLCT/NAV2/yahboom_src_code/slam_ws_src/install/yahboomcar_ctrl:/home/kunama/PLCT/NAV2/yahboom_src_code/slam_ws_src/install/yahboomcar_bringup:/home/kunama/PLCT/NAV2/yahboom_src_code/slam_ws_src/install/yahboom_app_save_map:/home/kunama/PLCT/NAV2/yahboom_src_code/slam_ws_src/install/laserscan_to_point_publisher:/opt/ros/humble /usr/bin/cmake --install /mnt/nvme1n1p6/PLCT/NAV2/nav2_sim/build/robot_await
