-- Found ament_cmake: 1.3.11 (/opt/ros/humble/share/ament_cmake/cmake)
-- Override CMake install command with custom implementation using symlinks instead of copying resources
-- Found geometry_msgs: 4.2.4 (/opt/ros/humble/share/geometry_msgs/cmake)
-- Found rosidl_generator_c: 3.1.6 (/opt/ros/humble/share/rosidl_generator_c/cmake)
-- Found rosidl_adapter: 3.1.6 (/opt/ros/humble/share/rosidl_adapter/cmake)
-- Found rosidl_generator_cpp: 3.1.6 (/opt/ros/humble/share/rosidl_generator_cpp/cmake)
-- Using all available rosidl_typesupport_c: rosidl_typesupport_fastrtps_c;rosidl_typesupport_introspection_c
-- Using all available rosidl_typesupport_cpp: rosidl_typesupport_fastrtps_cpp;rosidl_typesupport_introspection_cpp
-- Found custom_command: 0.0.0 (/mnt/nvme1n1p6/PLCT/NAV2/nav2_sim/install/custom_command/share/custom_command/cmake)
-- Found nav2_msgs: 1.1.17 (/opt/ros/humble/share/nav2_msgs/cmake)
-- Found rclcpp_action: 16.0.11 (/opt/ros/humble/share/rclcpp_action/cmake)
-- Found rmw_implementation_cmake: 6.1.2 (/opt/ros/humble/share/rmw_implementation_cmake/cmake)
-- Found rmw_fastrtps_cpp: 6.2.7 (/opt/ros/humble/share/rmw_fastrtps_cpp/cmake)
-- Using RMW implementation 'rmw_fastrtps_cpp' as default
-- Found nlohmann_json: /usr/lib/cmake/nlohmann_json/nlohmann_jsonConfig.cmake (found version "3.10.5") 
-- Found ament_lint_auto: 0.12.11 (/opt/ros/humble/share/ament_lint_auto/cmake)
-- Added test 'cppcheck' to perform static code analysis on C / C++ code
-- Configured cppcheck include dirs: /mnt/nvme1n1p6/PLCT/NAV2/nav2_sim/src/robot_await/include
-- Configured cppcheck exclude dirs and/or files: 
-- Added test 'flake8' to check Python code syntax and style conventions
-- Added test 'lint_cmake' to check CMake code style
-- Added test 'pep257' to check Python code against some of the docstring style conventions in PEP 257
-- Added test 'uncrustify' to check C / C++ code style
-- Configured uncrustify additional arguments: 
-- Added test 'xmllint' to check XML markup files
-- Configuring done
-- Generating done
-- Build files have been written to: /mnt/nvme1n1p6/PLCT/NAV2/nav2_sim/build/robot_await
[35m[1mConsolidate compiler generated dependencies of target robot_await[0m
[ 50%] [32mBuilding CXX object CMakeFiles/robot_await.dir/src/robot_await_node.cpp.o[0m
[100%] [32m[1mLinking CXX executable robot_await[0m
[100%] Built target robot_await
-- Install configuration: ""
-- Execute custom install script
-- Up-to-date symlink: /mnt/nvme1n1p6/PLCT/NAV2/nav2_sim/install/robot_await/include/robot_await/robot_await.hpp
-- Up-to-date symlink: /mnt/nvme1n1p6/PLCT/NAV2/nav2_sim/install/robot_await/lib/robot_await/robot_await
-- Up-to-date symlink: /mnt/nvme1n1p6/PLCT/NAV2/nav2_sim/install/robot_await/share/robot_await//launch/robot_await_launch.py
-- Up-to-date symlink: /mnt/nvme1n1p6/PLCT/NAV2/nav2_sim/install/robot_await/share/ament_index/resource_index/package_run_dependencies/robot_await
-- Up-to-date symlink: /mnt/nvme1n1p6/PLCT/NAV2/nav2_sim/install/robot_await/share/ament_index/resource_index/parent_prefix_path/robot_await
-- Up-to-date symlink: /mnt/nvme1n1p6/PLCT/NAV2/nav2_sim/install/robot_await/share/robot_await/environment/ament_prefix_path.sh
-- Up-to-date symlink: /mnt/nvme1n1p6/PLCT/NAV2/nav2_sim/install/robot_await/share/robot_await/environment/ament_prefix_path.dsv
-- Up-to-date symlink: /mnt/nvme1n1p6/PLCT/NAV2/nav2_sim/install/robot_await/share/robot_await/environment/path.sh
-- Up-to-date symlink: /mnt/nvme1n1p6/PLCT/NAV2/nav2_sim/install/robot_await/share/robot_await/environment/path.dsv
-- Up-to-date symlink: /mnt/nvme1n1p6/PLCT/NAV2/nav2_sim/install/robot_await/share/robot_await/local_setup.bash
-- Up-to-date symlink: /mnt/nvme1n1p6/PLCT/NAV2/nav2_sim/install/robot_await/share/robot_await/local_setup.sh
-- Up-to-date symlink: /mnt/nvme1n1p6/PLCT/NAV2/nav2_sim/install/robot_await/share/robot_await/local_setup.zsh
-- Up-to-date symlink: /mnt/nvme1n1p6/PLCT/NAV2/nav2_sim/install/robot_await/share/robot_await/local_setup.dsv
-- Symlinking: /mnt/nvme1n1p6/PLCT/NAV2/nav2_sim/install/robot_await/share/robot_await/package.dsv
-- Up-to-date symlink: /mnt/nvme1n1p6/PLCT/NAV2/nav2_sim/install/robot_await/share/ament_index/resource_index/packages/robot_await
-- Up-to-date symlink: /mnt/nvme1n1p6/PLCT/NAV2/nav2_sim/install/robot_await/share/robot_await/cmake/robot_awaitConfig.cmake
-- Up-to-date symlink: /mnt/nvme1n1p6/PLCT/NAV2/nav2_sim/install/robot_await/share/robot_await/cmake/robot_awaitConfig-version.cmake
-- Up-to-date symlink: /mnt/nvme1n1p6/PLCT/NAV2/nav2_sim/install/robot_await/share/robot_await/package.xml
