[  3%] Built target custom_command__cpp
[  6%] [32mBuilding C object CMakeFiles/custom_command__rosidl_generator_c.dir/rosidl_generator_c/custom_command/msg/detail/command__functions.c.o[0m
[  6%] Built target ament_cmake_python_symlink_custom_command
[ 12%] [32mBuilding CXX object CMakeFiles/custom_command__rosidl_typesupport_introspection_cpp.dir/rosidl_typesupport_introspection_cpp/custom_command/msg/detail/command__type_support.cpp.o[0m
[ 12%] [32mBuilding CXX object CMakeFiles/custom_command__rosidl_typesupport_cpp.dir/rosidl_typesupport_cpp/custom_command/msg/command__type_support.cpp.o[0m
[ 16%] [32mBuilding CXX object CMakeFiles/custom_command__rosidl_typesupport_fastrtps_cpp.dir/rosidl_typesupport_fastrtps_cpp/custom_command/msg/detail/dds_fastrtps/command__type_support.cpp.o[0m
[ 19%] [32m[1mLinking C shared library libcustom_command__rosidl_generator_c.so[0m
[ 22%] Built target custom_command__rosidl_generator_c
[ 25%] [32mBuilding CXX object CMakeFiles/custom_command__rosidl_typesupport_fastrtps_c.dir/rosidl_typesupport_fastrtps_c/custom_command/msg/detail/command__type_support_c.cpp.o[0m
[ 29%] [32mBuilding C object CMakeFiles/custom_command__rosidl_typesupport_introspection_c.dir/rosidl_typesupport_introspection_c/custom_command/msg/detail/command__type_support.c.o[0m
[ 32%] [32mBuilding CXX object CMakeFiles/custom_command__rosidl_typesupport_c.dir/rosidl_typesupport_c/custom_command/msg/command__type_support.cpp.o[0m
[ 35%] [32m[1mLinking C shared library libcustom_command__rosidl_typesupport_introspection_c.so[0m
[ 38%] [32m[1mLinking CXX shared library libcustom_command__rosidl_typesupport_c.so[0m
[ 41%] Built target custom_command__rosidl_typesupport_introspection_c
running egg_info
writing custom_command.egg-info/PKG-INFO
writing dependency_links to custom_command.egg-info/dependency_links.txt
writing top-level names to custom_command.egg-info/top_level.txt
reading manifest file 'custom_command.egg-info/SOURCES.txt'
writing manifest file 'custom_command.egg-info/SOURCES.txt'
[ 45%] Built target custom_command__rosidl_typesupport_c
[ 45%] Built target ament_cmake_python_build_custom_command_egg
[ 48%] [32m[1mLinking CXX shared library libcustom_command__rosidl_typesupport_cpp.so[0m
[ 51%] Built target custom_command__rosidl_typesupport_cpp
[ 54%] [32m[1mLinking CXX shared library libcustom_command__rosidl_typesupport_introspection_cpp.so[0m
[ 58%] [32m[1mLinking CXX shared library libcustom_command__rosidl_typesupport_fastrtps_c.so[0m
[ 61%] [32m[1mLinking CXX shared library libcustom_command__rosidl_typesupport_fastrtps_cpp.so[0m
[ 64%] Built target custom_command__rosidl_typesupport_introspection_cpp
[ 67%] Built target custom_command__rosidl_typesupport_fastrtps_c
[ 70%] Built target custom_command__rosidl_typesupport_fastrtps_cpp
[ 70%] Built target custom_command
[ 74%] Built target custom_command__py
[ 77%] [32mBuilding C object CMakeFiles/custom_command__rosidl_generator_py.dir/rosidl_generator_py/custom_command/msg/_command_s.c.o[0m
[ 80%] [32m[1mLinking C shared library rosidl_generator_py/custom_command/libcustom_command__rosidl_generator_py.so[0m
[ 80%] Built target custom_command__rosidl_generator_py
[ 90%] [32mBuilding C object CMakeFiles/custom_command__rosidl_typesupport_fastrtps_c__pyext.dir/rosidl_generator_py/custom_command/_custom_command_s.ep.rosidl_typesupport_fastrtps_c.c.o[0m
[ 90%] [32mBuilding C object CMakeFiles/custom_command__rosidl_typesupport_c__pyext.dir/rosidl_generator_py/custom_command/_custom_command_s.ep.rosidl_typesupport_c.c.o[0m
[ 90%] [32mBuilding C object CMakeFiles/custom_command__rosidl_typesupport_introspection_c__pyext.dir/rosidl_generator_py/custom_command/_custom_command_s.ep.rosidl_typesupport_introspection_c.c.o[0m
[ 93%] [32m[1mLinking C shared library rosidl_generator_py/custom_command/custom_command_s__rosidl_typesupport_c.cpython-310-x86_64-linux-gnu.so[0m
[ 96%] [32m[1mLinking C shared library rosidl_generator_py/custom_command/custom_command_s__rosidl_typesupport_fastrtps_c.cpython-310-x86_64-linux-gnu.so[0m
[100%] [32m[1mLinking C shared library rosidl_generator_py/custom_command/custom_command_s__rosidl_typesupport_introspection_c.cpython-310-x86_64-linux-gnu.so[0m
[100%] Built target custom_command__rosidl_typesupport_c__pyext
[100%] Built target custom_command__rosidl_typesupport_introspection_c__pyext
[100%] Built target custom_command__rosidl_typesupport_fastrtps_c__pyext
-- Install configuration: ""
-- Execute custom install script
-- Up-to-date symlink: /mnt/nvme1n1p6/PLCT/NAV2/nav2_sim/install/custom_command/share/ament_index/resource_index/rosidl_interfaces/custom_command
-- Up-to-date symlink: /mnt/nvme1n1p6/PLCT/NAV2/nav2_sim/install/custom_command/include/custom_command/custom_command/msg/command.h
-- Up-to-date symlink: /mnt/nvme1n1p6/PLCT/NAV2/nav2_sim/install/custom_command/include/custom_command/custom_command/msg/detail/command__functions.h
-- Up-to-date symlink: /mnt/nvme1n1p6/PLCT/NAV2/nav2_sim/install/custom_command/include/custom_command/custom_command/msg/detail/command__struct.h
-- Up-to-date symlink: /mnt/nvme1n1p6/PLCT/NAV2/nav2_sim/install/custom_command/include/custom_command/custom_command/msg/detail/command__type_support.h
-- Up-to-date symlink: /mnt/nvme1n1p6/PLCT/NAV2/nav2_sim/install/custom_command/include/custom_command/custom_command/msg/rosidl_generator_c__visibility_control.h
-- Up-to-date symlink: /mnt/nvme1n1p6/PLCT/NAV2/nav2_sim/install/custom_command/share/custom_command/environment/library_path.sh
-- Up-to-date symlink: /mnt/nvme1n1p6/PLCT/NAV2/nav2_sim/install/custom_command/share/custom_command/environment/library_path.dsv
-- Up-to-date symlink: /mnt/nvme1n1p6/PLCT/NAV2/nav2_sim/install/custom_command/include/custom_command/custom_command/msg/detail/command__rosidl_typesupport_fastrtps_c.h
-- Up-to-date symlink: /mnt/nvme1n1p6/PLCT/NAV2/nav2_sim/install/custom_command/include/custom_command/custom_command/msg/rosidl_typesupport_fastrtps_c__visibility_control.h
-- Up-to-date symlink: /mnt/nvme1n1p6/PLCT/NAV2/nav2_sim/install/custom_command/include/custom_command/custom_command/msg/detail/command__rosidl_typesupport_introspection_c.h
-- Up-to-date symlink: /mnt/nvme1n1p6/PLCT/NAV2/nav2_sim/install/custom_command/include/custom_command/custom_command/msg/rosidl_typesupport_introspection_c__visibility_control.h
-- Up-to-date symlink: /mnt/nvme1n1p6/PLCT/NAV2/nav2_sim/install/custom_command/include/custom_command/custom_command/msg/command.hpp
-- Up-to-date symlink: /mnt/nvme1n1p6/PLCT/NAV2/nav2_sim/install/custom_command/include/custom_command/custom_command/msg/detail/command__builder.hpp
-- Up-to-date symlink: /mnt/nvme1n1p6/PLCT/NAV2/nav2_sim/install/custom_command/include/custom_command/custom_command/msg/detail/command__struct.hpp
-- Up-to-date symlink: /mnt/nvme1n1p6/PLCT/NAV2/nav2_sim/install/custom_command/include/custom_command/custom_command/msg/detail/command__traits.hpp
-- Up-to-date symlink: /mnt/nvme1n1p6/PLCT/NAV2/nav2_sim/install/custom_command/include/custom_command/custom_command/msg/detail/command__type_support.hpp
-- Up-to-date symlink: /mnt/nvme1n1p6/PLCT/NAV2/nav2_sim/install/custom_command/include/custom_command/custom_command/msg/rosidl_generator_cpp__visibility_control.hpp
-- Up-to-date symlink: /mnt/nvme1n1p6/PLCT/NAV2/nav2_sim/install/custom_command/include/custom_command/custom_command/msg/detail/command__rosidl_typesupport_fastrtps_cpp.hpp
-- Up-to-date symlink: /mnt/nvme1n1p6/PLCT/NAV2/nav2_sim/install/custom_command/include/custom_command/custom_command/msg/rosidl_typesupport_fastrtps_cpp__visibility_control.h
-- Up-to-date symlink: /mnt/nvme1n1p6/PLCT/NAV2/nav2_sim/install/custom_command/include/custom_command/custom_command/msg/detail/command__rosidl_typesupport_introspection_cpp.hpp
-- Up-to-date symlink: /mnt/nvme1n1p6/PLCT/NAV2/nav2_sim/install/custom_command/share/custom_command/environment/pythonpath.sh
-- Up-to-date symlink: /mnt/nvme1n1p6/PLCT/NAV2/nav2_sim/install/custom_command/share/custom_command/environment/pythonpath.dsv
-- Up-to-date symlink: /mnt/nvme1n1p6/PLCT/NAV2/nav2_sim/install/custom_command/local/lib/python3.10/dist-packages/custom_command-0.0.0-py3.10.egg-info/PKG-INFO
-- Up-to-date symlink: /mnt/nvme1n1p6/PLCT/NAV2/nav2_sim/install/custom_command/local/lib/python3.10/dist-packages/custom_command-0.0.0-py3.10.egg-info/SOURCES.txt
-- Up-to-date symlink: /mnt/nvme1n1p6/PLCT/NAV2/nav2_sim/install/custom_command/local/lib/python3.10/dist-packages/custom_command-0.0.0-py3.10.egg-info/dependency_links.txt
-- Up-to-date symlink: /mnt/nvme1n1p6/PLCT/NAV2/nav2_sim/install/custom_command/local/lib/python3.10/dist-packages/custom_command-0.0.0-py3.10.egg-info/top_level.txt
-- Up-to-date symlink: /mnt/nvme1n1p6/PLCT/NAV2/nav2_sim/install/custom_command/local/lib/python3.10/dist-packages/custom_command/__init__.py
-- Up-to-date symlink: /mnt/nvme1n1p6/PLCT/NAV2/nav2_sim/install/custom_command/local/lib/python3.10/dist-packages/custom_command/_custom_command_s.ep.rosidl_typesupport_c.c
-- Up-to-date symlink: /mnt/nvme1n1p6/PLCT/NAV2/nav2_sim/install/custom_command/local/lib/python3.10/dist-packages/custom_command/_custom_command_s.ep.rosidl_typesupport_fastrtps_c.c
-- Up-to-date symlink: /mnt/nvme1n1p6/PLCT/NAV2/nav2_sim/install/custom_command/local/lib/python3.10/dist-packages/custom_command/_custom_command_s.ep.rosidl_typesupport_introspection_c.c
-- Up-to-date symlink: /mnt/nvme1n1p6/PLCT/NAV2/nav2_sim/install/custom_command/local/lib/python3.10/dist-packages/custom_command/custom_command_s__rosidl_typesupport_c.cpython-310-x86_64-linux-gnu.so
-- Up-to-date symlink: /mnt/nvme1n1p6/PLCT/NAV2/nav2_sim/install/custom_command/local/lib/python3.10/dist-packages/custom_command/custom_command_s__rosidl_typesupport_fastrtps_c.cpython-310-x86_64-linux-gnu.so
-- Up-to-date symlink: /mnt/nvme1n1p6/PLCT/NAV2/nav2_sim/install/custom_command/local/lib/python3.10/dist-packages/custom_command/custom_command_s__rosidl_typesupport_introspection_c.cpython-310-x86_64-linux-gnu.so
-- Up-to-date symlink: /mnt/nvme1n1p6/PLCT/NAV2/nav2_sim/install/custom_command/local/lib/python3.10/dist-packages/custom_command/libcustom_command__rosidl_generator_py.so
-- Up-to-date symlink: /mnt/nvme1n1p6/PLCT/NAV2/nav2_sim/install/custom_command/local/lib/python3.10/dist-packages/custom_command/msg/__init__.py
-- Up-to-date symlink: /mnt/nvme1n1p6/PLCT/NAV2/nav2_sim/install/custom_command/local/lib/python3.10/dist-packages/custom_command/msg/_command.py
-- Up-to-date symlink: /mnt/nvme1n1p6/PLCT/NAV2/nav2_sim/install/custom_command/local/lib/python3.10/dist-packages/custom_command/msg/_command_s.c
-- Up-to-date symlink: /mnt/nvme1n1p6/PLCT/NAV2/nav2_sim/install/custom_command/local/lib/python3.10/dist-packages/custom_command/custom_command_s__rosidl_typesupport_fastrtps_c.cpython-310-x86_64-linux-gnu.so
-- Up-to-date symlink: /mnt/nvme1n1p6/PLCT/NAV2/nav2_sim/install/custom_command/local/lib/python3.10/dist-packages/custom_command/custom_command_s__rosidl_typesupport_introspection_c.cpython-310-x86_64-linux-gnu.so
-- Up-to-date symlink: /mnt/nvme1n1p6/PLCT/NAV2/nav2_sim/install/custom_command/local/lib/python3.10/dist-packages/custom_command/custom_command_s__rosidl_typesupport_c.cpython-310-x86_64-linux-gnu.so
-- Up-to-date symlink: /mnt/nvme1n1p6/PLCT/NAV2/nav2_sim/install/custom_command/share/custom_command/msg/Command.idl
-- Up-to-date symlink: /mnt/nvme1n1p6/PLCT/NAV2/nav2_sim/install/custom_command/share/custom_command/msg/Command.msg
-- Up-to-date symlink: /mnt/nvme1n1p6/PLCT/NAV2/nav2_sim/install/custom_command/share/ament_index/resource_index/package_run_dependencies/custom_command
-- Up-to-date symlink: /mnt/nvme1n1p6/PLCT/NAV2/nav2_sim/install/custom_command/share/ament_index/resource_index/parent_prefix_path/custom_command
-- Up-to-date symlink: /mnt/nvme1n1p6/PLCT/NAV2/nav2_sim/install/custom_command/share/custom_command/environment/ament_prefix_path.sh
-- Up-to-date symlink: /mnt/nvme1n1p6/PLCT/NAV2/nav2_sim/install/custom_command/share/custom_command/environment/ament_prefix_path.dsv
-- Up-to-date symlink: /mnt/nvme1n1p6/PLCT/NAV2/nav2_sim/install/custom_command/share/custom_command/environment/path.sh
-- Up-to-date symlink: /mnt/nvme1n1p6/PLCT/NAV2/nav2_sim/install/custom_command/share/custom_command/environment/path.dsv
-- Up-to-date symlink: /mnt/nvme1n1p6/PLCT/NAV2/nav2_sim/install/custom_command/share/custom_command/local_setup.bash
-- Up-to-date symlink: /mnt/nvme1n1p6/PLCT/NAV2/nav2_sim/install/custom_command/share/custom_command/local_setup.sh
-- Up-to-date symlink: /mnt/nvme1n1p6/PLCT/NAV2/nav2_sim/install/custom_command/share/custom_command/local_setup.zsh
-- Up-to-date symlink: /mnt/nvme1n1p6/PLCT/NAV2/nav2_sim/install/custom_command/share/custom_command/local_setup.dsv
-- Symlinking: /mnt/nvme1n1p6/PLCT/NAV2/nav2_sim/install/custom_command/share/custom_command/package.dsv
-- Up-to-date symlink: /mnt/nvme1n1p6/PLCT/NAV2/nav2_sim/install/custom_command/share/ament_index/resource_index/packages/custom_command
-- Up-to-date symlink: /mnt/nvme1n1p6/PLCT/NAV2/nav2_sim/install/custom_command/share/custom_command/cmake/rosidl_cmake-extras.cmake
-- Up-to-date symlink: /mnt/nvme1n1p6/PLCT/NAV2/nav2_sim/install/custom_command/share/custom_command/cmake/ament_cmake_export_include_directories-extras.cmake
-- Up-to-date symlink: /mnt/nvme1n1p6/PLCT/NAV2/nav2_sim/install/custom_command/share/custom_command/cmake/ament_cmake_export_libraries-extras.cmake
-- Up-to-date symlink: /mnt/nvme1n1p6/PLCT/NAV2/nav2_sim/install/custom_command/share/custom_command/cmake/ament_cmake_export_targets-extras.cmake
-- Up-to-date symlink: /mnt/nvme1n1p6/PLCT/NAV2/nav2_sim/install/custom_command/share/custom_command/cmake/rosidl_cmake_export_typesupport_targets-extras.cmake
-- Up-to-date symlink: /mnt/nvme1n1p6/PLCT/NAV2/nav2_sim/install/custom_command/share/custom_command/cmake/ament_cmake_export_dependencies-extras.cmake
-- Up-to-date symlink: /mnt/nvme1n1p6/PLCT/NAV2/nav2_sim/install/custom_command/share/custom_command/cmake/rosidl_cmake_export_typesupport_libraries-extras.cmake
-- Up-to-date symlink: /mnt/nvme1n1p6/PLCT/NAV2/nav2_sim/install/custom_command/share/custom_command/cmake/custom_commandConfig.cmake
-- Up-to-date symlink: /mnt/nvme1n1p6/PLCT/NAV2/nav2_sim/install/custom_command/share/custom_command/cmake/custom_commandConfig-version.cmake
-- Up-to-date symlink: /mnt/nvme1n1p6/PLCT/NAV2/nav2_sim/install/custom_command/share/custom_command/package.xml
-- Installing: /mnt/nvme1n1p6/PLCT/NAV2/nav2_sim/install/custom_command/lib/libcustom_command__rosidl_generator_c.so
-- Set runtime path of "/mnt/nvme1n1p6/PLCT/NAV2/nav2_sim/install/custom_command/lib/libcustom_command__rosidl_generator_c.so" to ""
-- Installing: /mnt/nvme1n1p6/PLCT/NAV2/nav2_sim/install/custom_command/lib/libcustom_command__rosidl_typesupport_fastrtps_c.so
-- Set runtime path of "/mnt/nvme1n1p6/PLCT/NAV2/nav2_sim/install/custom_command/lib/libcustom_command__rosidl_typesupport_fastrtps_c.so" to ""
-- Installing: /mnt/nvme1n1p6/PLCT/NAV2/nav2_sim/install/custom_command/lib/libcustom_command__rosidl_typesupport_introspection_c.so
-- Set runtime path of "/mnt/nvme1n1p6/PLCT/NAV2/nav2_sim/install/custom_command/lib/libcustom_command__rosidl_typesupport_introspection_c.so" to ""
-- Installing: /mnt/nvme1n1p6/PLCT/NAV2/nav2_sim/install/custom_command/lib/libcustom_command__rosidl_typesupport_c.so
-- Set runtime path of "/mnt/nvme1n1p6/PLCT/NAV2/nav2_sim/install/custom_command/lib/libcustom_command__rosidl_typesupport_c.so" to ""
-- Installing: /mnt/nvme1n1p6/PLCT/NAV2/nav2_sim/install/custom_command/lib/libcustom_command__rosidl_typesupport_fastrtps_cpp.so
-- Set runtime path of "/mnt/nvme1n1p6/PLCT/NAV2/nav2_sim/install/custom_command/lib/libcustom_command__rosidl_typesupport_fastrtps_cpp.so" to ""
-- Installing: /mnt/nvme1n1p6/PLCT/NAV2/nav2_sim/install/custom_command/lib/libcustom_command__rosidl_typesupport_introspection_cpp.so
-- Set runtime path of "/mnt/nvme1n1p6/PLCT/NAV2/nav2_sim/install/custom_command/lib/libcustom_command__rosidl_typesupport_introspection_cpp.so" to ""
-- Installing: /mnt/nvme1n1p6/PLCT/NAV2/nav2_sim/install/custom_command/lib/libcustom_command__rosidl_typesupport_cpp.so
-- Set runtime path of "/mnt/nvme1n1p6/PLCT/NAV2/nav2_sim/install/custom_command/lib/libcustom_command__rosidl_typesupport_cpp.so" to ""
Listing '/mnt/nvme1n1p6/PLCT/NAV2/nav2_sim/install/custom_command/local/lib/python3.10/dist-packages/custom_command'...
Listing '/mnt/nvme1n1p6/PLCT/NAV2/nav2_sim/install/custom_command/local/lib/python3.10/dist-packages/custom_command/msg'...
-- Installing: /mnt/nvme1n1p6/PLCT/NAV2/nav2_sim/install/custom_command/lib/libcustom_command__rosidl_generator_py.so
-- Set runtime path of "/mnt/nvme1n1p6/PLCT/NAV2/nav2_sim/install/custom_command/lib/libcustom_command__rosidl_generator_py.so" to ""
-- Up-to-date: /mnt/nvme1n1p6/PLCT/NAV2/nav2_sim/install/custom_command/share/custom_command/cmake/export_custom_command__rosidl_generator_cExport.cmake
-- Up-to-date: /mnt/nvme1n1p6/PLCT/NAV2/nav2_sim/install/custom_command/share/custom_command/cmake/export_custom_command__rosidl_generator_cExport-noconfig.cmake
-- Up-to-date: /mnt/nvme1n1p6/PLCT/NAV2/nav2_sim/install/custom_command/share/custom_command/cmake/export_custom_command__rosidl_typesupport_fastrtps_cExport.cmake
-- Up-to-date: /mnt/nvme1n1p6/PLCT/NAV2/nav2_sim/install/custom_command/share/custom_command/cmake/export_custom_command__rosidl_typesupport_fastrtps_cExport-noconfig.cmake
-- Up-to-date: /mnt/nvme1n1p6/PLCT/NAV2/nav2_sim/install/custom_command/share/custom_command/cmake/custom_command__rosidl_typesupport_introspection_cExport.cmake
-- Up-to-date: /mnt/nvme1n1p6/PLCT/NAV2/nav2_sim/install/custom_command/share/custom_command/cmake/custom_command__rosidl_typesupport_introspection_cExport-noconfig.cmake
-- Up-to-date: /mnt/nvme1n1p6/PLCT/NAV2/nav2_sim/install/custom_command/share/custom_command/cmake/custom_command__rosidl_typesupport_cExport.cmake
-- Up-to-date: /mnt/nvme1n1p6/PLCT/NAV2/nav2_sim/install/custom_command/share/custom_command/cmake/custom_command__rosidl_typesupport_cExport-noconfig.cmake
-- Up-to-date: /mnt/nvme1n1p6/PLCT/NAV2/nav2_sim/install/custom_command/share/custom_command/cmake/export_custom_command__rosidl_generator_cppExport.cmake
-- Up-to-date: /mnt/nvme1n1p6/PLCT/NAV2/nav2_sim/install/custom_command/share/custom_command/cmake/export_custom_command__rosidl_typesupport_fastrtps_cppExport.cmake
-- Up-to-date: /mnt/nvme1n1p6/PLCT/NAV2/nav2_sim/install/custom_command/share/custom_command/cmake/export_custom_command__rosidl_typesupport_fastrtps_cppExport-noconfig.cmake
-- Up-to-date: /mnt/nvme1n1p6/PLCT/NAV2/nav2_sim/install/custom_command/share/custom_command/cmake/custom_command__rosidl_typesupport_introspection_cppExport.cmake
-- Up-to-date: /mnt/nvme1n1p6/PLCT/NAV2/nav2_sim/install/custom_command/share/custom_command/cmake/custom_command__rosidl_typesupport_introspection_cppExport-noconfig.cmake
-- Up-to-date: /mnt/nvme1n1p6/PLCT/NAV2/nav2_sim/install/custom_command/share/custom_command/cmake/custom_command__rosidl_typesupport_cppExport.cmake
-- Up-to-date: /mnt/nvme1n1p6/PLCT/NAV2/nav2_sim/install/custom_command/share/custom_command/cmake/custom_command__rosidl_typesupport_cppExport-noconfig.cmake
-- Up-to-date: /mnt/nvme1n1p6/PLCT/NAV2/nav2_sim/install/custom_command/share/custom_command/cmake/export_custom_command__rosidl_generator_pyExport.cmake
-- Up-to-date: /mnt/nvme1n1p6/PLCT/NAV2/nav2_sim/install/custom_command/share/custom_command/cmake/export_custom_command__rosidl_generator_pyExport-noconfig.cmake
