[0.043s] Invoking command in '/mnt/nvme1n1p6/PLCT/NAV2/nav2_sim/build/robot_await': CMAKE_PREFIX_PATH=${CMAKE_PREFIX_PATH}:/home/kunama/PLCT/NAV2/yahboom_src_code/slam_ws_src/install/yahboomcar_nav:/home/kunama/PLCT/NAV2/yahboom_src_code/slam_ws_src/install/yahboomcar_description:/home/kunama/PLCT/NAV2/yahboom_src_code/slam_ws_src/install/yahboomcar_ctrl:/home/kunama/PLCT/NAV2/yahboom_src_code/slam_ws_src/install/yahboomcar_bringup:/home/kunama/PLCT/NAV2/yahboom_src_code/slam_ws_src/install/yahboom_app_save_map:/home/kunama/PLCT/NAV2/yahboom_src_code/slam_ws_src/install/laserscan_to_point_publisher:/opt/ros/humble /usr/bin/cmake /mnt/nvme1n1p6/PLCT/NAV2/nav2_sim/src/robot_await -DAMENT_CMAKE_SYMLINK_INSTALL=1 -DCMAKE_INSTALL_PREFIX=/mnt/nvme1n1p6/PLCT/NAV2/nav2_sim/install/robot_await
[0.185s] -- The C compiler identification is GNU 12.3.0
[0.303s] -- The CXX compiler identification is GNU 12.3.0
[0.316s] -- Detecting C compiler ABI info
[0.425s] -- Detecting C compiler ABI info - done
[0.435s] -- Check for working C compiler: /usr/bin/cc - skipped
[0.435s] -- Detecting C compile features
[0.435s] -- Detecting C compile features - done
[0.439s] -- Detecting CXX compiler ABI info
[0.561s] -- Detecting CXX compiler ABI info - done
[0.575s] -- Check for working CXX compiler: /usr/bin/c++ - skipped
[0.575s] -- Detecting CXX compile features
[0.576s] -- Detecting CXX compile features - done
[0.586s] -- Found ament_cmake: 1.3.11 (/opt/ros/humble/share/ament_cmake/cmake)
[0.820s] -- Found Python3: /usr/bin/python3 (found version "3.10.12") found components: Interpreter 
[0.903s] -- Override CMake install command with custom implementation using symlinks instead of copying resources
[0.986s] -- Found geometry_msgs: 4.2.4 (/opt/ros/humble/share/geometry_msgs/cmake)
[1.078s] -- Found rosidl_generator_c: 3.1.6 (/opt/ros/humble/share/rosidl_generator_c/cmake)
[1.088s] -- Found rosidl_adapter: 3.1.6 (/opt/ros/humble/share/rosidl_adapter/cmake)
[1.106s] -- Found rosidl_generator_cpp: 3.1.6 (/opt/ros/humble/share/rosidl_generator_cpp/cmake)
[1.136s] -- Using all available rosidl_typesupport_c: rosidl_typesupport_fastrtps_c;rosidl_typesupport_introspection_c
[1.164s] -- Using all available rosidl_typesupport_cpp: rosidl_typesupport_fastrtps_cpp;rosidl_typesupport_introspection_cpp
[1.242s] [31mCMake Error at CMakeLists.txt:12 (find_package):
[1.242s]   By not providing "Findcustom_command.cmake" in CMAKE_MODULE_PATH this
[1.242s]   project has asked CMake to find a package configuration file provided by
[1.242s]   "custom_command", but CMake did not find one.
[1.242s] 
[1.242s]   Could not find a package configuration file provided by "custom_command"
[1.243s]   with any of the following names:
[1.243s] 
[1.243s]     custom_commandConfig.cmake
[1.243s]     custom_command-config.cmake
[1.243s] 
[1.243s]   Add the installation prefix of "custom_command" to CMAKE_PREFIX_PATH or set
[1.243s]   "custom_command_DIR" to a directory containing one of the above files.  If
[1.243s]   "custom_command" provides a separate development package or SDK, be sure it
[1.243s]   has been installed.
[1.243s] 
[1.243s] [0m
[1.243s] -- Configuring incomplete, errors occurred!
[1.243s] See also "/mnt/nvme1n1p6/PLCT/NAV2/nav2_sim/build/robot_await/CMakeFiles/CMakeOutput.log".
[1.251s] Invoked command in '/mnt/nvme1n1p6/PLCT/NAV2/nav2_sim/build/robot_await' returned '1': CMAKE_PREFIX_PATH=${CMAKE_PREFIX_PATH}:/home/kunama/PLCT/NAV2/yahboom_src_code/slam_ws_src/install/yahboomcar_nav:/home/kunama/PLCT/NAV2/yahboom_src_code/slam_ws_src/install/yahboomcar_description:/home/kunama/PLCT/NAV2/yahboom_src_code/slam_ws_src/install/yahboomcar_ctrl:/home/kunama/PLCT/NAV2/yahboom_src_code/slam_ws_src/install/yahboomcar_bringup:/home/kunama/PLCT/NAV2/yahboom_src_code/slam_ws_src/install/yahboom_app_save_map:/home/kunama/PLCT/NAV2/yahboom_src_code/slam_ws_src/install/laserscan_to_point_publisher:/opt/ros/humble /usr/bin/cmake /mnt/nvme1n1p6/PLCT/NAV2/nav2_sim/src/robot_await -DAMENT_CMAKE_SYMLINK_INSTALL=1 -DCMAKE_INSTALL_PREFIX=/mnt/nvme1n1p6/PLCT/NAV2/nav2_sim/install/robot_await
