[0.046s] Invoking command in '/mnt/nvme1n1p6/PLCT/NAV2/nav2_sim/build/robot_await': CMAKE_PREFIX_PATH=${CMAKE_PREFIX_PATH}:/home/kunama/PLCT/NAV2/yahboom_src_code/slam_ws_src/install/yahboomcar_nav:/home/kunama/PLCT/NAV2/yahboom_src_code/slam_ws_src/install/yahboomcar_description:/home/kunama/PLCT/NAV2/yahboom_src_code/slam_ws_src/install/yahboomcar_ctrl:/home/kunama/PLCT/NAV2/yahboom_src_code/slam_ws_src/install/yahboomcar_bringup:/home/kunama/PLCT/NAV2/yahboom_src_code/slam_ws_src/install/yahboom_app_save_map:/home/kunama/PLCT/NAV2/yahboom_src_code/slam_ws_src/install/laserscan_to_point_publisher:/opt/ros/humble /usr/bin/cmake /mnt/nvme1n1p6/PLCT/NAV2/nav2_sim/src/robot_await -DAMENT_CMAKE_SYMLINK_INSTALL=1 -DCMAKE_INSTALL_PREFIX=/mnt/nvme1n1p6/PLCT/NAV2/nav2_sim/install/robot_await
[0.070s] -- Found ament_cmake: 1.3.11 (/opt/ros/humble/share/ament_cmake/cmake)
[0.234s] -- Override CMake install command with custom implementation using symlinks instead of copying resources
[0.241s] -- Found geometry_msgs: 4.2.4 (/opt/ros/humble/share/geometry_msgs/cmake)
[0.269s] -- Found rosidl_generator_c: 3.1.6 (/opt/ros/humble/share/rosidl_generator_c/cmake)
[0.271s] -- Found rosidl_adapter: 3.1.6 (/opt/ros/humble/share/rosidl_adapter/cmake)
[0.276s] -- Found rosidl_generator_cpp: 3.1.6 (/opt/ros/humble/share/rosidl_generator_cpp/cmake)
[0.286s] -- Using all available rosidl_typesupport_c: rosidl_typesupport_fastrtps_c;rosidl_typesupport_introspection_c
[0.299s] -- Using all available rosidl_typesupport_cpp: rosidl_typesupport_fastrtps_cpp;rosidl_typesupport_introspection_cpp
[0.334s] -- Found custom_command: 0.0.0 (/mnt/nvme1n1p6/PLCT/NAV2/nav2_sim/install/custom_command/share/custom_command/cmake)
[0.347s] -- Found nav2_msgs: 1.1.18 (/opt/ros/humble/share/nav2_msgs/cmake)
[0.423s] -- Found rclcpp_action: 16.0.11 (/opt/ros/humble/share/rclcpp_action/cmake)
[0.501s] -- Found rmw_implementation_cmake: 6.1.2 (/opt/ros/humble/share/rmw_implementation_cmake/cmake)
[0.508s] -- Found rmw_fastrtps_cpp: 6.2.7 (/opt/ros/humble/share/rmw_fastrtps_cpp/cmake)
[0.631s] -- Found OpenSSL: /usr/lib/x86_64-linux-gnu/libcrypto.so (found version "3.0.2")  
[0.655s] -- Found FastRTPS: /opt/ros/humble/include  
[0.679s] -- Using RMW implementation 'rmw_fastrtps_cpp' as default
[0.697s] -- Looking for pthread.h
[0.809s] -- Looking for pthread.h - found
[0.809s] -- Performing Test CMAKE_HAVE_LIBC_PTHREAD
[0.903s] -- Performing Test CMAKE_HAVE_LIBC_PTHREAD - Success
[0.905s] -- Found Threads: TRUE  
[0.968s] -- Found nlohmann_json: /usr/lib/cmake/nlohmann_json/nlohmann_jsonConfig.cmake (found version "3.10.5") 
[0.976s] -- Found ament_lint_auto: 0.12.11 (/opt/ros/humble/share/ament_lint_auto/cmake)
[1.089s] -- Added test 'cppcheck' to perform static code analysis on C / C++ code
[1.089s] -- Configured cppcheck include dirs: /mnt/nvme1n1p6/PLCT/NAV2/nav2_sim/src/robot_await/include
[1.090s] -- Configured cppcheck exclude dirs and/or files: 
[1.091s] -- Added test 'flake8' to check Python code syntax and style conventions
[1.092s] -- Added test 'lint_cmake' to check CMake code style
[1.093s] -- Added test 'pep257' to check Python code against some of the docstring style conventions in PEP 257
[1.095s] -- Added test 'uncrustify' to check C / C++ code style
[1.095s] -- Configured uncrustify additional arguments: 
[1.096s] -- Added test 'xmllint' to check XML markup files
[1.099s] -- Configuring done
[1.113s] -- Generating done
[1.119s] -- Build files have been written to: /mnt/nvme1n1p6/PLCT/NAV2/nav2_sim/build/robot_await
[1.128s] Invoked command in '/mnt/nvme1n1p6/PLCT/NAV2/nav2_sim/build/robot_await' returned '0': CMAKE_PREFIX_PATH=${CMAKE_PREFIX_PATH}:/home/kunama/PLCT/NAV2/yahboom_src_code/slam_ws_src/install/yahboomcar_nav:/home/kunama/PLCT/NAV2/yahboom_src_code/slam_ws_src/install/yahboomcar_description:/home/kunama/PLCT/NAV2/yahboom_src_code/slam_ws_src/install/yahboomcar_ctrl:/home/kunama/PLCT/NAV2/yahboom_src_code/slam_ws_src/install/yahboomcar_bringup:/home/kunama/PLCT/NAV2/yahboom_src_code/slam_ws_src/install/yahboom_app_save_map:/home/kunama/PLCT/NAV2/yahboom_src_code/slam_ws_src/install/laserscan_to_point_publisher:/opt/ros/humble /usr/bin/cmake /mnt/nvme1n1p6/PLCT/NAV2/nav2_sim/src/robot_await -DAMENT_CMAKE_SYMLINK_INSTALL=1 -DCMAKE_INSTALL_PREFIX=/mnt/nvme1n1p6/PLCT/NAV2/nav2_sim/install/robot_await
[1.130s] Invoking command in '/mnt/nvme1n1p6/PLCT/NAV2/nav2_sim/build/robot_await': CMAKE_PREFIX_PATH=${CMAKE_PREFIX_PATH}:/home/kunama/PLCT/NAV2/yahboom_src_code/slam_ws_src/install/yahboomcar_nav:/home/kunama/PLCT/NAV2/yahboom_src_code/slam_ws_src/install/yahboomcar_description:/home/kunama/PLCT/NAV2/yahboom_src_code/slam_ws_src/install/yahboomcar_ctrl:/home/kunama/PLCT/NAV2/yahboom_src_code/slam_ws_src/install/yahboomcar_bringup:/home/kunama/PLCT/NAV2/yahboom_src_code/slam_ws_src/install/yahboom_app_save_map:/home/kunama/PLCT/NAV2/yahboom_src_code/slam_ws_src/install/laserscan_to_point_publisher:/opt/ros/humble /usr/bin/cmake --build /mnt/nvme1n1p6/PLCT/NAV2/nav2_sim/build/robot_await -- -j12 -l12
[1.206s] [ 50%] [32mBuilding CXX object CMakeFiles/robot_await.dir/src/robot_await_node.cpp.o[0m
[12.392s] [100%] [32m[1mLinking CXX executable robot_await[0m
[13.029s] [100%] Built target robot_await
[13.043s] Invoked command in '/mnt/nvme1n1p6/PLCT/NAV2/nav2_sim/build/robot_await' returned '0': CMAKE_PREFIX_PATH=${CMAKE_PREFIX_PATH}:/home/kunama/PLCT/NAV2/yahboom_src_code/slam_ws_src/install/yahboomcar_nav:/home/kunama/PLCT/NAV2/yahboom_src_code/slam_ws_src/install/yahboomcar_description:/home/kunama/PLCT/NAV2/yahboom_src_code/slam_ws_src/install/yahboomcar_ctrl:/home/kunama/PLCT/NAV2/yahboom_src_code/slam_ws_src/install/yahboomcar_bringup:/home/kunama/PLCT/NAV2/yahboom_src_code/slam_ws_src/install/yahboom_app_save_map:/home/kunama/PLCT/NAV2/yahboom_src_code/slam_ws_src/install/laserscan_to_point_publisher:/opt/ros/humble /usr/bin/cmake --build /mnt/nvme1n1p6/PLCT/NAV2/nav2_sim/build/robot_await -- -j12 -l12
[13.046s] Invoking command in '/mnt/nvme1n1p6/PLCT/NAV2/nav2_sim/build/robot_await': CMAKE_PREFIX_PATH=${CMAKE_PREFIX_PATH}:/home/kunama/PLCT/NAV2/yahboom_src_code/slam_ws_src/install/yahboomcar_nav:/home/kunama/PLCT/NAV2/yahboom_src_code/slam_ws_src/install/yahboomcar_description:/home/kunama/PLCT/NAV2/yahboom_src_code/slam_ws_src/install/yahboomcar_ctrl:/home/kunama/PLCT/NAV2/yahboom_src_code/slam_ws_src/install/yahboomcar_bringup:/home/kunama/PLCT/NAV2/yahboom_src_code/slam_ws_src/install/yahboom_app_save_map:/home/kunama/PLCT/NAV2/yahboom_src_code/slam_ws_src/install/laserscan_to_point_publisher:/opt/ros/humble /usr/bin/cmake --install /mnt/nvme1n1p6/PLCT/NAV2/nav2_sim/build/robot_await
[13.054s] -- Install configuration: ""
[13.054s] -- Execute custom install script
[13.055s] -- Symlinking: /mnt/nvme1n1p6/PLCT/NAV2/nav2_sim/install/robot_await/include/robot_await/robot_await.hpp
[13.076s] -- Symlinking: /mnt/nvme1n1p6/PLCT/NAV2/nav2_sim/install/robot_await/lib/robot_await/robot_await
[13.088s] -- Symlinking: /mnt/nvme1n1p6/PLCT/NAV2/nav2_sim/install/robot_await/share/robot_await//launch/robot_await_launch.py
[13.099s] -- Symlinking: /mnt/nvme1n1p6/PLCT/NAV2/nav2_sim/install/robot_await/share/ament_index/resource_index/package_run_dependencies/robot_await
[13.109s] -- Symlinking: /mnt/nvme1n1p6/PLCT/NAV2/nav2_sim/install/robot_await/share/ament_index/resource_index/parent_prefix_path/robot_await
[13.126s] -- Symlinking: /mnt/nvme1n1p6/PLCT/NAV2/nav2_sim/install/robot_await/share/robot_await/environment/ament_prefix_path.sh
[13.138s] -- Symlinking: /mnt/nvme1n1p6/PLCT/NAV2/nav2_sim/install/robot_await/share/robot_await/environment/ament_prefix_path.dsv
[13.149s] -- Symlinking: /mnt/nvme1n1p6/PLCT/NAV2/nav2_sim/install/robot_await/share/robot_await/environment/path.sh
[13.159s] -- Symlinking: /mnt/nvme1n1p6/PLCT/NAV2/nav2_sim/install/robot_await/share/robot_await/environment/path.dsv
[13.170s] -- Symlinking: /mnt/nvme1n1p6/PLCT/NAV2/nav2_sim/install/robot_await/share/robot_await/local_setup.bash
[13.182s] -- Symlinking: /mnt/nvme1n1p6/PLCT/NAV2/nav2_sim/install/robot_await/share/robot_await/local_setup.sh
[13.196s] -- Symlinking: /mnt/nvme1n1p6/PLCT/NAV2/nav2_sim/install/robot_await/share/robot_await/local_setup.zsh
[13.206s] -- Symlinking: /mnt/nvme1n1p6/PLCT/NAV2/nav2_sim/install/robot_await/share/robot_await/local_setup.dsv
[13.224s] -- Symlinking: /mnt/nvme1n1p6/PLCT/NAV2/nav2_sim/install/robot_await/share/robot_await/package.dsv
[13.247s] -- Symlinking: /mnt/nvme1n1p6/PLCT/NAV2/nav2_sim/install/robot_await/share/ament_index/resource_index/packages/robot_await
[13.269s] -- Symlinking: /mnt/nvme1n1p6/PLCT/NAV2/nav2_sim/install/robot_await/share/robot_await/cmake/robot_awaitConfig.cmake
[13.280s] -- Symlinking: /mnt/nvme1n1p6/PLCT/NAV2/nav2_sim/install/robot_await/share/robot_await/cmake/robot_awaitConfig-version.cmake
[13.302s] -- Symlinking: /mnt/nvme1n1p6/PLCT/NAV2/nav2_sim/install/robot_await/share/robot_await/package.xml
[13.317s] Invoked command in '/mnt/nvme1n1p6/PLCT/NAV2/nav2_sim/build/robot_await' returned '0': CMAKE_PREFIX_PATH=${CMAKE_PREFIX_PATH}:/home/kunama/PLCT/NAV2/yahboom_src_code/slam_ws_src/install/yahboomcar_nav:/home/kunama/PLCT/NAV2/yahboom_src_code/slam_ws_src/install/yahboomcar_description:/home/kunama/PLCT/NAV2/yahboom_src_code/slam_ws_src/install/yahboomcar_ctrl:/home/kunama/PLCT/NAV2/yahboom_src_code/slam_ws_src/install/yahboomcar_bringup:/home/kunama/PLCT/NAV2/yahboom_src_code/slam_ws_src/install/yahboom_app_save_map:/home/kunama/PLCT/NAV2/yahboom_src_code/slam_ws_src/install/laserscan_to_point_publisher:/opt/ros/humble /usr/bin/cmake --install /mnt/nvme1n1p6/PLCT/NAV2/nav2_sim/build/robot_await
